Archive member included to satisfy reference by file (symbol)

/usr/lib/gcc/arm-none-eabi/13.2.1/../../../arm-none-eabi/lib/thumb/v7-m/nofp/libc_nano.a(libc_a-rand.o)
                              ./Output/main.o (rand)
/usr/lib/gcc/arm-none-eabi/13.2.1/../../../arm-none-eabi/lib/thumb/v7-m/nofp/libc_nano.a(libc_a-assert.o)
                              /usr/lib/gcc/arm-none-eabi/13.2.1/../../../arm-none-eabi/lib/thumb/v7-m/nofp/libc_nano.a(libc_a-rand.o) (__assert_func)
/usr/lib/gcc/arm-none-eabi/13.2.1/../../../arm-none-eabi/lib/thumb/v7-m/nofp/libc_nano.a(libc_a-strlen-stub.o)
                              ./Output/tasks.o (strlen)
/usr/lib/gcc/arm-none-eabi/13.2.1/../../../arm-none-eabi/lib/thumb/v7-m/nofp/libc_nano.a(libc_a-impure.o)
                              /usr/lib/gcc/arm-none-eabi/13.2.1/../../../arm-none-eabi/lib/thumb/v7-m/nofp/libc_nano.a(libc_a-rand.o) (_impure_ptr)
/usr/lib/gcc/arm-none-eabi/13.2.1/../../../arm-none-eabi/lib/thumb/v7-m/nofp/libc_nano.a(libc_a-abort.o)
                              /usr/lib/gcc/arm-none-eabi/13.2.1/../../../arm-none-eabi/lib/thumb/v7-m/nofp/libc_nano.a(libc_a-assert.o) (abort)
/usr/lib/gcc/arm-none-eabi/13.2.1/../../../arm-none-eabi/lib/thumb/v7-m/nofp/libc_nano.a(libc_a-memset.o)
                              ./Output/tasks.o (memset)
/usr/lib/gcc/arm-none-eabi/13.2.1/../../../arm-none-eabi/lib/thumb/v7-m/nofp/libc_nano.a(libc_a-memcpy.o)
                              ./Output/queue.o (memcpy)
/usr/lib/gcc/arm-none-eabi/13.2.1/../../../arm-none-eabi/lib/thumb/v7-m/nofp/libc_nano.a(libc_a-malloc.o)
                              /usr/lib/gcc/arm-none-eabi/13.2.1/../../../arm-none-eabi/lib/thumb/v7-m/nofp/libc_nano.a(libc_a-rand.o) (malloc)
/usr/lib/gcc/arm-none-eabi/13.2.1/../../../arm-none-eabi/lib/thumb/v7-m/nofp/libc_nano.a(libc_a-fprintf.o)
                              /usr/lib/gcc/arm-none-eabi/13.2.1/../../../arm-none-eabi/lib/thumb/v7-m/nofp/libc_nano.a(libc_a-assert.o) (fiprintf)
/usr/lib/gcc/arm-none-eabi/13.2.1/../../../arm-none-eabi/lib/thumb/v7-m/nofp/libc_nano.a(libc_a-snprintf.o)
                              ./Output/main.o (snprintf)
/usr/lib/gcc/arm-none-eabi/13.2.1/../../../arm-none-eabi/lib/thumb/v7-m/nofp/libc_nano.a(libc_a-nano-vfprintf.o)
                              /usr/lib/gcc/arm-none-eabi/13.2.1/../../../arm-none-eabi/lib/thumb/v7-m/nofp/libc_nano.a(libc_a-fprintf.o) (_vfprintf_r)
/usr/lib/gcc/arm-none-eabi/13.2.1/../../../arm-none-eabi/lib/thumb/v7-m/nofp/libc_nano.a(libc_a-wbuf.o)
                              /usr/lib/gcc/arm-none-eabi/13.2.1/../../../arm-none-eabi/lib/thumb/v7-m/nofp/libc_nano.a(libc_a-nano-vfprintf.o) (__swbuf_r)
/usr/lib/gcc/arm-none-eabi/13.2.1/../../../arm-none-eabi/lib/thumb/v7-m/nofp/libc_nano.a(libc_a-nano-svfprintf.o)
                              /usr/lib/gcc/arm-none-eabi/13.2.1/../../../arm-none-eabi/lib/thumb/v7-m/nofp/libc_nano.a(libc_a-snprintf.o) (_svfprintf_r)
/usr/lib/gcc/arm-none-eabi/13.2.1/../../../arm-none-eabi/lib/thumb/v7-m/nofp/libc_nano.a(libc_a-fvwrite.o)
                              /usr/lib/gcc/arm-none-eabi/13.2.1/../../../arm-none-eabi/lib/thumb/v7-m/nofp/libc_nano.a(libc_a-nano-vfprintf.o) (__sfvwrite_r)
/usr/lib/gcc/arm-none-eabi/13.2.1/../../../arm-none-eabi/lib/thumb/v7-m/nofp/libc_nano.a(libc_a-signal.o)
                              /usr/lib/gcc/arm-none-eabi/13.2.1/../../../arm-none-eabi/lib/thumb/v7-m/nofp/libc_nano.a(libc_a-abort.o) (raise)
/usr/lib/gcc/arm-none-eabi/13.2.1/../../../arm-none-eabi/lib/thumb/v7-m/nofp/libc_nano.a(libc_a-findfp.o)
                              /usr/lib/gcc/arm-none-eabi/13.2.1/../../../arm-none-eabi/lib/thumb/v7-m/nofp/libc_nano.a(libc_a-nano-vfprintf.o) (__sinit)
/usr/lib/gcc/arm-none-eabi/13.2.1/../../../arm-none-eabi/lib/thumb/v7-m/nofp/libc_nano.a(libc_a-fflush.o)
                              /usr/lib/gcc/arm-none-eabi/13.2.1/../../../arm-none-eabi/lib/thumb/v7-m/nofp/libc_nano.a(libc_a-wbuf.o) (_fflush_r)
/usr/lib/gcc/arm-none-eabi/13.2.1/../../../arm-none-eabi/lib/thumb/v7-m/nofp/libc_nano.a(libc_a-mallocr.o)
                              /usr/lib/gcc/arm-none-eabi/13.2.1/../../../arm-none-eabi/lib/thumb/v7-m/nofp/libc_nano.a(libc_a-malloc.o) (_malloc_r)
/usr/lib/gcc/arm-none-eabi/13.2.1/../../../arm-none-eabi/lib/thumb/v7-m/nofp/libc_nano.a(libc_a-freer.o)
                              /usr/lib/gcc/arm-none-eabi/13.2.1/../../../arm-none-eabi/lib/thumb/v7-m/nofp/libc_nano.a(libc_a-malloc.o) (_free_r)
/usr/lib/gcc/arm-none-eabi/13.2.1/../../../arm-none-eabi/lib/thumb/v7-m/nofp/libc_nano.a(libc_a-memmove.o)
                              /usr/lib/gcc/arm-none-eabi/13.2.1/../../../arm-none-eabi/lib/thumb/v7-m/nofp/libc_nano.a(libc_a-nano-svfprintf.o) (memmove)
/usr/lib/gcc/arm-none-eabi/13.2.1/../../../arm-none-eabi/lib/thumb/v7-m/nofp/libc_nano.a(libc_a-fwalk.o)
                              /usr/lib/gcc/arm-none-eabi/13.2.1/../../../arm-none-eabi/lib/thumb/v7-m/nofp/libc_nano.a(libc_a-findfp.o) (_fwalk_sglue)
[...]
Memory Configuration

Name             Origin             Length             Attributes
FLASH            0x00000000         0x00400000         xr
RAM              0x20000000         0x00400000         rw
*default*        0x00000000         0xffffffff

Linker script and memory map

LOAD ./Output/tasks.o
LOAD ./Output/list.o
LOAD ./Output/queue.o
LOAD ./Output/timers.o
LOAD ./Output/heap_4.o
LOAD ./Output/port.o
LOAD ./Output/main.o
LOAD ./Output/uart.o
LOAD ./Output/startup.o
START GROUP
LOAD /usr/lib/gcc/arm-none-eabi/13.2.1/thumb/v7-m/nofp/libgcc.a
LOAD /usr/lib/gcc/arm-none-eabi/13.2.1/../../../arm-none-eabi/lib/thumb/v7-m/nofp/libc_nano.a
END GROUP
START GROUP
LOAD /usr/lib/gcc/arm-none-eabi/13.2.1/thumb/v7-m/nofp/libgcc.a
LOAD /usr/lib/gcc/arm-none-eabi/13.2.1/../../../arm-none-eabi/lib/thumb/v7-m/nofp/libc_nano.a
LOAD /usr/lib/gcc/arm-none-eabi/13.2.1/../../../arm-none-eabi/lib/thumb/v7-m/nofp/libnosys.a
END GROUP
START GROUP
LOAD /usr/lib/gcc/arm-none-eabi/13.2.1/thumb/v7-m/nofp/libgcc.a
LOAD /usr/lib/gcc/arm-none-eabi/13.2.1/../../../arm-none-eabi/lib/thumb/v7-m/nofp/libc_nano.a
LOAD /usr/lib/gcc/arm-none-eabi/13.2.1/../../../arm-none-eabi/lib/thumb/v7-m/nofp/libnosys.a
END GROUP
                0x00000008                        _Min_Heap_Size = 0x8
                0x00000400                        _Min_Stack_Size = 0x400
                0x20400000                        _estack = (ORIGIN (RAM) + LENGTH (RAM))

.isr_vector     0x00000000       0x78
                0x00000000                        __vector_table = .
 *(.isr_vector)
 .isr_vector    0x00000000       0x78 ./Output/startup.o
                0x00000000                isr_vector
                0x00000078                        . = ALIGN (0x4)

.text           0x00000078     0x23b5
 *(.text)
 .text          0x00000078       0xf0 /usr/lib/gcc/arm-none-eabi/13.2.1/../../../arm-none-eabi/lib/thumb/v7-m/nofp/libc_nano.a(libc_a-rand.o)
                0x00000078                srand
                0x000000dc                rand
 .text          0x00000168       0x4c /usr/lib/gcc/arm-none-eabi/13.2.1/../../../arm-none-eabi/lib/thumb/v7-m/nofp/libc_nano.a(libc_a-assert.o)
                0x00000168                __assert_func
                0x000001a8                __assert
 .text          0x000001b4       0x10 /usr/lib/gcc/arm-none-eabi/13.2.1/../../../arm-none-eabi/lib/thumb/v7-m/nofp/libc_nano.a(libc_a-abort.o)
                0x000001b4                abort
 .text          0x000001c4       0xa0 /usr/lib/gcc/arm-none-eabi/13.2.1/../../../arm-none-eabi/lib/thumb/v7-m/nofp/libc_nano.a(libc_a-memset.o)
                0x000001c4                memset
 .text          0x00000264       0xec /usr/lib/gcc/arm-none-eabi/13.2.1/../../../arm-none-eabi/lib/thumb/v7-m/nofp/libc_nano.a(libc_a-memcpy.o)
                0x00000264                memcpy
 .text          0x00000350       0x20 /usr/lib/gcc/arm-none-eabi/13.2.1/../../../arm-none-eabi/lib/thumb/v7-m/nofp/libc_nano.a(libc_a-malloc.o)
                0x00000350                malloc
                0x00000360                free
 .text          0x00000370       0x44 /usr/lib/gcc/arm-none-eabi/13.2.1/../../../arm-none-eabi/lib/thumb/v7-m/nofp/libc_nano.a(libc_a-fprintf.o)
                0x00000370                _fprintf_r
                0x00000370                _fiprintf_r
                0x0000038c                fprintf
                0x0000038c                fiprintf
 .text          0x000003b4      0x10c /usr/lib/gcc/arm-none-eabi/13.2.1/../../../arm-none-eabi/lib/thumb/v7-m/nofp/libc_nano.a(libc_a-snprintf.o)
                0x000003b4                _sniprintf_r
                0x000003b4                _snprintf_r
                0x00000434                snprintf
                0x00000434                sniprintf
 .text          0x000004c0      0x2ec /usr/lib/gcc/arm-none-eabi/13.2.1/../../../arm-none-eabi/lib/thumb/v7-m/nofp/libc_nano.a(libc_a-nano-vfprintf.o)
                0x000004e8                __sfputs_r
                0x00000518                __sprint_r
                0x00000538                _vfiprintf_r
                0x00000538                _vfprintf_r
                0x00000790                vfiprintf
                0x00000790                vfprintf
 .text          0x000007ac       0x9c /usr/lib/gcc/arm-none-eabi/13.2.1/../../../arm-none-eabi/lib/thumb/v7-m/nofp/libc_nano.a(libc_a-wbuf.o)
                0x000007ac                __swbuf_r
                0x00000834                __swbuf
 .text          0x00000848      0x400 /usr/lib/gcc/arm-none-eabi/13.2.1/../../../arm-none-eabi/lib/thumb/v7-m/nofp/libc_nano.a(libc_a-nano-svfprintf.o)
                0x00000848                __ssputs_r
                0x00000908                __ssprint_r
                0x00000a18                _svfprintf_r
                0x00000a18                _svfiprintf_r
 .text          0x00000c48      0x2ec /usr/lib/gcc/arm-none-eabi/13.2.1/../../../arm-none-eabi/lib/thumb/v7-m/nofp/libc_nano.a(libc_a-fvwrite.o)
                0x00000c48                __sfvwrite_r
 .text          0x00000f34      0x264 /usr/lib/gcc/arm-none-eabi/13.2.1/../../../arm-none-eabi/lib/thumb/v7-m/nofp/libc_nano.a(libc_a-signal.o)
                0x00000f34                _init_signal_r
                0x00000f60                _signal_r
                0x00000fac                _raise_r
                0x00000ffc                __sigtramp_r
                0x00001060                raise
                0x000010b4                signal
                0x00001100                _init_signal
                0x00001134                __sigtramp
 .text          0x00001198      0x224 /usr/lib/gcc/arm-none-eabi/13.2.1/../../../arm-none-eabi/lib/thumb/v7-m/nofp/libc_nano.a(libc_a-findfp.o)
                0x000012c8                __sfp
                0x0000136c                __sinit
                0x0000138c                __sfp_lock_acquire
                0x00001390                __sfp_lock_release
                0x00001394                __fp_lock_all
                0x000013a8                __fp_unlock_all
 .text          0x000013bc      0x198 /usr/lib/gcc/arm-none-eabi/13.2.1/../../../arm-none-eabi/lib/thumb/v7-m/nofp/libc_nano.a(libc_a-fflush.o)
                0x000013bc                __sflush_r
                0x000014d0                _fflush_r
                0x00001508                fflush
 .text          0x00001554      0x14c /usr/lib/gcc/arm-none-eabi/13.2.1/../../../arm-none-eabi/lib/thumb/v7-m/nofp/libc_nano.a(libc_a-mallocr.o)
                0x000015a0                _malloc_r
 .text          0x000016a0       0xbc /usr/lib/gcc/arm-none-eabi/13.2.1/../../../arm-none-eabi/lib/thumb/v7-m/nofp/libc_nano.a(libc_a-freer.o)
                0x000016a0                _free_r
 .text          0x0000175c       0xfc /usr/lib/gcc/arm-none-eabi/13.2.1/../../../arm-none-eabi/lib/thumb/v7-m/nofp/libc_nano.a(libc_a-memmove.o)
                0x0000175c                memmove
 .text          0x00001858       0x44 /usr/lib/gcc/arm-none-eabi/13.2.1/../../../arm-none-eabi/lib/thumb/v7-m/nofp/libc_nano.a(libc_a-fwalk.o)
                0x00001858                _fwalk_sglue
 .text          0x0000189c       0xc4 /usr/lib/gcc/arm-none-eabi/13.2.1/../../../arm-none-eabi/lib/thumb/v7-m/nofp/libc_nano.a(libc_a-wsetup.o)
                0x0000189c                __swsetup_r
 .text          0x00001960       0x64 /usr/lib/gcc/arm-none-eabi/13.2.1/../../../arm-none-eabi/lib/thumb/v7-m/nofp/libc_nano.a(libc_a-reallocr.o)
                0x00001960                _realloc_r
 .text          0x000019c4      0x3a8 /usr/lib/gcc/arm-none-eabi/13.2.1/../../../arm-none-eabi/lib/thumb/v7-m/nofp/libc_nano.a(libc_a-nano-vfprintf_i.o)
                0x000019c4                _printf_common
                0x00001ae8                _printf_i
 .text          0x00001d6c        0x8 /usr/lib/gcc/arm-none-eabi/13.2.1/../../../arm-none-eabi/lib/thumb/v7-m/nofp/libc_nano.a(libc_a-mlock.o)
                0x00001d6c                __malloc_lock
                0x00001d70                __malloc_unlock
 .text          0x00001d74      0x110 /usr/lib/gcc/arm-none-eabi/13.2.1/../../../arm-none-eabi/lib/thumb/v7-m/nofp/libc_nano.a(libc_a-makebuf.o)
                0x00001d74                __smakebuf_r
                0x00001e38                __swhatbuf_r
 .text          0x00001e84       0x98 /usr/lib/gcc/arm-none-eabi/13.2.1/../../../arm-none-eabi/lib/thumb/v7-m/nofp/libc_nano.a(libc_a-memchr-stub.o)
                0x00001e84                memchr
 .text          0x00001f1c       0x24 /usr/lib/gcc/arm-none-eabi/13.2.1/../../../arm-none-eabi/lib/thumb/v7-m/nofp/libc_nano.a(libc_a-isattyr.o)
                0x00001f1c                _isatty_r
 .text          0x00001f40       0x24 /usr/lib/gcc/arm-none-eabi/13.2.1/../../../arm-none-eabi/lib/thumb/v7-m/nofp/libc_nano.a(libc_a-sbrkr.o)
                0x00001f40                _sbrk_r
 .text          0x00001f64       0x94 /usr/lib/gcc/arm-none-eabi/13.2.1/../../../arm-none-eabi/lib/thumb/v7-m/nofp/libc_nano.a(libc_a-stdio.o)
                0x00001f64                __sread
                0x00001f88                __seofread
                0x00001f8c                __swrite
                0x00001fcc                __sseek
                0x00001ff0                __sclose
 .text          0x00001ff8       0x10 /usr/lib/gcc/arm-none-eabi/13.2.1/../../../arm-none-eabi/lib/thumb/v7-m/nofp/libc_nano.a(libc_a-msizer.o)
                0x00001ff8                _malloc_usable_size_r
 .text          0x00002008       0x2c /usr/lib/gcc/arm-none-eabi/13.2.1/../../../arm-none-eabi/lib/thumb/v7-m/nofp/libc_nano.a(libc_a-signalr.o)
                0x00002008                _kill_r
                0x00002030                _getpid_r
 .text          0x00002034       0x24 /usr/lib/gcc/arm-none-eabi/13.2.1/../../../arm-none-eabi/lib/thumb/v7-m/nofp/libc_nano.a(libc_a-closer.o)
                0x00002034                _close_r
 .text          0x00002058       0x2c /usr/lib/gcc/arm-none-eabi/13.2.1/../../../arm-none-eabi/lib/thumb/v7-m/nofp/libc_nano.a(libc_a-readr.o)
                0x00002058                _read_r
 .text          0x00002084       0x28 /usr/lib/gcc/arm-none-eabi/13.2.1/../../../arm-none-eabi/lib/thumb/v7-m/nofp/libc_nano.a(libc_a-fstatr.o)
                0x00002084                _fstat_r
 .text          0x000020ac       0x2c /usr/lib/gcc/arm-none-eabi/13.2.1/../../../arm-none-eabi/lib/thumb/v7-m/nofp/libc_nano.a(libc_a-lseekr.o)
                0x000020ac                _lseek_r
 .text          0x000020d8       0x2c /usr/lib/gcc/arm-none-eabi/13.2.1/../../../arm-none-eabi/lib/thumb/v7-m/nofp/libc_nano.a(libc_a-writer.o)
                0x000020d8                _write_r
 .text          0x00002104       0x10 /usr/lib/gcc/arm-none-eabi/13.2.1/../../../arm-none-eabi/lib/thumb/v7-m/nofp/libnosys.a(close.o)
                0x00002104                _close
 .text          0x00002114       0x10 /usr/lib/gcc/arm-none-eabi/13.2.1/../../../arm-none-eabi/lib/thumb/v7-m/nofp/libnosys.a(fstat.o)
                0x00002114                _fstat
 .text          0x00002124       0x10 /usr/lib/gcc/arm-none-eabi/13.2.1/../../../arm-none-eabi/lib/thumb/v7-m/nofp/libnosys.a(getpid.o)
                0x00002124                _getpid
 .text          0x00002134       0x10 /usr/lib/gcc/arm-none-eabi/13.2.1/../../../arm-none-eabi/lib/thumb/v7-m/nofp/libnosys.a(isatty.o)
                0x00002134                _isatty
 .text          0x00002144       0x10 /usr/lib/gcc/arm-none-eabi/13.2.1/../../../arm-none-eabi/lib/thumb/v7-m/nofp/libnosys.a(kill.o)
                0x00002144                _kill
 .text          0x00002154       0x10 /usr/lib/gcc/arm-none-eabi/13.2.1/../../../arm-none-eabi/lib/thumb/v7-m/nofp/libnosys.a(lseek.o)
                0x00002154                _lseek
 .text          0x00002164       0x10 /usr/lib/gcc/arm-none-eabi/13.2.1/../../../arm-none-eabi/lib/thumb/v7-m/nofp/libnosys.a(read.o)
                0x00002164                _read
 .text          0x00002174       0x1c /usr/lib/gcc/arm-none-eabi/13.2.1/../../../arm-none-eabi/lib/thumb/v7-m/nofp/libnosys.a(sbrk.o)
                0x00002174                _sbrk
 .text          0x00002190       0x10 /usr/lib/gcc/arm-none-eabi/13.2.1/../../../arm-none-eabi/lib/thumb/v7-m/nofp/libnosys.a(write.o)
                0x00002190                _write
 .text          0x000021a0        0x4 /usr/lib/gcc/arm-none-eabi/13.2.1/../../../arm-none-eabi/lib/thumb/v7-m/nofp/libnosys.a(_exit.o)
                0x000021a0                _exit
 *(.rodata*)
 .rodata.vTaskStartScheduler.str1.1
                0x000021a4      0x1c8 ./Output/tasks.o
                                  0x5 (size before relaxing)
 .rodata.uxTopUsedPriority
                0x0000236c        0x4 ./Output/tasks.o
 .rodata.prvCheckForValidListAndQueue.str1.1
                0x00002370        0x5 ./Output/timers.o
 .rodata.xTimerCreateTimerTask.str1.1
                0x00002370        0x8 ./Output/timers.o
 .rodata.myTimerCallback.str1.1
                0x00002370       0x3d ./Output/main.o
 .rodata.Task_Analyzer.str1.1
                0x00002370       0x95 ./Output/main.o
 .rodata.main.str1.1
                0x00002370       0xae ./Output/main.o
 .rodata.prvGetRegistersFromStack.str1.1
                0x00002370       0x36 ./Output/startup.o
 .rodata.str1.4
                0x00002370       0xbd /usr/lib/gcc/arm-none-eabi/13.2.1/../../../arm-none-eabi/lib/thumb/v7-m/nofp/libc_nano.a(libc_a-rand.o)
                                 0x44 (size before relaxing)
 .rodata.str1.4
                0x0000242d       0x43 /usr/lib/gcc/arm-none-eabi/13.2.1/../../../arm-none-eabi/lib/thumb/v7-m/nofp/libc_nano.a(libc_a-assert.o)
 .rodata.str1.4
                0x0000242d       0x13 /usr/lib/gcc/arm-none-eabi/13.2.1/../../../arm-none-eabi/lib/thumb/v7-m/nofp/libc_nano.a(libc_a-nano-vfprintf.o)
 .rodata.str1.4
                0x0000242d       0x13 /usr/lib/gcc/arm-none-eabi/13.2.1/../../../arm-none-eabi/lib/thumb/v7-m/nofp/libc_nano.a(libc_a-nano-svfprintf.o)
 .rodata.str1.4
                0x0000242d       0x25 /usr/lib/gcc/arm-none-eabi/13.2.1/../../../arm-none-eabi/lib/thumb/v7-m/nofp/libc_nano.a(libc_a-nano-vfprintf_i.o)
 *(.constdata*)
                0x0000242d                        _etext = .
                0x0000242d                        _sidata = .

.glue_7         0x00002430        0x0
 .glue_7        0x00002430        0x0 linker stubs

.glue_7t        0x00002430        0x0
 .glue_7t       0x00002430        0x0 linker stubs

.vfp11_veneer   0x00002430        0x0
 .vfp11_veneer  0x00002430        0x0 linker stubs

.v4_bx          0x00002430        0x0
 .v4_bx         0x00002430        0x0 linker stubs

.text.prvAddCurrentTaskToDelayedList
                0x00002430       0xb4
 .text.prvAddCurrentTaskToDelayedList
                0x00002430       0xb4 ./Output/tasks.o

.text.prvResetNextTaskUnblockTime
                0x000024e4       0x24
 .text.prvResetNextTaskUnblockTime
                0x000024e4       0x24 ./Output/tasks.o

.text.prvCheckTasksWaitingTermination
                0x00002508       0x48
 .text.prvCheckTasksWaitingTermination
                0x00002508       0x48 ./Output/tasks.o

.text.prvIdleTask
                0x00002550        0x8
 .text.prvIdleTask
                0x00002550        0x8 ./Output/tasks.o

.text.xTaskCreate
                0x00002558      0x1c0
 .text.xTaskCreate
                0x00002558      0x1c0 ./Output/tasks.o
                0x00002558                xTaskCreate

.text.vTaskStartScheduler
                0x00002718       0x88
 .text.vTaskStartScheduler
                0x00002718       0x88 ./Output/tasks.o
                0x00002718                vTaskStartScheduler

.text.vTaskSuspendAll
                0x000027a0       0x10
 .text.vTaskSuspendAll
                0x000027a0       0x10 ./Output/tasks.o
                0x000027a0                vTaskSuspendAll

.text.xTaskGetTickCount
                0x000027b0        0xc
 .text.xTaskGetTickCount
                0x000027b0        0xc ./Output/tasks.o
                0x000027b0                xTaskGetTickCount

.text.uxTaskGetNumberOfTasks
                0x000027bc        0xc
 .text.uxTaskGetNumberOfTasks
                0x000027bc        0xc ./Output/tasks.o
                0x000027bc                uxTaskGetNumberOfTasks

.text.xTaskIncrementTick
                0x000027c8      0x180
 .text.xTaskIncrementTick
                0x000027c8      0x180 ./Output/tasks.o
                0x000027c8                xTaskIncrementTick

.text.xTaskResumeAll
                0x00002948      0x150
 .text.xTaskResumeAll
                0x00002948      0x150 ./Output/tasks.o
                0x00002948                xTaskResumeAll

.text.vTaskDelay
                0x00002a98       0x3c
 .text.vTaskDelay
                0x00002a98       0x3c ./Output/tasks.o
                0x00002a98                vTaskDelay

.text.vTaskSwitchContext
                0x00002ad4       0x68
 .text.vTaskSwitchContext
                0x00002ad4       0x68 ./Output/tasks.o
                0x00002ad4                vTaskSwitchContext

.text.vTaskPlaceOnEventList
                0x00002b3c       0x24
 .text.vTaskPlaceOnEventList
                0x00002b3c       0x24 ./Output/tasks.o
                0x00002b3c                vTaskPlaceOnEventList

.text.vTaskPlaceOnEventListRestricted
                0x00002b60       0x4c
 .text.vTaskPlaceOnEventListRestricted
                0x00002b60       0x4c ./Output/tasks.o
                0x00002b60                vTaskPlaceOnEventListRestricted

.text.xTaskRemoveFromEventList
                0x00002bac       0xbc
 .text.xTaskRemoveFromEventList
                0x00002bac       0xbc ./Output/tasks.o
                0x00002bac                xTaskRemoveFromEventList

.text.vTaskInternalSetTimeOutState
                0x00002c68       0x18
 .text.vTaskInternalSetTimeOutState
                0x00002c68       0x18 ./Output/tasks.o
                0x00002c68                vTaskInternalSetTimeOutState

.text.xTaskCheckForTimeOut
                0x00002c80       0x70
 .text.xTaskCheckForTimeOut
                0x00002c80       0x70 ./Output/tasks.o
                0x00002c80                xTaskCheckForTimeOut

.text.vTaskMissedYield
                0x00002cf0        0xc
 .text.vTaskMissedYield
                0x00002cf0        0xc ./Output/tasks.o
                0x00002cf0                vTaskMissedYield

.text.xTaskGetSchedulerState
                0x00002cfc       0x20
 .text.xTaskGetSchedulerState
                0x00002cfc       0x20 ./Output/tasks.o
                0x00002cfc                xTaskGetSchedulerState

.text.xTaskPriorityInherit
                0x00002d1c       0xa0
 .text.xTaskPriorityInherit
                0x00002d1c       0xa0 ./Output/tasks.o
                0x00002d1c                xTaskPriorityInherit

.text.xTaskPriorityDisinherit
                0x00002dbc       0x84
 .text.xTaskPriorityDisinherit
                0x00002dbc       0x84 ./Output/tasks.o
                0x00002dbc                xTaskPriorityDisinherit

.text.vTaskPriorityDisinheritAfterTimeout
                0x00002e40       0x94
 .text.vTaskPriorityDisinheritAfterTimeout
                0x00002e40       0x94 ./Output/tasks.o
                0x00002e40                vTaskPriorityDisinheritAfterTimeout

.text.pvTaskIncrementMutexHeldCount
                0x00002ed4       0x14
 .text.pvTaskIncrementMutexHeldCount
                0x00002ed4       0x14 ./Output/tasks.o
                0x00002ed4                pvTaskIncrementMutexHeldCount

.iplt           0x00002ee8        0x0
 .iplt          0x00002ee8        0x0 ./Output/tasks.o

.text.vListInitialise
                0x00002ee8       0x16
 .text.vListInitialise
                0x00002ee8       0x16 ./Output/list.o
                0x00002ee8                vListInitialise

.text.vListInitialiseItem
                0x00002efe        0x6
 .text.vListInitialiseItem
                0x00002efe        0x6 ./Output/list.o
                0x00002efe                vListInitialiseItem

.text.vListInsert
                0x00002f04       0x2e
 .text.vListInsert
                0x00002f04       0x2e ./Output/list.o
                0x00002f04                vListInsert

.text.uxListRemove
                0x00002f32       0x1e
 .text.uxListRemove
                0x00002f32       0x1e ./Output/list.o
                0x00002f32                uxListRemove

.text.prvIsQueueEmpty
                0x00002f50       0x16
 .text.prvIsQueueEmpty
                0x00002f50       0x16 ./Output/queue.o

.text.prvCopyDataToQueue
                0x00002f66       0x66
 .text.prvCopyDataToQueue
                0x00002f66       0x66 ./Output/queue.o

.text.prvCopyDataFromQueue
                0x00002fcc       0x28
 .text.prvCopyDataFromQueue
                0x00002fcc       0x28 ./Output/queue.o

.text.prvNotifyQueueSetContainer
                0x00002ff4       0x64
 .text.prvNotifyQueueSetContainer
                0x00002ff4       0x64 ./Output/queue.o

.text.prvUnlockQueue
                0x00003058       0x78
 .text.prvUnlockQueue
                0x00003058       0x78 ./Output/queue.o

.text.xQueueGenericReset
                0x000030d0       0x7a
 .text.xQueueGenericReset
                0x000030d0       0x7a ./Output/queue.o
                0x000030d0                xQueueGenericReset

.text.xQueueGenericCreate
                0x0000314a       0x42
 .text.xQueueGenericCreate
                0x0000314a       0x42 ./Output/queue.o
                0x0000314a                xQueueGenericCreate

.text.xQueueGenericSend
                0x0000318c      0x138
 .text.xQueueGenericSend
                0x0000318c      0x138 ./Output/queue.o
                0x0000318c                xQueueGenericSend

.text.xQueueReceive
                0x000032c4      0x10c
 .text.xQueueReceive
                0x000032c4      0x10c ./Output/queue.o
                0x000032c4                xQueueReceive

.text.xQueueSemaphoreTake
                0x000033d0      0x138
 .text.xQueueSemaphoreTake
                0x000033d0      0x138 ./Output/queue.o
                0x000033d0                xQueueSemaphoreTake

.text.vQueueAddToRegistry
                0x00003508       0x40
 .text.vQueueAddToRegistry
                0x00003508       0x40 ./Output/queue.o
                0x00003508                vQueueAddToRegistry

.text.vQueueWaitForMessageRestricted
                0x00003548       0x46
 .text.vQueueWaitForMessageRestricted
                0x00003548       0x46 ./Output/queue.o
                0x00003548                vQueueWaitForMessageRestricted

.text.prvInsertTimerInActiveList
                0x00003590       0x3c
 .text.prvInsertTimerInActiveList
                0x00003590       0x3c ./Output/timers.o

.text.prvReloadTimer
                0x000035cc       0x26
 .text.prvReloadTimer
                0x000035cc       0x26 ./Output/timers.o

.text.prvProcessExpiredTimer
                0x000035f4       0x40
 .text.prvProcessExpiredTimer
                0x000035f4       0x40 ./Output/timers.o

.text.prvSampleTimeNow
                0x00003634       0x4c
 .text.prvSampleTimeNow
                0x00003634       0x4c ./Output/timers.o

.text.prvTimerTask
                0x00003680      0x170
 .text.prvTimerTask
                0x00003680      0x170 ./Output/timers.o

.text.prvCheckForValidListAndQueue
                0x000037f0       0x58
 .text.prvCheckForValidListAndQueue
                0x000037f0       0x58 ./Output/timers.o

.text.xTimerCreateTimerTask
                0x00003848       0x3c
 .text.xTimerCreateTimerTask
                0x00003848       0x3c ./Output/timers.o
                0x00003848                xTimerCreateTimerTask

.text.xTimerCreate
                0x00003884       0x4a
 .text.xTimerCreate
                0x00003884       0x4a ./Output/timers.o
                0x00003884                xTimerCreate

.text.xTimerGenericCommandFromTask
                0x000038d0       0x3c
 .text.xTimerGenericCommandFromTask
                0x000038d0       0x3c ./Output/timers.o
                0x000038d0                xTimerGenericCommandFromTask

.text.pvPortMalloc
                0x0000390c      0x130
 .text.pvPortMalloc
                0x0000390c      0x130 ./Output/heap_4.o
                0x0000390c                pvPortMalloc

.text.vPortFree
                0x00003a3c       0xbc
 .text.vPortFree
                0x00003a3c       0xbc ./Output/heap_4.o
                0x00003a3c                vPortFree

.text.prvTaskExitError
                0x00003af8       0x34
 .text.prvTaskExitError
                0x00003af8       0x34 ./Output/port.o

.text.vPortSVCHandler
                0x00003b2c       0x24
 .text.vPortSVCHandler
                0x00003b2c       0x24 ./Output/port.o
                0x00003b2c                vPortSVCHandler

.text.prvPortStartFirstTask
                0x00003b50       0x20
 .text.prvPortStartFirstTask
                0x00003b50       0x20 ./Output/port.o

.text.xPortPendSVHandler
                0x00003b70       0x44
 .text.xPortPendSVHandler
                0x00003b70       0x44 ./Output/port.o
                0x00003b70                xPortPendSVHandler

.text.pxPortInitialiseStack
                0x00003bb4       0x24
 .text.pxPortInitialiseStack
                0x00003bb4       0x24 ./Output/port.o
                0x00003bb4                pxPortInitialiseStack

.text.vPortEnterCritical
                0x00003bd8       0x34
 .text.vPortEnterCritical
                0x00003bd8       0x34 ./Output/port.o
                0x00003bd8                vPortEnterCritical

.text.vPortExitCritical
                0x00003c0c       0x18
 .text.vPortExitCritical
                0x00003c0c       0x18 ./Output/port.o
                0x00003c0c                vPortExitCritical

.text.xPortSysTickHandler
                0x00003c24       0x30
 .text.xPortSysTickHandler
                0x00003c24       0x30 ./Output/port.o
                0x00003c24                xPortSysTickHandler

.text.vPortSetupTimerInterrupt
                0x00003c54       0x16
 .text.vPortSetupTimerInterrupt
                0x00003c54       0x16 ./Output/port.o
                0x00003c54                vPortSetupTimerInterrupt

.text.xPortStartScheduler
                0x00003c6c       0xe4
 .text.xPortStartScheduler
                0x00003c6c       0xe4 ./Output/port.o
                0x00003c6c                xPortStartScheduler

.text.myTimerCallback
                0x00003d50       0xb4
 .text.myTimerCallback
                0x00003d50       0xb4 ./Output/main.o
                0x00003d50                myTimerCallback

.text.Task_Sniffing
                0x00003e04       0x2c
 .text.Task_Sniffing
                0x00003e04       0x2c ./Output/main.o
                0x00003e04                Task_Sniffing

.text.Task_Analyzer
                0x00003e30       0xb4
 .text.Task_Analyzer
                0x00003e30       0xb4 ./Output/main.o
                0x00003e30                Task_Analyzer

.text.startup.main
                0x00003ee4       0xe8
 .text.startup.main
                0x00003ee4       0xe8 ./Output/main.o
                0x00003ee4                main

.text.UART_init
                0x00003fcc        0xe
 .text.UART_init
                0x00003fcc        0xe ./Output/uart.o
                0x00003fcc                UART_init

.text.UART_print_int
                0x00003fda       0x5c
 .text.UART_print_int
                0x00003fda       0x5c ./Output/uart.o
                0x00003fda                UART_print_int

.text.UART_printf
                0x00004036       0x3e
 .text.UART_printf
                0x00004036       0x3e ./Output/uart.o
                0x00004036                UART_printf

.text.Default_Handler
                0x00004100        0xc
 .text.Default_Handler
                0x00004100        0xc ./Output/startup.o

.text.HardFault_Handler
                0x00004200       0x18
 .text.HardFault_Handler
                0x00004200       0x18 ./Output/startup.o

.text.Reset_Handler
                0x00004218        0x4
 .text.Reset_Handler
                0x00004218        0x4 ./Output/startup.o
                0x00004218                Reset_Handler

.text.prvGetRegistersFromStack
                0x0000421c       0x60
 .text.prvGetRegistersFromStack
                0x0000421c       0x60 ./Output/startup.o
                0x0000421c                prvGetRegistersFromStack

.rel.dyn        0x0000427c        0x0
 .rel.iplt      0x0000427c        0x0 ./Output/tasks.o

.ARM.exidx      0x0000427c        0x8
 .ARM.exidx     0x0000427c        0x8 /usr/lib/gcc/arm-none-eabi/13.2.1/../../../arm-none-eabi/lib/thumb/v7-m/nofp/libc_nano.a(libc_a-memcpy.o)

.data           0x20000000       0x5c
                0x20000000                        . = ALIGN (0x8)
                0x20000000                        _data = .
                0x20000000                        _sdata = .
 *(vtable)
 *(.data)
 .data          0x20000000       0x50 /usr/lib/gcc/arm-none-eabi/13.2.1/../../../arm-none-eabi/lib/thumb/v7-m/nofp/libc_nano.a(libc_a-impure.o)
                0x20000000                _impure_ptr
                0x20000004                _impure_data
 .data          0x20000050        0xc /usr/lib/gcc/arm-none-eabi/13.2.1/../../../arm-none-eabi/lib/thumb/v7-m/nofp/libc_nano.a(libc_a-findfp.o)
                0x20000050                __sglue
                0x2000005c                        _edata = .

.igot.plt       0x2000005c        0x0
 .igot.plt      0x2000005c        0x0 ./Output/tasks.o

.data.uxCriticalNesting
                0x2000005c        0x4
 .data.uxCriticalNesting
                0x2000005c        0x4 ./Output/port.o

.bss            0x20000060      0x14c
                0x20000060                        . = ALIGN (0x8)
                0x20000060                        _bss = .
                0x20000060                        _sbss = .
 *(.bss)
 .bss           0x20000060      0x13c /usr/lib/gcc/arm-none-eabi/13.2.1/../../../arm-none-eabi/lib/thumb/v7-m/nofp/libc_nano.a(libc_a-findfp.o)
                0x20000060                __sf
                0x20000198                __stdio_exit_handler
 .bss           0x2000019c        0x8 /usr/lib/gcc/arm-none-eabi/13.2.1/../../../arm-none-eabi/lib/thumb/v7-m/nofp/libc_nano.a(libc_a-mallocr.o)
                0x2000019c                __malloc_sbrk_start
                0x200001a0                __malloc_free_list
 .bss           0x200001a4        0x4 /usr/lib/gcc/arm-none-eabi/13.2.1/../../../arm-none-eabi/lib/thumb/v7-m/nofp/libc_nano.a(libc_a-reent.o)
                0x200001a4                errno
 .bss           0x200001a8        0x4 /usr/lib/gcc/arm-none-eabi/13.2.1/../../../arm-none-eabi/lib/thumb/v7-m/nofp/libnosys.a(sbrk.o)
                0x200001ac                        _ebss = .

.bss.uxSchedulerSuspended
                0x200001ac        0x4
 .bss.uxSchedulerSuspended
                0x200001ac        0x4 ./Output/tasks.o

.bss.xIdleTaskHandles
                0x200001b0        0x4
 .bss.xIdleTaskHandles
                0x200001b0        0x4 ./Output/tasks.o

.bss.xNextTaskUnblockTime
                0x200001b4        0x4
 .bss.xNextTaskUnblockTime
                0x200001b4        0x4 ./Output/tasks.o

.bss.uxTaskNumber
                0x200001b8        0x4
 .bss.uxTaskNumber
                0x200001b8        0x4 ./Output/tasks.o

.bss.xNumOfOverflows
                0x200001bc        0x4
 .bss.xNumOfOverflows
                0x200001bc        0x4 ./Output/tasks.o

.bss.xYieldPendings
                0x200001c0        0x4
 .bss.xYieldPendings
                0x200001c0        0x4 ./Output/tasks.o

.bss.xPendedTicks
                0x200001c4        0x4
 .bss.xPendedTicks
                0x200001c4        0x4 ./Output/tasks.o

.bss.xSchedulerRunning
                0x200001c8        0x4
 .bss.xSchedulerRunning
                0x200001c8        0x4 ./Output/tasks.o

.bss.uxTopReadyPriority
                0x200001cc        0x4
 .bss.uxTopReadyPriority
                0x200001cc        0x4 ./Output/tasks.o

.bss.xTickCount
                0x200001d0        0x4
 .bss.xTickCount
                0x200001d0        0x4 ./Output/tasks.o

.bss.uxCurrentNumberOfTasks
                0x200001d4        0x4
 .bss.uxCurrentNumberOfTasks
                0x200001d4        0x4 ./Output/tasks.o

.bss.xSuspendedTaskList
                0x200001d8       0x14
 .bss.xSuspendedTaskList
                0x200001d8       0x14 ./Output/tasks.o

.bss.uxDeletedTasksWaitingCleanUp
                0x200001ec        0x4
 .bss.uxDeletedTasksWaitingCleanUp
                0x200001ec        0x4 ./Output/tasks.o

.bss.xTasksWaitingTermination
                0x200001f0       0x14
 .bss.xTasksWaitingTermination
                0x200001f0       0x14 ./Output/tasks.o

.bss.xPendingReadyList
                0x20000204       0x14
 .bss.xPendingReadyList
                0x20000204       0x14 ./Output/tasks.o

.bss.pxOverflowDelayedTaskList
                0x20000218        0x4
 .bss.pxOverflowDelayedTaskList
                0x20000218        0x4 ./Output/tasks.o

.bss.pxDelayedTaskList
                0x2000021c        0x4
 .bss.pxDelayedTaskList
                0x2000021c        0x4 ./Output/tasks.o

.bss.xDelayedTaskList2
                0x20000220       0x14
 .bss.xDelayedTaskList2
                0x20000220       0x14 ./Output/tasks.o

.bss.xDelayedTaskList1
                0x20000234       0x14
 .bss.xDelayedTaskList1
                0x20000234       0x14 ./Output/tasks.o

.bss.pxReadyTasksLists
                0x20000248       0xb4
 .bss.pxReadyTasksLists
                0x20000248       0xb4 ./Output/tasks.o

.bss.pxCurrentTCB
                0x200002fc        0x4
 .bss.pxCurrentTCB
                0x200002fc        0x4 ./Output/tasks.o
                0x200002fc                pxCurrentTCB

.bss.xQueueRegistry
                0x20000300       0x50
 .bss.xQueueRegistry
                0x20000300       0x50 ./Output/queue.o
                0x20000300                xQueueRegistry

.bss.xLastTime.0
                0x20000350        0x4
 .bss.xLastTime.0
                0x20000350        0x4 ./Output/timers.o

.bss.xTimerTaskHandle
                0x20000354        0x4
 .bss.xTimerTaskHandle
                0x20000354        0x4 ./Output/timers.o

.bss.xTimerQueue
                0x20000358        0x4
 .bss.xTimerQueue
                0x20000358        0x4 ./Output/timers.o

.bss.pxOverflowTimerList
                0x2000035c        0x4
 .bss.pxOverflowTimerList
                0x2000035c        0x4 ./Output/timers.o

.bss.pxCurrentTimerList
                0x20000360        0x4
 .bss.pxCurrentTimerList
                0x20000360        0x4 ./Output/timers.o

.bss.xActiveTimerList2
                0x20000364       0x14
 .bss.xActiveTimerList2
                0x20000364       0x14 ./Output/timers.o

.bss.xActiveTimerList1
                0x20000378       0x14
 .bss.xActiveTimerList1
                0x20000378       0x14 ./Output/timers.o

.bss.xNumberOfSuccessfulFrees
                0x2000038c        0x4
 .bss.xNumberOfSuccessfulFrees
                0x2000038c        0x4 ./Output/heap_4.o

.bss.xNumberOfSuccessfulAllocations
                0x20000390        0x4
 .bss.xNumberOfSuccessfulAllocations
                0x20000390        0x4 ./Output/heap_4.o

.bss.xMinimumEverFreeBytesRemaining
                0x20000394        0x4
 .bss.xMinimumEverFreeBytesRemaining
                0x20000394        0x4 ./Output/heap_4.o

.bss.xFreeBytesRemaining
                0x20000398        0x4
 .bss.xFreeBytesRemaining
                0x20000398        0x4 ./Output/heap_4.o

.bss.pxEnd      0x2000039c        0x4
 .bss.pxEnd     0x2000039c        0x4 ./Output/heap_4.o

.bss.xStart     0x200003a0        0x8
 .bss.xStart    0x200003a0        0x8 ./Output/heap_4.o

.bss.ucHeap     0x200003a8     0xf000
 .bss.ucHeap    0x200003a8     0xf000 ./Output/heap_4.o

.bss.ulMaxPRIGROUPValue
                0x2000f3a8        0x4
 .bss.ulMaxPRIGROUPValue
                0x2000f3a8        0x4 ./Output/port.o

.bss.ucMaxSysCallPriority
                0x2000f3ac        0x1
 .bss.ucMaxSysCallPriority
                0x2000f3ac        0x1 ./Output/port.o

.bss.Packets_ID
                0x2000f3b0        0x4
 .bss.Packets_ID
                0x2000f3b0        0x4 ./Output/main.o
                0x2000f3b0                Packets_ID

.bss.Sniffing_Timer
                0x2000f3b4        0x4
 .bss.Sniffing_Timer
                0x2000f3b4        0x4 ./Output/main.o
                0x2000f3b4                Sniffing_Timer

.bss.Semaphore_Packet
                0x2000f3b8        0x4
 .bss.Semaphore_Packet
                0x2000f3b8        0x4 ./Output/main.o
                0x2000f3b8                Semaphore_Packet

.bss.Low_queue  0x2000f3bc        0x4
 .bss.Low_queue
                0x2000f3bc        0x4 ./Output/main.o
                0x2000f3bc                Low_queue

.bss.Normal_queue
                0x2000f3c0        0x4
 .bss.Normal_queue
                0x2000f3c0        0x4 ./Output/main.o
                0x2000f3c0                Normal_queue

.bss.Critical_queue
                0x2000f3c4        0x4
 .bss.Critical_queue
                0x2000f3c4        0x4 ./Output/main.o
                0x2000f3c4                Critical_queue

.bss.psr        0x2000f3c8        0x4
 .bss.psr       0x2000f3c8        0x4 ./Output/startup.o
                0x2000f3c8                psr

.bss.pc         0x2000f3cc        0x4
 .bss.pc        0x2000f3cc        0x4 ./Output/startup.o
                0x2000f3cc                pc

.bss.lr         0x2000f3d0        0x4
 .bss.lr        0x2000f3d0        0x4 ./Output/startup.o
                0x2000f3d0                lr

.bss.r12        0x2000f3d4        0x4
 .bss.r12       0x2000f3d4        0x4 ./Output/startup.o
                0x2000f3d4                r12

.bss.r3         0x2000f3d8        0x4
 .bss.r3        0x2000f3d8        0x4 ./Output/startup.o
                0x2000f3d8                r3

.bss.r2         0x2000f3dc        0x4
 .bss.r2        0x2000f3dc        0x4 ./Output/startup.o
                0x2000f3dc                r2

.bss.r1         0x2000f3e0        0x4
 .bss.r1        0x2000f3e0        0x4 ./Output/startup.o
                0x2000f3e0                r1

.bss.r0         0x2000f3e4        0x4
 .bss.r0        0x2000f3e4        0x4 ./Output/startup.o
                0x2000f3e4                r0

.heap           0x2000f3e8      0x408
                0x2000f3e8                        . = ALIGN (0x8)
                0x2000f3e8                        PROVIDE (end = .)
                [!provide]                        PROVIDE (_end = .)
                0x2000f3e8                        _heap_bottom = .
                0x2000f3f0                        . = (. + _Min_Heap_Size)
 *fill*         0x2000f3e8        0x8 
                0x2000f3f0                        _heap_top = .
                0x2000f7f0                        . = (. + _Min_Stack_Size)
 *fill*         0x2000f3f0      0x400 
                0x2000f7f0                        . = ALIGN (0x8)
                0x20400000                        __StackTop = (ORIGIN (RAM) + LENGTH (RAM))
                0x203ffc00                        __StackLimit = (__StackTop - _Min_Stack_Size)
                [!provide]                        PROVIDE (__stack = __StackTop)
                0x00000001                        ASSERT ((__StackLimit >= _heap_top), region RAM overflowed with stack)
OUTPUT(./Output/demo.elf elf32-littlearm)
LOAD linker stubs

.debug_info     0x00000000    0x1bfa6
 .debug_info    0x00000000     0x314f ./Output/tasks.o
 .debug_info    0x0000314f      0x2b2 ./Output/list.o
 .debug_info    0x00003401     0x2344 ./Output/queue.o
 .debug_info    0x00005745     0x146c ./Output/timers.o
 .debug_info    0x00006bb1      0x5d7 ./Output/heap_4.o
 .debug_info    0x00007188      0x465 ./Output/port.o
 .debug_info    0x000075ed      0x7ea ./Output/main.o
 .debug_info    0x00007dd7      0x1b9 ./Output/uart.o
 .debug_info    0x00007f90      0x1fc ./Output/startup.o
 .debug_info    0x0000818c      0x851 /usr/lib/gcc/arm-none-eabi/13.2.1/../../../arm-none-eabi/lib/thumb/v7-m/nofp/libc_nano.a(libc_a-rand.o)
 .debug_info    0x000089dd      0x825 /usr/lib/gcc/arm-none-eabi/13.2.1/../../../arm-none-eabi/lib/thumb/v7-m/nofp/libc_nano.a(libc_a-assert.o)
 .debug_info    0x00009202      0x70b /usr/lib/gcc/arm-none-eabi/13.2.1/../../../arm-none-eabi/lib/thumb/v7-m/nofp/libc_nano.a(libc_a-impure.o)
 .debug_info    0x0000990d       0xd8 /usr/lib/gcc/arm-none-eabi/13.2.1/../../../arm-none-eabi/lib/thumb/v7-m/nofp/libc_nano.a(libc_a-abort.o)
 .debug_info    0x000099e5      0x135 /usr/lib/gcc/arm-none-eabi/13.2.1/../../../arm-none-eabi/lib/thumb/v7-m/nofp/libc_nano.a(libc_a-memset.o)
 .debug_info    0x00009b1a       0x33 /usr/lib/gcc/arm-none-eabi/13.2.1/../../../arm-none-eabi/lib/thumb/v7-m/nofp/libc_nano.a(libc_a-memcpy.o)
 .debug_info    0x00009b4d      0x796 /usr/lib/gcc/arm-none-eabi/13.2.1/../../../arm-none-eabi/lib/thumb/v7-m/nofp/libc_nano.a(libc_a-malloc.o)
 .debug_info    0x0000a2e3      0x85d /usr/lib/gcc/arm-none-eabi/13.2.1/../../../arm-none-eabi/lib/thumb/v7-m/nofp/libc_nano.a(libc_a-fprintf.o)
 .debug_info    0x0000ab40      0x8ff /usr/lib/gcc/arm-none-eabi/13.2.1/../../../arm-none-eabi/lib/thumb/v7-m/nofp/libc_nano.a(libc_a-snprintf.o)
 .debug_info    0x0000b43f     0x108a /usr/lib/gcc/arm-none-eabi/13.2.1/../../../arm-none-eabi/lib/thumb/v7-m/nofp/libc_nano.a(libc_a-nano-vfprintf.o)
 .debug_info    0x0000c4c9      0x863 /usr/lib/gcc/arm-none-eabi/13.2.1/../../../arm-none-eabi/lib/thumb/v7-m/nofp/libc_nano.a(libc_a-wbuf.o)
 .debug_info    0x0000cd2c     0x1094 /usr/lib/gcc/arm-none-eabi/13.2.1/../../../arm-none-eabi/lib/thumb/v7-m/nofp/libc_nano.a(libc_a-nano-svfprintf.o)
 .debug_info    0x0000ddc0      0xb1e /usr/lib/gcc/arm-none-eabi/13.2.1/../../../arm-none-eabi/lib/thumb/v7-m/nofp/libc_nano.a(libc_a-fvwrite.o)
 .debug_info    0x0000e8de      0xc39 /usr/lib/gcc/arm-none-eabi/13.2.1/../../../arm-none-eabi/lib/thumb/v7-m/nofp/libc_nano.a(libc_a-signal.o)
 .debug_info    0x0000f517      0xe8c /usr/lib/gcc/arm-none-eabi/13.2.1/../../../arm-none-eabi/lib/thumb/v7-m/nofp/libc_nano.a(libc_a-findfp.o)
 .debug_info    0x000103a3      0xa30 /usr/lib/gcc/arm-none-eabi/13.2.1/../../../arm-none-eabi/lib/thumb/v7-m/nofp/libc_nano.a(libc_a-fflush.o)
 .debug_info    0x00010dd3      0x9b6 /usr/lib/gcc/arm-none-eabi/13.2.1/../../../arm-none-eabi/lib/thumb/v7-m/nofp/libc_nano.a(libc_a-mallocr.o)
 .debug_info    0x00011789      0x87f /usr/lib/gcc/arm-none-eabi/13.2.1/../../../arm-none-eabi/lib/thumb/v7-m/nofp/libc_nano.a(libc_a-freer.o)
 .debug_info    0x00012008      0x148 /usr/lib/gcc/arm-none-eabi/13.2.1/../../../arm-none-eabi/lib/thumb/v7-m/nofp/libc_nano.a(libc_a-memmove.o)
 .debug_info    0x00012150      0x7c8 /usr/lib/gcc/arm-none-eabi/13.2.1/../../../arm-none-eabi/lib/thumb/v7-m/nofp/libc_nano.a(libc_a-fwalk.o)
 .debug_info    0x00012918      0x7b1 /usr/lib/gcc/arm-none-eabi/13.2.1/../../../arm-none-eabi/lib/thumb/v7-m/nofp/libc_nano.a(libc_a-wsetup.o)
 .debug_info    0x000130c9      0x8cd /usr/lib/gcc/arm-none-eabi/13.2.1/../../../arm-none-eabi/lib/thumb/v7-m/nofp/libc_nano.a(libc_a-reallocr.o)
 .debug_info    0x00013996      0xdd7 /usr/lib/gcc/arm-none-eabi/13.2.1/../../../arm-none-eabi/lib/thumb/v7-m/nofp/libc_nano.a(libc_a-nano-vfprintf_i.o)
 .debug_info    0x0001476d      0x71c /usr/lib/gcc/arm-none-eabi/13.2.1/../../../arm-none-eabi/lib/thumb/v7-m/nofp/libc_nano.a(libc_a-mlock.o)
 .debug_info    0x00014e89      0xbe6 /usr/lib/gcc/arm-none-eabi/13.2.1/../../../arm-none-eabi/lib/thumb/v7-m/nofp/libc_nano.a(libc_a-makebuf.o)
 .debug_info    0x00015a6f      0x14a /usr/lib/gcc/arm-none-eabi/13.2.1/../../../arm-none-eabi/lib/thumb/v7-m/nofp/libc_nano.a(libc_a-memchr-stub.o)
 .debug_info    0x00015bb9      0x752 /usr/lib/gcc/arm-none-eabi/13.2.1/../../../arm-none-eabi/lib/thumb/v7-m/nofp/libc_nano.a(libc_a-isattyr.o)
 .debug_info    0x0001630b      0x778 /usr/lib/gcc/arm-none-eabi/13.2.1/../../../arm-none-eabi/lib/thumb/v7-m/nofp/libc_nano.a(libc_a-sbrkr.o)
 .debug_info    0x00016a83      0xa80 /usr/lib/gcc/arm-none-eabi/13.2.1/../../../arm-none-eabi/lib/thumb/v7-m/nofp/libc_nano.a(libc_a-stdio.o)
 .debug_info    0x00017503      0x78a /usr/lib/gcc/arm-none-eabi/13.2.1/../../../arm-none-eabi/lib/thumb/v7-m/nofp/libc_nano.a(libc_a-msizer.o)
 .debug_info    0x00017c8d      0x7df /usr/lib/gcc/arm-none-eabi/13.2.1/../../../arm-none-eabi/lib/thumb/v7-m/nofp/libc_nano.a(libc_a-signalr.o)
 .debug_info    0x0001846c      0x752 /usr/lib/gcc/arm-none-eabi/13.2.1/../../../arm-none-eabi/lib/thumb/v7-m/nofp/libc_nano.a(libc_a-closer.o)
 .debug_info    0x00018bbe      0x7b5 /usr/lib/gcc/arm-none-eabi/13.2.1/../../../arm-none-eabi/lib/thumb/v7-m/nofp/libc_nano.a(libc_a-readr.o)
 .debug_info    0x00019373      0x89f /usr/lib/gcc/arm-none-eabi/13.2.1/../../../arm-none-eabi/lib/thumb/v7-m/nofp/libc_nano.a(libc_a-reent.o)
 .debug_info    0x00019c12      0x977 /usr/lib/gcc/arm-none-eabi/13.2.1/../../../arm-none-eabi/lib/thumb/v7-m/nofp/libc_nano.a(libc_a-fstatr.o)
 .debug_info    0x0001a589      0x79e /usr/lib/gcc/arm-none-eabi/13.2.1/../../../arm-none-eabi/lib/thumb/v7-m/nofp/libc_nano.a(libc_a-lseekr.o)
 .debug_info    0x0001ad27      0x7bb /usr/lib/gcc/arm-none-eabi/13.2.1/../../../arm-none-eabi/lib/thumb/v7-m/nofp/libc_nano.a(libc_a-writer.o)
 .debug_info    0x0001b4e2       0xde /usr/lib/gcc/arm-none-eabi/13.2.1/../../../arm-none-eabi/lib/thumb/v7-m/nofp/libnosys.a(close.o)
 .debug_info    0x0001b5c0      0x2f7 /usr/lib/gcc/arm-none-eabi/13.2.1/../../../arm-none-eabi/lib/thumb/v7-m/nofp/libnosys.a(fstat.o)
 .debug_info    0x0001b8b7       0xc9 /usr/lib/gcc/arm-none-eabi/13.2.1/../../../arm-none-eabi/lib/thumb/v7-m/nofp/libnosys.a(getpid.o)
 .debug_info    0x0001b980       0xde /usr/lib/gcc/arm-none-eabi/13.2.1/../../../arm-none-eabi/lib/thumb/v7-m/nofp/libnosys.a(isatty.o)
 .debug_info    0x0001ba5e       0xec /usr/lib/gcc/arm-none-eabi/13.2.1/../../../arm-none-eabi/lib/thumb/v7-m/nofp/libnosys.a(kill.o)
 .debug_info    0x0001bb4a      0x100 /usr/lib/gcc/arm-none-eabi/13.2.1/../../../arm-none-eabi/lib/thumb/v7-m/nofp/libnosys.a(lseek.o)
 .debug_info    0x0001bc4a      0x106 /usr/lib/gcc/arm-none-eabi/13.2.1/../../../arm-none-eabi/lib/thumb/v7-m/nofp/libnosys.a(read.o)
 .debug_info    0x0001bd50       0xac /usr/lib/gcc/arm-none-eabi/13.2.1/../../../arm-none-eabi/lib/thumb/v7-m/nofp/libnosys.a(sbrk.o)
 .debug_info    0x0001bdfc      0x106 /usr/lib/gcc/arm-none-eabi/13.2.1/../../../arm-none-eabi/lib/thumb/v7-m/nofp/libnosys.a(write.o)
 .debug_info    0x0001bf02       0xa4 /usr/lib/gcc/arm-none-eabi/13.2.1/../../../arm-none-eabi/lib/thumb/v7-m/nofp/libnosys.a(_exit.o)

.debug_abbrev   0x00000000     0x674b
 .debug_abbrev  0x00000000      0x515 ./Output/tasks.o
 .debug_abbrev  0x00000515      0x105 ./Output/list.o
 .debug_abbrev  0x0000061a      0x464 ./Output/queue.o
 .debug_abbrev  0x00000a7e      0x43c ./Output/timers.o
 .debug_abbrev  0x00000eba      0x2d2 ./Output/heap_4.o
 .debug_abbrev  0x0000118c      0x2a7 ./Output/port.o
 .debug_abbrev  0x00001433      0x212 ./Output/main.o
 .debug_abbrev  0x00001645      0x148 ./Output/uart.o
 .debug_abbrev  0x0000178d      0x16a ./Output/startup.o
 .debug_abbrev  0x000018f7      0x220 /usr/lib/gcc/arm-none-eabi/13.2.1/../../../arm-none-eabi/lib/thumb/v7-m/nofp/libc_nano.a(libc_a-rand.o)
 .debug_abbrev  0x00001b17      0x1ea /usr/lib/gcc/arm-none-eabi/13.2.1/../../../arm-none-eabi/lib/thumb/v7-m/nofp/libc_nano.a(libc_a-assert.o)
 .debug_abbrev  0x00001d01      0x149 /usr/lib/gcc/arm-none-eabi/13.2.1/../../../arm-none-eabi/lib/thumb/v7-m/nofp/libc_nano.a(libc_a-impure.o)
 .debug_abbrev  0x00001e4a       0x99 /usr/lib/gcc/arm-none-eabi/13.2.1/../../../arm-none-eabi/lib/thumb/v7-m/nofp/libc_nano.a(libc_a-abort.o)
 .debug_abbrev  0x00001ee3       0xb7 /usr/lib/gcc/arm-none-eabi/13.2.1/../../../arm-none-eabi/lib/thumb/v7-m/nofp/libc_nano.a(libc_a-memset.o)
 .debug_abbrev  0x00001f9a       0x28 /usr/lib/gcc/arm-none-eabi/13.2.1/../../../arm-none-eabi/lib/thumb/v7-m/nofp/libc_nano.a(libc_a-memcpy.o)
 .debug_abbrev  0x00001fc2      0x1cf /usr/lib/gcc/arm-none-eabi/13.2.1/../../../arm-none-eabi/lib/thumb/v7-m/nofp/libc_nano.a(libc_a-malloc.o)
 .debug_abbrev  0x00002191      0x21d /usr/lib/gcc/arm-none-eabi/13.2.1/../../../arm-none-eabi/lib/thumb/v7-m/nofp/libc_nano.a(libc_a-fprintf.o)
 .debug_abbrev  0x000023ae      0x23c /usr/lib/gcc/arm-none-eabi/13.2.1/../../../arm-none-eabi/lib/thumb/v7-m/nofp/libc_nano.a(libc_a-snprintf.o)
 .debug_abbrev  0x000025ea      0x36e /usr/lib/gcc/arm-none-eabi/13.2.1/../../../arm-none-eabi/lib/thumb/v7-m/nofp/libc_nano.a(libc_a-nano-vfprintf.o)
 .debug_abbrev  0x00002958      0x236 /usr/lib/gcc/arm-none-eabi/13.2.1/../../../arm-none-eabi/lib/thumb/v7-m/nofp/libc_nano.a(libc_a-wbuf.o)
 .debug_abbrev  0x00002b8e      0x32f /usr/lib/gcc/arm-none-eabi/13.2.1/../../../arm-none-eabi/lib/thumb/v7-m/nofp/libc_nano.a(libc_a-nano-svfprintf.o)
 .debug_abbrev  0x00002ebd      0x224 /usr/lib/gcc/arm-none-eabi/13.2.1/../../../arm-none-eabi/lib/thumb/v7-m/nofp/libc_nano.a(libc_a-fvwrite.o)
 .debug_abbrev  0x000030e1      0x2d7 /usr/lib/gcc/arm-none-eabi/13.2.1/../../../arm-none-eabi/lib/thumb/v7-m/nofp/libc_nano.a(libc_a-signal.o)
 .debug_abbrev  0x000033b8      0x408 /usr/lib/gcc/arm-none-eabi/13.2.1/../../../arm-none-eabi/lib/thumb/v7-m/nofp/libc_nano.a(libc_a-findfp.o)
 .debug_abbrev  0x000037c0      0x2e1 /usr/lib/gcc/arm-none-eabi/13.2.1/../../../arm-none-eabi/lib/thumb/v7-m/nofp/libc_nano.a(libc_a-fflush.o)
 .debug_abbrev  0x00003aa1      0x24a /usr/lib/gcc/arm-none-eabi/13.2.1/../../../arm-none-eabi/lib/thumb/v7-m/nofp/libc_nano.a(libc_a-mallocr.o)
 .debug_abbrev  0x00003ceb      0x249 /usr/lib/gcc/arm-none-eabi/13.2.1/../../../arm-none-eabi/lib/thumb/v7-m/nofp/libc_nano.a(libc_a-freer.o)
 .debug_abbrev  0x00003f34       0xc3 /usr/lib/gcc/arm-none-eabi/13.2.1/../../../arm-none-eabi/lib/thumb/v7-m/nofp/libc_nano.a(libc_a-memmove.o)
 .debug_abbrev  0x00003ff7      0x19b /usr/lib/gcc/arm-none-eabi/13.2.1/../../../arm-none-eabi/lib/thumb/v7-m/nofp/libc_nano.a(libc_a-fwalk.o)
 .debug_abbrev  0x00004192      0x1e2 /usr/lib/gcc/arm-none-eabi/13.2.1/../../../arm-none-eabi/lib/thumb/v7-m/nofp/libc_nano.a(libc_a-wsetup.o)
 .debug_abbrev  0x00004374      0x20c /usr/lib/gcc/arm-none-eabi/13.2.1/../../../arm-none-eabi/lib/thumb/v7-m/nofp/libc_nano.a(libc_a-reallocr.o)
 .debug_abbrev  0x00004580      0x284 /usr/lib/gcc/arm-none-eabi/13.2.1/../../../arm-none-eabi/lib/thumb/v7-m/nofp/libc_nano.a(libc_a-nano-vfprintf_i.o)
 .debug_abbrev  0x00004804      0x192 /usr/lib/gcc/arm-none-eabi/13.2.1/../../../arm-none-eabi/lib/thumb/v7-m/nofp/libc_nano.a(libc_a-mlock.o)
 .debug_abbrev  0x00004996      0x29d /usr/lib/gcc/arm-none-eabi/13.2.1/../../../arm-none-eabi/lib/thumb/v7-m/nofp/libc_nano.a(libc_a-makebuf.o)
 .debug_abbrev  0x00004c33       0xc7 /usr/lib/gcc/arm-none-eabi/13.2.1/../../../arm-none-eabi/lib/thumb/v7-m/nofp/libc_nano.a(libc_a-memchr-stub.o)
 .debug_abbrev  0x00004cfa      0x1b0 /usr/lib/gcc/arm-none-eabi/13.2.1/../../../arm-none-eabi/lib/thumb/v7-m/nofp/libc_nano.a(libc_a-isattyr.o)
 .debug_abbrev  0x00004eaa      0x1da /usr/lib/gcc/arm-none-eabi/13.2.1/../../../arm-none-eabi/lib/thumb/v7-m/nofp/libc_nano.a(libc_a-sbrkr.o)
 .debug_abbrev  0x00005084      0x224 /usr/lib/gcc/arm-none-eabi/13.2.1/../../../arm-none-eabi/lib/thumb/v7-m/nofp/libc_nano.a(libc_a-stdio.o)
 .debug_abbrev  0x000052a8      0x196 /usr/lib/gcc/arm-none-eabi/13.2.1/../../../arm-none-eabi/lib/thumb/v7-m/nofp/libc_nano.a(libc_a-msizer.o)
 .debug_abbrev  0x0000543e      0x1fd /usr/lib/gcc/arm-none-eabi/13.2.1/../../../arm-none-eabi/lib/thumb/v7-m/nofp/libc_nano.a(libc_a-signalr.o)
 .debug_abbrev  0x0000563b      0x1b0 /usr/lib/gcc/arm-none-eabi/13.2.1/../../../arm-none-eabi/lib/thumb/v7-m/nofp/libc_nano.a(libc_a-closer.o)
 .debug_abbrev  0x000057eb      0x1b0 /usr/lib/gcc/arm-none-eabi/13.2.1/../../../arm-none-eabi/lib/thumb/v7-m/nofp/libc_nano.a(libc_a-readr.o)
 .debug_abbrev  0x0000599b      0x1ee /usr/lib/gcc/arm-none-eabi/13.2.1/../../../arm-none-eabi/lib/thumb/v7-m/nofp/libc_nano.a(libc_a-reent.o)
 .debug_abbrev  0x00005b89      0x1c3 /usr/lib/gcc/arm-none-eabi/13.2.1/../../../arm-none-eabi/lib/thumb/v7-m/nofp/libc_nano.a(libc_a-fstatr.o)
 .debug_abbrev  0x00005d4c      0x1c4 /usr/lib/gcc/arm-none-eabi/13.2.1/../../../arm-none-eabi/lib/thumb/v7-m/nofp/libc_nano.a(libc_a-lseekr.o)
 .debug_abbrev  0x00005f10      0x1b5 /usr/lib/gcc/arm-none-eabi/13.2.1/../../../arm-none-eabi/lib/thumb/v7-m/nofp/libc_nano.a(libc_a-writer.o)
 .debug_abbrev  0x000060c5       0x96 /usr/lib/gcc/arm-none-eabi/13.2.1/../../../arm-none-eabi/lib/thumb/v7-m/nofp/libnosys.a(close.o)
 .debug_abbrev  0x0000615b       0xe4 /usr/lib/gcc/arm-none-eabi/13.2.1/../../../arm-none-eabi/lib/thumb/v7-m/nofp/libnosys.a(fstat.o)
 .debug_abbrev  0x0000623f       0x82 /usr/lib/gcc/arm-none-eabi/13.2.1/../../../arm-none-eabi/lib/thumb/v7-m/nofp/libnosys.a(getpid.o)
 .debug_abbrev  0x000062c1       0x96 /usr/lib/gcc/arm-none-eabi/13.2.1/../../../arm-none-eabi/lib/thumb/v7-m/nofp/libnosys.a(isatty.o)
 .debug_abbrev  0x00006357       0xa7 /usr/lib/gcc/arm-none-eabi/13.2.1/../../../arm-none-eabi/lib/thumb/v7-m/nofp/libnosys.a(kill.o)
 .debug_abbrev  0x000063fe       0xbb /usr/lib/gcc/arm-none-eabi/13.2.1/../../../arm-none-eabi/lib/thumb/v7-m/nofp/libnosys.a(lseek.o)
 .debug_abbrev  0x000064b9       0xc4 /usr/lib/gcc/arm-none-eabi/13.2.1/../../../arm-none-eabi/lib/thumb/v7-m/nofp/libnosys.a(read.o)
 .debug_abbrev  0x0000657d       0xa1 /usr/lib/gcc/arm-none-eabi/13.2.1/../../../arm-none-eabi/lib/thumb/v7-m/nofp/libnosys.a(sbrk.o)
 .debug_abbrev  0x0000661e       0xc4 /usr/lib/gcc/arm-none-eabi/13.2.1/../../../arm-none-eabi/lib/thumb/v7-m/nofp/libnosys.a(write.o)
 .debug_abbrev  0x000066e2       0x69 /usr/lib/gcc/arm-none-eabi/13.2.1/../../../arm-none-eabi/lib/thumb/v7-m/nofp/libnosys.a(_exit.o)

.debug_loclists
                0x00000000     0x732a
 .debug_loclists
                0x00000000     0x1b78 ./Output/tasks.o
 .debug_loclists
                0x00001b78       0x77 ./Output/list.o
 .debug_loclists
                0x00001bef     0x109f ./Output/queue.o
 .debug_loclists
                0x00002c8e      0x9a7 ./Output/timers.o
 .debug_loclists
                0x00003635      0x36a ./Output/heap_4.o
 .debug_loclists
                0x0000399f       0xb1 ./Output/port.o
 .debug_loclists
                0x00003a50       0x65 ./Output/main.o
 .debug_loclists
                0x00003ab5       0xba ./Output/uart.o
 .debug_loclists
                0x00003b6f       0x29 ./Output/startup.o
 .debug_loclists
                0x00003b98       0x7f /usr/lib/gcc/arm-none-eabi/13.2.1/../../../arm-none-eabi/lib/thumb/v7-m/nofp/libc_nano.a(libc_a-rand.o)
 .debug_loclists
                0x00003c17       0xfa /usr/lib/gcc/arm-none-eabi/13.2.1/../../../arm-none-eabi/lib/thumb/v7-m/nofp/libc_nano.a(libc_a-assert.o)
 .debug_loclists
                0x00003d11      0x1d7 /usr/lib/gcc/arm-none-eabi/13.2.1/../../../arm-none-eabi/lib/thumb/v7-m/nofp/libc_nano.a(libc_a-memset.o)
 .debug_loclists
                0x00003ee8       0x4a /usr/lib/gcc/arm-none-eabi/13.2.1/../../../arm-none-eabi/lib/thumb/v7-m/nofp/libc_nano.a(libc_a-malloc.o)
 .debug_loclists
                0x00003f32       0x6b /usr/lib/gcc/arm-none-eabi/13.2.1/../../../arm-none-eabi/lib/thumb/v7-m/nofp/libc_nano.a(libc_a-fprintf.o)
 .debug_loclists
                0x00003f9d      0x214 /usr/lib/gcc/arm-none-eabi/13.2.1/../../../arm-none-eabi/lib/thumb/v7-m/nofp/libc_nano.a(libc_a-snprintf.o)
 .debug_loclists
                0x000041b1      0x58a /usr/lib/gcc/arm-none-eabi/13.2.1/../../../arm-none-eabi/lib/thumb/v7-m/nofp/libc_nano.a(libc_a-nano-vfprintf.o)
 .debug_loclists
                0x0000473b      0x104 /usr/lib/gcc/arm-none-eabi/13.2.1/../../../arm-none-eabi/lib/thumb/v7-m/nofp/libc_nano.a(libc_a-wbuf.o)
 .debug_loclists
                0x0000483f      0x531 /usr/lib/gcc/arm-none-eabi/13.2.1/../../../arm-none-eabi/lib/thumb/v7-m/nofp/libc_nano.a(libc_a-nano-svfprintf.o)
 .debug_loclists
                0x00004d70      0x3f8 /usr/lib/gcc/arm-none-eabi/13.2.1/../../../arm-none-eabi/lib/thumb/v7-m/nofp/libc_nano.a(libc_a-fvwrite.o)
 .debug_loclists
                0x00005168      0x59a /usr/lib/gcc/arm-none-eabi/13.2.1/../../../arm-none-eabi/lib/thumb/v7-m/nofp/libc_nano.a(libc_a-signal.o)
 .debug_loclists
                0x00005702      0x1d0 /usr/lib/gcc/arm-none-eabi/13.2.1/../../../arm-none-eabi/lib/thumb/v7-m/nofp/libc_nano.a(libc_a-findfp.o)
 .debug_loclists
                0x000058d2      0x2f2 /usr/lib/gcc/arm-none-eabi/13.2.1/../../../arm-none-eabi/lib/thumb/v7-m/nofp/libc_nano.a(libc_a-fflush.o)
 .debug_loclists
                0x00005bc4      0x273 /usr/lib/gcc/arm-none-eabi/13.2.1/../../../arm-none-eabi/lib/thumb/v7-m/nofp/libc_nano.a(libc_a-mallocr.o)
 .debug_loclists
                0x00005e37      0x164 /usr/lib/gcc/arm-none-eabi/13.2.1/../../../arm-none-eabi/lib/thumb/v7-m/nofp/libc_nano.a(libc_a-freer.o)
 .debug_loclists
                0x00005f9b      0x21b /usr/lib/gcc/arm-none-eabi/13.2.1/../../../arm-none-eabi/lib/thumb/v7-m/nofp/libc_nano.a(libc_a-memmove.o)
 .debug_loclists
                0x000061b6       0x79 /usr/lib/gcc/arm-none-eabi/13.2.1/../../../arm-none-eabi/lib/thumb/v7-m/nofp/libc_nano.a(libc_a-fwalk.o)
 .debug_loclists
                0x0000622f       0x61 /usr/lib/gcc/arm-none-eabi/13.2.1/../../../arm-none-eabi/lib/thumb/v7-m/nofp/libc_nano.a(libc_a-wsetup.o)
 .debug_loclists
                0x00006290      0x102 /usr/lib/gcc/arm-none-eabi/13.2.1/../../../arm-none-eabi/lib/thumb/v7-m/nofp/libc_nano.a(libc_a-reallocr.o)
 .debug_loclists
                0x00006392      0x444 /usr/lib/gcc/arm-none-eabi/13.2.1/../../../arm-none-eabi/lib/thumb/v7-m/nofp/libc_nano.a(libc_a-nano-vfprintf_i.o)
 .debug_loclists
                0x000067d6      0x1b4 /usr/lib/gcc/arm-none-eabi/13.2.1/../../../arm-none-eabi/lib/thumb/v7-m/nofp/libc_nano.a(libc_a-makebuf.o)
 .debug_loclists
                0x0000698a      0x172 /usr/lib/gcc/arm-none-eabi/13.2.1/../../../arm-none-eabi/lib/thumb/v7-m/nofp/libc_nano.a(libc_a-memchr-stub.o)
 .debug_loclists
                0x00006afc       0x4b /usr/lib/gcc/arm-none-eabi/13.2.1/../../../arm-none-eabi/lib/thumb/v7-m/nofp/libc_nano.a(libc_a-isattyr.o)
 .debug_loclists
                0x00006b47       0x4b /usr/lib/gcc/arm-none-eabi/13.2.1/../../../arm-none-eabi/lib/thumb/v7-m/nofp/libc_nano.a(libc_a-sbrkr.o)
 .debug_loclists
                0x00006b92      0x23b /usr/lib/gcc/arm-none-eabi/13.2.1/../../../arm-none-eabi/lib/thumb/v7-m/nofp/libc_nano.a(libc_a-stdio.o)
 .debug_loclists
                0x00006dcd       0x59 /usr/lib/gcc/arm-none-eabi/13.2.1/../../../arm-none-eabi/lib/thumb/v7-m/nofp/libc_nano.a(libc_a-msizer.o)
 .debug_loclists
                0x00006e26       0x82 /usr/lib/gcc/arm-none-eabi/13.2.1/../../../arm-none-eabi/lib/thumb/v7-m/nofp/libc_nano.a(libc_a-signalr.o)
 .debug_loclists
                0x00006ea8       0x4b /usr/lib/gcc/arm-none-eabi/13.2.1/../../../arm-none-eabi/lib/thumb/v7-m/nofp/libc_nano.a(libc_a-closer.o)
 .debug_loclists
                0x00006ef3       0x97 /usr/lib/gcc/arm-none-eabi/13.2.1/../../../arm-none-eabi/lib/thumb/v7-m/nofp/libc_nano.a(libc_a-readr.o)
 .debug_loclists
                0x00006f8a       0x80 /usr/lib/gcc/arm-none-eabi/13.2.1/../../../arm-none-eabi/lib/thumb/v7-m/nofp/libc_nano.a(libc_a-reent.o)
 .debug_loclists
                0x0000700a       0x6a /usr/lib/gcc/arm-none-eabi/13.2.1/../../../arm-none-eabi/lib/thumb/v7-m/nofp/libc_nano.a(libc_a-fstatr.o)
 .debug_loclists
                0x00007074       0x97 /usr/lib/gcc/arm-none-eabi/13.2.1/../../../arm-none-eabi/lib/thumb/v7-m/nofp/libc_nano.a(libc_a-lseekr.o)
 .debug_loclists
                0x0000710b       0x97 /usr/lib/gcc/arm-none-eabi/13.2.1/../../../arm-none-eabi/lib/thumb/v7-m/nofp/libc_nano.a(libc_a-writer.o)
 .debug_loclists
                0x000071a2       0x24 /usr/lib/gcc/arm-none-eabi/13.2.1/../../../arm-none-eabi/lib/thumb/v7-m/nofp/libnosys.a(close.o)
 .debug_loclists
                0x000071c6       0x24 /usr/lib/gcc/arm-none-eabi/13.2.1/../../../arm-none-eabi/lib/thumb/v7-m/nofp/libnosys.a(fstat.o)
 .debug_loclists
                0x000071ea       0x24 /usr/lib/gcc/arm-none-eabi/13.2.1/../../../arm-none-eabi/lib/thumb/v7-m/nofp/libnosys.a(isatty.o)
 .debug_loclists
                0x0000720e       0x24 /usr/lib/gcc/arm-none-eabi/13.2.1/../../../arm-none-eabi/lib/thumb/v7-m/nofp/libnosys.a(kill.o)
 .debug_loclists
                0x00007232       0x3c /usr/lib/gcc/arm-none-eabi/13.2.1/../../../arm-none-eabi/lib/thumb/v7-m/nofp/libnosys.a(lseek.o)
 .debug_loclists
                0x0000726e       0x3c /usr/lib/gcc/arm-none-eabi/13.2.1/../../../arm-none-eabi/lib/thumb/v7-m/nofp/libnosys.a(read.o)
 .debug_loclists
                0x000072aa       0x30 /usr/lib/gcc/arm-none-eabi/13.2.1/../../../arm-none-eabi/lib/thumb/v7-m/nofp/libnosys.a(sbrk.o)
 .debug_loclists
                0x000072da       0x3c /usr/lib/gcc/arm-none-eabi/13.2.1/../../../arm-none-eabi/lib/thumb/v7-m/nofp/libnosys.a(write.o)
 .debug_loclists
                0x00007316       0x14 /usr/lib/gcc/arm-none-eabi/13.2.1/../../../arm-none-eabi/lib/thumb/v7-m/nofp/libnosys.a(_exit.o)

.debug_aranges  0x00000000      0xb98
 .debug_aranges
                0x00000000      0x1f8 ./Output/tasks.o
 .debug_aranges
                0x000001f8       0x40 ./Output/list.o
 .debug_aranges
                0x00000238      0x148 ./Output/queue.o
 .debug_aranges
                0x00000380       0xd0 ./Output/timers.o
 .debug_aranges
                0x00000450       0x58 ./Output/heap_4.o
 .debug_aranges
                0x000004a8       0x78 ./Output/port.o
 .debug_aranges
                0x00000520       0x38 ./Output/main.o
 .debug_aranges
                0x00000558       0x30 ./Output/uart.o
 .debug_aranges
                0x00000588       0x38 ./Output/startup.o
 .debug_aranges
                0x000005c0       0x20 /usr/lib/gcc/arm-none-eabi/13.2.1/../../../arm-none-eabi/lib/thumb/v7-m/nofp/libc_nano.a(libc_a-rand.o)
 .debug_aranges
                0x000005e0       0x20 /usr/lib/gcc/arm-none-eabi/13.2.1/../../../arm-none-eabi/lib/thumb/v7-m/nofp/libc_nano.a(libc_a-assert.o)
 .debug_aranges
                0x00000600       0x18 /usr/lib/gcc/arm-none-eabi/13.2.1/../../../arm-none-eabi/lib/thumb/v7-m/nofp/libc_nano.a(libc_a-impure.o)
 .debug_aranges
                0x00000618       0x20 /usr/lib/gcc/arm-none-eabi/13.2.1/../../../arm-none-eabi/lib/thumb/v7-m/nofp/libc_nano.a(libc_a-abort.o)
 .debug_aranges
                0x00000638       0x20 /usr/lib/gcc/arm-none-eabi/13.2.1/../../../arm-none-eabi/lib/thumb/v7-m/nofp/libc_nano.a(libc_a-memset.o)
 .debug_aranges
                0x00000658       0x20 /usr/lib/gcc/arm-none-eabi/13.2.1/../../../arm-none-eabi/lib/thumb/v7-m/nofp/libc_nano.a(libc_a-memcpy.o)
 .debug_aranges
                0x00000678       0x20 /usr/lib/gcc/arm-none-eabi/13.2.1/../../../arm-none-eabi/lib/thumb/v7-m/nofp/libc_nano.a(libc_a-malloc.o)
 .debug_aranges
                0x00000698       0x20 /usr/lib/gcc/arm-none-eabi/13.2.1/../../../arm-none-eabi/lib/thumb/v7-m/nofp/libc_nano.a(libc_a-fprintf.o)
 .debug_aranges
                0x000006b8       0x20 /usr/lib/gcc/arm-none-eabi/13.2.1/../../../arm-none-eabi/lib/thumb/v7-m/nofp/libc_nano.a(libc_a-snprintf.o)
 .debug_aranges
                0x000006d8       0x20 /usr/lib/gcc/arm-none-eabi/13.2.1/../../../arm-none-eabi/lib/thumb/v7-m/nofp/libc_nano.a(libc_a-nano-vfprintf.o)
 .debug_aranges
                0x000006f8       0x20 /usr/lib/gcc/arm-none-eabi/13.2.1/../../../arm-none-eabi/lib/thumb/v7-m/nofp/libc_nano.a(libc_a-wbuf.o)
 .debug_aranges
                0x00000718       0x20 /usr/lib/gcc/arm-none-eabi/13.2.1/../../../arm-none-eabi/lib/thumb/v7-m/nofp/libc_nano.a(libc_a-nano-svfprintf.o)
 .debug_aranges
                0x00000738       0x20 /usr/lib/gcc/arm-none-eabi/13.2.1/../../../arm-none-eabi/lib/thumb/v7-m/nofp/libc_nano.a(libc_a-fvwrite.o)
 .debug_aranges
                0x00000758       0x20 /usr/lib/gcc/arm-none-eabi/13.2.1/../../../arm-none-eabi/lib/thumb/v7-m/nofp/libc_nano.a(libc_a-signal.o)
 .debug_aranges
                0x00000778       0x20 /usr/lib/gcc/arm-none-eabi/13.2.1/../../../arm-none-eabi/lib/thumb/v7-m/nofp/libc_nano.a(libc_a-findfp.o)
 .debug_aranges
                0x00000798       0x20 /usr/lib/gcc/arm-none-eabi/13.2.1/../../../arm-none-eabi/lib/thumb/v7-m/nofp/libc_nano.a(libc_a-fflush.o)
 .debug_aranges
                0x000007b8       0x20 /usr/lib/gcc/arm-none-eabi/13.2.1/../../../arm-none-eabi/lib/thumb/v7-m/nofp/libc_nano.a(libc_a-mallocr.o)
 .debug_aranges
                0x000007d8       0x20 /usr/lib/gcc/arm-none-eabi/13.2.1/../../../arm-none-eabi/lib/thumb/v7-m/nofp/libc_nano.a(libc_a-freer.o)
 .debug_aranges
                0x000007f8       0x20 /usr/lib/gcc/arm-none-eabi/13.2.1/../../../arm-none-eabi/lib/thumb/v7-m/nofp/libc_nano.a(libc_a-memmove.o)
 .debug_aranges
                0x00000818       0x20 /usr/lib/gcc/arm-none-eabi/13.2.1/../../../arm-none-eabi/lib/thumb/v7-m/nofp/libc_nano.a(libc_a-fwalk.o)
 .debug_aranges
                0x00000838       0x20 /usr/lib/gcc/arm-none-eabi/13.2.1/../../../arm-none-eabi/lib/thumb/v7-m/nofp/libc_nano.a(libc_a-wsetup.o)
 .debug_aranges
                0x00000858       0x20 /usr/lib/gcc/arm-none-eabi/13.2.1/../../../arm-none-eabi/lib/thumb/v7-m/nofp/libc_nano.a(libc_a-reallocr.o)
 .debug_aranges
                0x00000878       0x20 /usr/lib/gcc/arm-none-eabi/13.2.1/../../../arm-none-eabi/lib/thumb/v7-m/nofp/libc_nano.a(libc_a-nano-vfprintf_i.o)
 .debug_aranges
                0x00000898       0x20 /usr/lib/gcc/arm-none-eabi/13.2.1/../../../arm-none-eabi/lib/thumb/v7-m/nofp/libc_nano.a(libc_a-mlock.o)
 .debug_aranges
                0x000008b8       0x20 /usr/lib/gcc/arm-none-eabi/13.2.1/../../../arm-none-eabi/lib/thumb/v7-m/nofp/libc_nano.a(libc_a-makebuf.o)
 .debug_aranges
                0x000008d8       0x20 /usr/lib/gcc/arm-none-eabi/13.2.1/../../../arm-none-eabi/lib/thumb/v7-m/nofp/libc_nano.a(libc_a-memchr-stub.o)
 .debug_aranges
                0x000008f8       0x20 /usr/lib/gcc/arm-none-eabi/13.2.1/../../../arm-none-eabi/lib/thumb/v7-m/nofp/libc_nano.a(libc_a-isattyr.o)
 .debug_aranges
                0x00000918       0x20 /usr/lib/gcc/arm-none-eabi/13.2.1/../../../arm-none-eabi/lib/thumb/v7-m/nofp/libc_nano.a(libc_a-sbrkr.o)
 .debug_aranges
                0x00000938       0x20 /usr/lib/gcc/arm-none-eabi/13.2.1/../../../arm-none-eabi/lib/thumb/v7-m/nofp/libc_nano.a(libc_a-stdio.o)
 .debug_aranges
                0x00000958       0x20 /usr/lib/gcc/arm-none-eabi/13.2.1/../../../arm-none-eabi/lib/thumb/v7-m/nofp/libc_nano.a(libc_a-msizer.o)
 .debug_aranges
                0x00000978       0x20 /usr/lib/gcc/arm-none-eabi/13.2.1/../../../arm-none-eabi/lib/thumb/v7-m/nofp/libc_nano.a(libc_a-signalr.o)
 .debug_aranges
                0x00000998       0x20 /usr/lib/gcc/arm-none-eabi/13.2.1/../../../arm-none-eabi/lib/thumb/v7-m/nofp/libc_nano.a(libc_a-closer.o)
 .debug_aranges
                0x000009b8       0x20 /usr/lib/gcc/arm-none-eabi/13.2.1/../../../arm-none-eabi/lib/thumb/v7-m/nofp/libc_nano.a(libc_a-readr.o)
 .debug_aranges
                0x000009d8       0x20 /usr/lib/gcc/arm-none-eabi/13.2.1/../../../arm-none-eabi/lib/thumb/v7-m/nofp/libc_nano.a(libc_a-reent.o)
 .debug_aranges
                0x000009f8       0x20 /usr/lib/gcc/arm-none-eabi/13.2.1/../../../arm-none-eabi/lib/thumb/v7-m/nofp/libc_nano.a(libc_a-fstatr.o)
 .debug_aranges
                0x00000a18       0x20 /usr/lib/gcc/arm-none-eabi/13.2.1/../../../arm-none-eabi/lib/thumb/v7-m/nofp/libc_nano.a(libc_a-lseekr.o)
 .debug_aranges
                0x00000a38       0x20 /usr/lib/gcc/arm-none-eabi/13.2.1/../../../arm-none-eabi/lib/thumb/v7-m/nofp/libc_nano.a(libc_a-writer.o)
 .debug_aranges
                0x00000a58       0x20 /usr/lib/gcc/arm-none-eabi/13.2.1/../../../arm-none-eabi/lib/thumb/v7-m/nofp/libnosys.a(close.o)
 .debug_aranges
                0x00000a78       0x20 /usr/lib/gcc/arm-none-eabi/13.2.1/../../../arm-none-eabi/lib/thumb/v7-m/nofp/libnosys.a(fstat.o)
 .debug_aranges
                0x00000a98       0x20 /usr/lib/gcc/arm-none-eabi/13.2.1/../../../arm-none-eabi/lib/thumb/v7-m/nofp/libnosys.a(getpid.o)
 .debug_aranges
                0x00000ab8       0x20 /usr/lib/gcc/arm-none-eabi/13.2.1/../../../arm-none-eabi/lib/thumb/v7-m/nofp/libnosys.a(isatty.o)
 .debug_aranges
                0x00000ad8       0x20 /usr/lib/gcc/arm-none-eabi/13.2.1/../../../arm-none-eabi/lib/thumb/v7-m/nofp/libnosys.a(kill.o)
 .debug_aranges
                0x00000af8       0x20 /usr/lib/gcc/arm-none-eabi/13.2.1/../../../arm-none-eabi/lib/thumb/v7-m/nofp/libnosys.a(lseek.o)
 .debug_aranges
                0x00000b18       0x20 /usr/lib/gcc/arm-none-eabi/13.2.1/../../../arm-none-eabi/lib/thumb/v7-m/nofp/libnosys.a(read.o)
 .debug_aranges
                0x00000b38       0x20 /usr/lib/gcc/arm-none-eabi/13.2.1/../../../arm-none-eabi/lib/thumb/v7-m/nofp/libnosys.a(sbrk.o)
 .debug_aranges
                0x00000b58       0x20 /usr/lib/gcc/arm-none-eabi/13.2.1/../../../arm-none-eabi/lib/thumb/v7-m/nofp/libnosys.a(write.o)
 .debug_aranges
                0x00000b78       0x20 /usr/lib/gcc/arm-none-eabi/13.2.1/../../../arm-none-eabi/lib/thumb/v7-m/nofp/libnosys.a(_exit.o)

.debug_rnglists
                0x00000000      0x9f1
 .debug_rnglists
                0x00000000      0x316 ./Output/tasks.o
 .debug_rnglists
                0x00000316       0x2b ./Output/list.o
 .debug_rnglists
                0x00000341      0x1ca ./Output/queue.o
 .debug_rnglists
                0x0000050b       0xdc ./Output/timers.o
 .debug_rnglists
                0x000005e7       0x4c ./Output/heap_4.o
 .debug_rnglists
                0x00000633       0x6e ./Output/port.o
 .debug_rnglists
                0x000006a1       0x28 ./Output/main.o
 .debug_rnglists
                0x000006c9       0x1f ./Output/uart.o
 .debug_rnglists
                0x000006e8       0x25 ./Output/startup.o
 .debug_rnglists
                0x0000070d       0x33 /usr/lib/gcc/arm-none-eabi/13.2.1/../../../arm-none-eabi/lib/thumb/v7-m/nofp/libc_nano.a(libc_a-rand.o)
 .debug_rnglists
                0x00000740       0x1a /usr/lib/gcc/arm-none-eabi/13.2.1/../../../arm-none-eabi/lib/thumb/v7-m/nofp/libc_nano.a(libc_a-nano-vfprintf.o)
 .debug_rnglists
                0x0000075a       0x1b /usr/lib/gcc/arm-none-eabi/13.2.1/../../../arm-none-eabi/lib/thumb/v7-m/nofp/libc_nano.a(libc_a-wbuf.o)
 .debug_rnglists
                0x00000775       0x42 /usr/lib/gcc/arm-none-eabi/13.2.1/../../../arm-none-eabi/lib/thumb/v7-m/nofp/libc_nano.a(libc_a-nano-svfprintf.o)
 .debug_rnglists
                0x000007b7       0x30 /usr/lib/gcc/arm-none-eabi/13.2.1/../../../arm-none-eabi/lib/thumb/v7-m/nofp/libc_nano.a(libc_a-fvwrite.o)
 .debug_rnglists
                0x000007e7       0x65 /usr/lib/gcc/arm-none-eabi/13.2.1/../../../arm-none-eabi/lib/thumb/v7-m/nofp/libc_nano.a(libc_a-signal.o)
 .debug_rnglists
                0x0000084c       0x7a /usr/lib/gcc/arm-none-eabi/13.2.1/../../../arm-none-eabi/lib/thumb/v7-m/nofp/libc_nano.a(libc_a-findfp.o)
 .debug_rnglists
                0x000008c6       0x58 /usr/lib/gcc/arm-none-eabi/13.2.1/../../../arm-none-eabi/lib/thumb/v7-m/nofp/libc_nano.a(libc_a-fflush.o)
 .debug_rnglists
                0x0000091e       0x1f /usr/lib/gcc/arm-none-eabi/13.2.1/../../../arm-none-eabi/lib/thumb/v7-m/nofp/libc_nano.a(libc_a-mallocr.o)
 .debug_rnglists
                0x0000093d       0x13 /usr/lib/gcc/arm-none-eabi/13.2.1/../../../arm-none-eabi/lib/thumb/v7-m/nofp/libc_nano.a(libc_a-freer.o)
 .debug_rnglists
                0x00000950       0x1e /usr/lib/gcc/arm-none-eabi/13.2.1/../../../arm-none-eabi/lib/thumb/v7-m/nofp/libc_nano.a(libc_a-wsetup.o)
 .debug_rnglists
                0x0000096e       0x66 /usr/lib/gcc/arm-none-eabi/13.2.1/../../../arm-none-eabi/lib/thumb/v7-m/nofp/libc_nano.a(libc_a-nano-vfprintf_i.o)
 .debug_rnglists
                0x000009d4       0x1d /usr/lib/gcc/arm-none-eabi/13.2.1/../../../arm-none-eabi/lib/thumb/v7-m/nofp/libc_nano.a(libc_a-makebuf.o)

.debug_macro    0x00000000     0x4405
 .debug_macro   0x00000000      0x289 ./Output/tasks.o
 .debug_macro   0x00000289      0xac0 ./Output/tasks.o
 .debug_macro   0x00000d49       0x24 ./Output/tasks.o
 .debug_macro   0x00000d6d       0x22 ./Output/tasks.o
 .debug_macro   0x00000d8f       0x60 ./Output/tasks.o
 .debug_macro   0x00000def       0x94 ./Output/tasks.o
 .debug_macro   0x00000e83       0x3c ./Output/tasks.o
 .debug_macro   0x00000ebf       0x34 ./Output/tasks.o
 .debug_macro   0x00000ef3       0x16 ./Output/tasks.o
 .debug_macro   0x00000f09      0x11c ./Output/tasks.o
 .debug_macro   0x00001025       0x9b ./Output/tasks.o
 .debug_macro   0x000010c0       0x57 ./Output/tasks.o
 .debug_macro   0x00001117      0x370 ./Output/tasks.o
 .debug_macro   0x00001487       0x16 ./Output/tasks.o
 .debug_macro   0x0000149d       0x4a ./Output/tasks.o
 .debug_macro   0x000014e7       0x34 ./Output/tasks.o
 .debug_macro   0x0000151b       0x10 ./Output/tasks.o
 .debug_macro   0x0000152b       0x52 ./Output/tasks.o
 .debug_macro   0x0000157d      0x1de ./Output/tasks.o
 .debug_macro   0x0000175b       0x16 ./Output/tasks.o
 .debug_macro   0x00001771       0x29 ./Output/tasks.o
 .debug_macro   0x0000179a       0x16 ./Output/tasks.o
 .debug_macro   0x000017b0       0x3c ./Output/tasks.o
 .debug_macro   0x000017ec      0x34e ./Output/tasks.o
 .debug_macro   0x00001b3a       0x16 ./Output/tasks.o
 .debug_macro   0x00001b50      0x164 ./Output/tasks.o
 .debug_macro   0x00001cb4       0x1c ./Output/tasks.o
 .debug_macro   0x00001cd0      0x182 ./Output/tasks.o
 .debug_macro   0x00001e52       0xe7 ./Output/tasks.o
 .debug_macro   0x00001f39       0x3a ./Output/tasks.o
 .debug_macro   0x00001f73       0x1f ./Output/tasks.o
 .debug_macro   0x00001f92       0x12 ./Output/tasks.o
 .debug_macro   0x00001fa4      0xfde ./Output/tasks.o
 .debug_macro   0x00002f82       0xc3 ./Output/tasks.o
 .debug_macro   0x00003045      0x14f ./Output/tasks.o
 .debug_macro   0x00003194       0x98 ./Output/tasks.o
 .debug_macro   0x0000322c       0x17 ./Output/tasks.o
 .debug_macro   0x00003243      0x171 ./Output/list.o
 .debug_macro   0x000033b4      0x203 ./Output/queue.o
 .debug_macro   0x000035b7       0x80 ./Output/queue.o
 .debug_macro   0x00003637      0x1c0 ./Output/timers.o
 .debug_macro   0x000037f7       0x9e ./Output/timers.o
 .debug_macro   0x00003895      0x201 ./Output/heap_4.o
 .debug_macro   0x00003a96      0x162 ./Output/port.o
 .debug_macro   0x00003bf8      0x190 ./Output/port.o
 .debug_macro   0x00003d88      0x210 ./Output/main.o
 .debug_macro   0x00003f98       0x85 ./Output/main.o
 .debug_macro   0x0000401d       0x16 ./Output/main.o
 .debug_macro   0x00004033       0x10 ./Output/main.o
 .debug_macro   0x00004043       0x16 ./Output/main.o
 .debug_macro   0x00004059       0x16 ./Output/main.o
 .debug_macro   0x0000406f      0x170 ./Output/main.o
 .debug_macro   0x000041df       0x22 ./Output/main.o
 .debug_macro   0x00004201       0x4c ./Output/main.o
 .debug_macro   0x0000424d       0x22 ./Output/main.o
 .debug_macro   0x0000426f       0x9f ./Output/uart.o
 .debug_macro   0x0000430e       0x58 ./Output/uart.o
 .debug_macro   0x00004366       0x9f ./Output/startup.o

.debug_line     0x00000000     0xdb44
 .debug_line    0x00000000     0x2aad ./Output/tasks.o
 .debug_line    0x00002aad      0x471 ./Output/list.o
 .debug_line    0x00002f1e     0x1b12 ./Output/queue.o
 .debug_line    0x00004a30      0xc36 ./Output/timers.o
 .debug_line    0x00005666      0x84a ./Output/heap_4.o
 .debug_line    0x00005eb0      0x582 ./Output/port.o
 .debug_line    0x00006432      0x4d8 ./Output/main.o
 .debug_line    0x0000690a      0x2b5 ./Output/uart.o
 .debug_line    0x00006bbf      0x231 ./Output/startup.o
 .debug_line    0x00006df0      0x287 /usr/lib/gcc/arm-none-eabi/13.2.1/../../../arm-none-eabi/lib/thumb/v7-m/nofp/libc_nano.a(libc_a-rand.o)
 .debug_line    0x00007077      0x1b0 /usr/lib/gcc/arm-none-eabi/13.2.1/../../../arm-none-eabi/lib/thumb/v7-m/nofp/libc_nano.a(libc_a-assert.o)
 .debug_line    0x00007227       0xe7 /usr/lib/gcc/arm-none-eabi/13.2.1/../../../arm-none-eabi/lib/thumb/v7-m/nofp/libc_nano.a(libc_a-impure.o)
 .debug_line    0x0000730e      0x115 /usr/lib/gcc/arm-none-eabi/13.2.1/../../../arm-none-eabi/lib/thumb/v7-m/nofp/libc_nano.a(libc_a-abort.o)
 .debug_line    0x00007423      0x1b1 /usr/lib/gcc/arm-none-eabi/13.2.1/../../../arm-none-eabi/lib/thumb/v7-m/nofp/libc_nano.a(libc_a-memset.o)
 .debug_line    0x000075d4       0xbd /usr/lib/gcc/arm-none-eabi/13.2.1/../../../arm-none-eabi/lib/thumb/v7-m/nofp/libc_nano.a(libc_a-memcpy.o)
 .debug_line    0x00007691      0x16b /usr/lib/gcc/arm-none-eabi/13.2.1/../../../arm-none-eabi/lib/thumb/v7-m/nofp/libc_nano.a(libc_a-malloc.o)
 .debug_line    0x000077fc      0x1ac /usr/lib/gcc/arm-none-eabi/13.2.1/../../../arm-none-eabi/lib/thumb/v7-m/nofp/libc_nano.a(libc_a-fprintf.o)
 .debug_line    0x000079a8      0x356 /usr/lib/gcc/arm-none-eabi/13.2.1/../../../arm-none-eabi/lib/thumb/v7-m/nofp/libc_nano.a(libc_a-snprintf.o)
 .debug_line    0x00007cfe      0x6b7 /usr/lib/gcc/arm-none-eabi/13.2.1/../../../arm-none-eabi/lib/thumb/v7-m/nofp/libc_nano.a(libc_a-nano-vfprintf.o)
 .debug_line    0x000083b5      0x253 /usr/lib/gcc/arm-none-eabi/13.2.1/../../../arm-none-eabi/lib/thumb/v7-m/nofp/libc_nano.a(libc_a-wbuf.o)
 .debug_line    0x00008608      0x862 /usr/lib/gcc/arm-none-eabi/13.2.1/../../../arm-none-eabi/lib/thumb/v7-m/nofp/libc_nano.a(libc_a-nano-svfprintf.o)
 .debug_line    0x00008e6a      0x5f5 /usr/lib/gcc/arm-none-eabi/13.2.1/../../../arm-none-eabi/lib/thumb/v7-m/nofp/libc_nano.a(libc_a-fvwrite.o)
 .debug_line    0x0000945f      0x67e /usr/lib/gcc/arm-none-eabi/13.2.1/../../../arm-none-eabi/lib/thumb/v7-m/nofp/libc_nano.a(libc_a-signal.o)
 .debug_line    0x00009add      0x51f /usr/lib/gcc/arm-none-eabi/13.2.1/../../../arm-none-eabi/lib/thumb/v7-m/nofp/libc_nano.a(libc_a-findfp.o)
 .debug_line    0x00009ffc      0x456 /usr/lib/gcc/arm-none-eabi/13.2.1/../../../arm-none-eabi/lib/thumb/v7-m/nofp/libc_nano.a(libc_a-fflush.o)
 .debug_line    0x0000a452      0x45c /usr/lib/gcc/arm-none-eabi/13.2.1/../../../arm-none-eabi/lib/thumb/v7-m/nofp/libc_nano.a(libc_a-mallocr.o)
 .debug_line    0x0000a8ae      0x2c8 /usr/lib/gcc/arm-none-eabi/13.2.1/../../../arm-none-eabi/lib/thumb/v7-m/nofp/libc_nano.a(libc_a-freer.o)
 .debug_line    0x0000ab76      0x20d /usr/lib/gcc/arm-none-eabi/13.2.1/../../../arm-none-eabi/lib/thumb/v7-m/nofp/libc_nano.a(libc_a-memmove.o)
 .debug_line    0x0000ad83      0x1c9 /usr/lib/gcc/arm-none-eabi/13.2.1/../../../arm-none-eabi/lib/thumb/v7-m/nofp/libc_nano.a(libc_a-fwalk.o)
 .debug_line    0x0000af4c      0x2bd /usr/lib/gcc/arm-none-eabi/13.2.1/../../../arm-none-eabi/lib/thumb/v7-m/nofp/libc_nano.a(libc_a-wsetup.o)
 .debug_line    0x0000b209      0x1fa /usr/lib/gcc/arm-none-eabi/13.2.1/../../../arm-none-eabi/lib/thumb/v7-m/nofp/libc_nano.a(libc_a-reallocr.o)
 .debug_line    0x0000b403      0x770 /usr/lib/gcc/arm-none-eabi/13.2.1/../../../arm-none-eabi/lib/thumb/v7-m/nofp/libc_nano.a(libc_a-nano-vfprintf_i.o)
 .debug_line    0x0000bb73      0x153 /usr/lib/gcc/arm-none-eabi/13.2.1/../../../arm-none-eabi/lib/thumb/v7-m/nofp/libc_nano.a(libc_a-mlock.o)
 .debug_line    0x0000bcc6      0x3b0 /usr/lib/gcc/arm-none-eabi/13.2.1/../../../arm-none-eabi/lib/thumb/v7-m/nofp/libc_nano.a(libc_a-makebuf.o)
 .debug_line    0x0000c076      0x200 /usr/lib/gcc/arm-none-eabi/13.2.1/../../../arm-none-eabi/lib/thumb/v7-m/nofp/libc_nano.a(libc_a-memchr-stub.o)
 .debug_line    0x0000c276      0x197 /usr/lib/gcc/arm-none-eabi/13.2.1/../../../arm-none-eabi/lib/thumb/v7-m/nofp/libc_nano.a(libc_a-isattyr.o)
 .debug_line    0x0000c40d      0x196 /usr/lib/gcc/arm-none-eabi/13.2.1/../../../arm-none-eabi/lib/thumb/v7-m/nofp/libc_nano.a(libc_a-sbrkr.o)
 .debug_line    0x0000c5a3      0x22b /usr/lib/gcc/arm-none-eabi/13.2.1/../../../arm-none-eabi/lib/thumb/v7-m/nofp/libc_nano.a(libc_a-stdio.o)
 .debug_line    0x0000c7ce      0x176 /usr/lib/gcc/arm-none-eabi/13.2.1/../../../arm-none-eabi/lib/thumb/v7-m/nofp/libc_nano.a(libc_a-msizer.o)
 .debug_line    0x0000c944      0x1be /usr/lib/gcc/arm-none-eabi/13.2.1/../../../arm-none-eabi/lib/thumb/v7-m/nofp/libc_nano.a(libc_a-signalr.o)
 .debug_line    0x0000cb02      0x196 /usr/lib/gcc/arm-none-eabi/13.2.1/../../../arm-none-eabi/lib/thumb/v7-m/nofp/libc_nano.a(libc_a-closer.o)
 .debug_line    0x0000cc98      0x19c /usr/lib/gcc/arm-none-eabi/13.2.1/../../../arm-none-eabi/lib/thumb/v7-m/nofp/libc_nano.a(libc_a-readr.o)
 .debug_line    0x0000ce34      0x27b /usr/lib/gcc/arm-none-eabi/13.2.1/../../../arm-none-eabi/lib/thumb/v7-m/nofp/libc_nano.a(libc_a-reent.o)
 .debug_line    0x0000d0af      0x215 /usr/lib/gcc/arm-none-eabi/13.2.1/../../../arm-none-eabi/lib/thumb/v7-m/nofp/libc_nano.a(libc_a-fstatr.o)
 .debug_line    0x0000d2c4      0x19d /usr/lib/gcc/arm-none-eabi/13.2.1/../../../arm-none-eabi/lib/thumb/v7-m/nofp/libc_nano.a(libc_a-lseekr.o)
 .debug_line    0x0000d461      0x19d /usr/lib/gcc/arm-none-eabi/13.2.1/../../../arm-none-eabi/lib/thumb/v7-m/nofp/libc_nano.a(libc_a-writer.o)
 .debug_line    0x0000d5fe       0x72 /usr/lib/gcc/arm-none-eabi/13.2.1/../../../arm-none-eabi/lib/thumb/v7-m/nofp/libnosys.a(close.o)
 .debug_line    0x0000d670      0x14e /usr/lib/gcc/arm-none-eabi/13.2.1/../../../arm-none-eabi/lib/thumb/v7-m/nofp/libnosys.a(fstat.o)
 .debug_line    0x0000d7be       0x73 /usr/lib/gcc/arm-none-eabi/13.2.1/../../../arm-none-eabi/lib/thumb/v7-m/nofp/libnosys.a(getpid.o)
 .debug_line    0x0000d831       0x73 /usr/lib/gcc/arm-none-eabi/13.2.1/../../../arm-none-eabi/lib/thumb/v7-m/nofp/libnosys.a(isatty.o)
 .debug_line    0x0000d8a4       0x71 /usr/lib/gcc/arm-none-eabi/13.2.1/../../../arm-none-eabi/lib/thumb/v7-m/nofp/libnosys.a(kill.o)
 .debug_line    0x0000d915       0x73 /usr/lib/gcc/arm-none-eabi/13.2.1/../../../arm-none-eabi/lib/thumb/v7-m/nofp/libnosys.a(lseek.o)
 .debug_line    0x0000d988       0x72 /usr/lib/gcc/arm-none-eabi/13.2.1/../../../arm-none-eabi/lib/thumb/v7-m/nofp/libnosys.a(read.o)
 .debug_line    0x0000d9fa       0x76 /usr/lib/gcc/arm-none-eabi/13.2.1/../../../arm-none-eabi/lib/thumb/v7-m/nofp/libnosys.a(sbrk.o)
 .debug_line    0x0000da70       0x73 /usr/lib/gcc/arm-none-eabi/13.2.1/../../../arm-none-eabi/lib/thumb/v7-m/nofp/libnosys.a(write.o)
 .debug_line    0x0000dae3       0x61 /usr/lib/gcc/arm-none-eabi/13.2.1/../../../arm-none-eabi/lib/thumb/v7-m/nofp/libnosys.a(_exit.o)

.debug_str      0x00000000    0x1857b
 .debug_str     0x00000000    0x1857b ./Output/tasks.o
                              0x136ae (size before relaxing)
 .debug_str     0x0001857b     0xff12 ./Output/list.o
 .debug_str     0x0001857b    0x128e0 ./Output/queue.o
 .debug_str     0x0001857b    0x12b80 ./Output/timers.o
 .debug_str     0x0001857b    0x11a05 ./Output/heap_4.o
 .debug_str     0x0001857b     0xed36 ./Output/port.o
 .debug_str     0x0001857b    0x13587 ./Output/main.o
 .debug_str     0x0001857b     0xc738 ./Output/uart.o
 .debug_str     0x0001857b     0xc785 ./Output/startup.o
 .debug_str     0x0001857b      0x4d8 /usr/lib/gcc/arm-none-eabi/13.2.1/../../../arm-none-eabi/lib/thumb/v7-m/nofp/libc_nano.a(libc_a-rand.o)
 .debug_str     0x0001857b      0x4ed /usr/lib/gcc/arm-none-eabi/13.2.1/../../../arm-none-eabi/lib/thumb/v7-m/nofp/libc_nano.a(libc_a-assert.o)
 .debug_str     0x0001857b      0x4b4 /usr/lib/gcc/arm-none-eabi/13.2.1/../../../arm-none-eabi/lib/thumb/v7-m/nofp/libc_nano.a(libc_a-impure.o)
 .debug_str     0x0001857b      0x194 /usr/lib/gcc/arm-none-eabi/13.2.1/../../../arm-none-eabi/lib/thumb/v7-m/nofp/libc_nano.a(libc_a-abort.o)
 .debug_str     0x0001857b      0x1a5 /usr/lib/gcc/arm-none-eabi/13.2.1/../../../arm-none-eabi/lib/thumb/v7-m/nofp/libc_nano.a(libc_a-memset.o)
 .debug_str     0x0001857b       0xa8 /usr/lib/gcc/arm-none-eabi/13.2.1/../../../arm-none-eabi/lib/thumb/v7-m/nofp/libc_nano.a(libc_a-memcpy.o)
 .debug_str     0x0001857b      0x4d9 /usr/lib/gcc/arm-none-eabi/13.2.1/../../../arm-none-eabi/lib/thumb/v7-m/nofp/libc_nano.a(libc_a-malloc.o)
 .debug_str     0x0001857b      0x4f2 /usr/lib/gcc/arm-none-eabi/13.2.1/../../../arm-none-eabi/lib/thumb/v7-m/nofp/libc_nano.a(libc_a-fprintf.o)
 .debug_str     0x0001857b      0x502 /usr/lib/gcc/arm-none-eabi/13.2.1/../../../arm-none-eabi/lib/thumb/v7-m/nofp/libc_nano.a(libc_a-snprintf.o)
 .debug_str     0x0001857b      0x821 /usr/lib/gcc/arm-none-eabi/13.2.1/../../../arm-none-eabi/lib/thumb/v7-m/nofp/libc_nano.a(libc_a-nano-vfprintf.o)
 .debug_str     0x0001857b      0x4ea /usr/lib/gcc/arm-none-eabi/13.2.1/../../../arm-none-eabi/lib/thumb/v7-m/nofp/libc_nano.a(libc_a-wbuf.o)
 .debug_str     0x0001857b      0x7fd /usr/lib/gcc/arm-none-eabi/13.2.1/../../../arm-none-eabi/lib/thumb/v7-m/nofp/libc_nano.a(libc_a-nano-svfprintf.o)
 .debug_str     0x0001857b      0x558 /usr/lib/gcc/arm-none-eabi/13.2.1/../../../arm-none-eabi/lib/thumb/v7-m/nofp/libc_nano.a(libc_a-fvwrite.o)
 .debug_str     0x0001857b      0x53b /usr/lib/gcc/arm-none-eabi/13.2.1/../../../arm-none-eabi/lib/thumb/v7-m/nofp/libc_nano.a(libc_a-signal.o)
 .debug_str     0x0001857b      0x6b7 /usr/lib/gcc/arm-none-eabi/13.2.1/../../../arm-none-eabi/lib/thumb/v7-m/nofp/libc_nano.a(libc_a-findfp.o)
 .debug_str     0x0001857b      0x53b /usr/lib/gcc/arm-none-eabi/13.2.1/../../../arm-none-eabi/lib/thumb/v7-m/nofp/libc_nano.a(libc_a-fflush.o)
 .debug_str     0x0001857b      0x595 /usr/lib/gcc/arm-none-eabi/13.2.1/../../../arm-none-eabi/lib/thumb/v7-m/nofp/libc_nano.a(libc_a-mallocr.o)
 .debug_str     0x0001857b      0x534 /usr/lib/gcc/arm-none-eabi/13.2.1/../../../arm-none-eabi/lib/thumb/v7-m/nofp/libc_nano.a(libc_a-freer.o)
 .debug_str     0x0001857b      0x1c4 /usr/lib/gcc/arm-none-eabi/13.2.1/../../../arm-none-eabi/lib/thumb/v7-m/nofp/libc_nano.a(libc_a-memmove.o)
 .debug_str     0x0001857b      0x4c4 /usr/lib/gcc/arm-none-eabi/13.2.1/../../../arm-none-eabi/lib/thumb/v7-m/nofp/libc_nano.a(libc_a-fwalk.o)
 .debug_str     0x0001857b      0x4e5 /usr/lib/gcc/arm-none-eabi/13.2.1/../../../arm-none-eabi/lib/thumb/v7-m/nofp/libc_nano.a(libc_a-wsetup.o)
 .debug_str     0x0001857b      0x52a /usr/lib/gcc/arm-none-eabi/13.2.1/../../../arm-none-eabi/lib/thumb/v7-m/nofp/libc_nano.a(libc_a-reallocr.o)
 .debug_str     0x0001857b      0x793 /usr/lib/gcc/arm-none-eabi/13.2.1/../../../arm-none-eabi/lib/thumb/v7-m/nofp/libc_nano.a(libc_a-nano-vfprintf_i.o)
 .debug_str     0x0001857b      0x4d2 /usr/lib/gcc/arm-none-eabi/13.2.1/../../../arm-none-eabi/lib/thumb/v7-m/nofp/libc_nano.a(libc_a-mlock.o)
 .debug_str     0x0001857b      0x647 /usr/lib/gcc/arm-none-eabi/13.2.1/../../../arm-none-eabi/lib/thumb/v7-m/nofp/libc_nano.a(libc_a-makebuf.o)
 .debug_str     0x0001857b      0x1b5 /usr/lib/gcc/arm-none-eabi/13.2.1/../../../arm-none-eabi/lib/thumb/v7-m/nofp/libc_nano.a(libc_a-memchr-stub.o)
 .debug_str     0x0001857b      0x4b4 /usr/lib/gcc/arm-none-eabi/13.2.1/../../../arm-none-eabi/lib/thumb/v7-m/nofp/libc_nano.a(libc_a-isattyr.o)
 .debug_str     0x0001857b      0x4bd /usr/lib/gcc/arm-none-eabi/13.2.1/../../../arm-none-eabi/lib/thumb/v7-m/nofp/libc_nano.a(libc_a-sbrkr.o)
 .debug_str     0x0001857b      0x521 /usr/lib/gcc/arm-none-eabi/13.2.1/../../../arm-none-eabi/lib/thumb/v7-m/nofp/libc_nano.a(libc_a-stdio.o)
 .debug_str     0x0001857b      0x4fd /usr/lib/gcc/arm-none-eabi/13.2.1/../../../arm-none-eabi/lib/thumb/v7-m/nofp/libc_nano.a(libc_a-msizer.o)
 .debug_str     0x0001857b      0x4d0 /usr/lib/gcc/arm-none-eabi/13.2.1/../../../arm-none-eabi/lib/thumb/v7-m/nofp/libc_nano.a(libc_a-signalr.o)
 .debug_str     0x0001857b      0x4aa /usr/lib/gcc/arm-none-eabi/13.2.1/../../../arm-none-eabi/lib/thumb/v7-m/nofp/libc_nano.a(libc_a-closer.o)
 .debug_str     0x0001857b      0x4b8 /usr/lib/gcc/arm-none-eabi/13.2.1/../../../arm-none-eabi/lib/thumb/v7-m/nofp/libc_nano.a(libc_a-readr.o)
 .debug_str     0x0001857b      0x4d3 /usr/lib/gcc/arm-none-eabi/13.2.1/../../../arm-none-eabi/lib/thumb/v7-m/nofp/libc_nano.a(libc_a-reent.o)
 .debug_str     0x0001857b      0x5fc /usr/lib/gcc/arm-none-eabi/13.2.1/../../../arm-none-eabi/lib/thumb/v7-m/nofp/libc_nano.a(libc_a-fstatr.o)
 .debug_str     0x0001857b      0x4b8 /usr/lib/gcc/arm-none-eabi/13.2.1/../../../arm-none-eabi/lib/thumb/v7-m/nofp/libc_nano.a(libc_a-lseekr.o)
 .debug_str     0x0001857b      0x4ba /usr/lib/gcc/arm-none-eabi/13.2.1/../../../arm-none-eabi/lib/thumb/v7-m/nofp/libc_nano.a(libc_a-writer.o)
 .debug_str     0x0001857b      0x190 /usr/lib/gcc/arm-none-eabi/13.2.1/../../../arm-none-eabi/lib/thumb/v7-m/nofp/libnosys.a(close.o)
 .debug_str     0x0001857b      0x2dc /usr/lib/gcc/arm-none-eabi/13.2.1/../../../arm-none-eabi/lib/thumb/v7-m/nofp/libnosys.a(fstat.o)
 .debug_str     0x0001857b      0x18c /usr/lib/gcc/arm-none-eabi/13.2.1/../../../arm-none-eabi/lib/thumb/v7-m/nofp/libnosys.a(getpid.o)
 .debug_str     0x0001857b      0x191 /usr/lib/gcc/arm-none-eabi/13.2.1/../../../arm-none-eabi/lib/thumb/v7-m/nofp/libnosys.a(isatty.o)
 .debug_str     0x0001857b      0x186 /usr/lib/gcc/arm-none-eabi/13.2.1/../../../arm-none-eabi/lib/thumb/v7-m/nofp/libnosys.a(kill.o)
 .debug_str     0x0001857b      0x18e /usr/lib/gcc/arm-none-eabi/13.2.1/../../../arm-none-eabi/lib/thumb/v7-m/nofp/libnosys.a(lseek.o)
 .debug_str     0x0001857b      0x18b /usr/lib/gcc/arm-none-eabi/13.2.1/../../../arm-none-eabi/lib/thumb/v7-m/nofp/libnosys.a(read.o)
 .debug_str     0x0001857b      0x115 /usr/lib/gcc/arm-none-eabi/13.2.1/../../../arm-none-eabi/lib/thumb/v7-m/nofp/libnosys.a(sbrk.o)
 .debug_str     0x0001857b      0x18e /usr/lib/gcc/arm-none-eabi/13.2.1/../../../arm-none-eabi/lib/thumb/v7-m/nofp/libnosys.a(write.o)
 .debug_str     0x0001857b      0x161 /usr/lib/gcc/arm-none-eabi/13.2.1/../../../arm-none-eabi/lib/thumb/v7-m/nofp/libnosys.a(_exit.o)

.comment        0x00000000       0x26
 .comment       0x00000000       0x26 ./Output/tasks.o
                                 0x27 (size before relaxing)
 .comment       0x00000026       0x27 ./Output/list.o
 .comment       0x00000026       0x27 ./Output/queue.o
 .comment       0x00000026       0x27 ./Output/timers.o
 .comment       0x00000026       0x27 ./Output/heap_4.o
 .comment       0x00000026       0x27 ./Output/port.o
 .comment       0x00000026       0x27 ./Output/main.o
 .comment       0x00000026       0x27 ./Output/uart.o
 .comment       0x00000026       0x27 ./Output/startup.o
 .comment       0x00000026       0x27 /usr/lib/gcc/arm-none-eabi/13.2.1/../../../arm-none-eabi/lib/thumb/v7-m/nofp/libc_nano.a(libc_a-rand.o)
 .comment       0x00000026       0x27 /usr/lib/gcc/arm-none-eabi/13.2.1/../../../arm-none-eabi/lib/thumb/v7-m/nofp/libc_nano.a(libc_a-assert.o)
 .comment       0x00000026       0x27 /usr/lib/gcc/arm-none-eabi/13.2.1/../../../arm-none-eabi/lib/thumb/v7-m/nofp/libc_nano.a(libc_a-impure.o)
 .comment       0x00000026       0x27 /usr/lib/gcc/arm-none-eabi/13.2.1/../../../arm-none-eabi/lib/thumb/v7-m/nofp/libc_nano.a(libc_a-abort.o)
 .comment       0x00000026       0x27 /usr/lib/gcc/arm-none-eabi/13.2.1/../../../arm-none-eabi/lib/thumb/v7-m/nofp/libc_nano.a(libc_a-memset.o)
 .comment       0x00000026       0x27 /usr/lib/gcc/arm-none-eabi/13.2.1/../../../arm-none-eabi/lib/thumb/v7-m/nofp/libc_nano.a(libc_a-malloc.o)
 .comment       0x00000026       0x27 /usr/lib/gcc/arm-none-eabi/13.2.1/../../../arm-none-eabi/lib/thumb/v7-m/nofp/libc_nano.a(libc_a-fprintf.o)
 .comment       0x00000026       0x27 /usr/lib/gcc/arm-none-eabi/13.2.1/../../../arm-none-eabi/lib/thumb/v7-m/nofp/libc_nano.a(libc_a-snprintf.o)
 .comment       0x00000026       0x27 /usr/lib/gcc/arm-none-eabi/13.2.1/../../../arm-none-eabi/lib/thumb/v7-m/nofp/libc_nano.a(libc_a-nano-vfprintf.o)
 .comment       0x00000026       0x27 /usr/lib/gcc/arm-none-eabi/13.2.1/../../../arm-none-eabi/lib/thumb/v7-m/nofp/libc_nano.a(libc_a-wbuf.o)
 .comment       0x00000026       0x27 /usr/lib/gcc/arm-none-eabi/13.2.1/../../../arm-none-eabi/lib/thumb/v7-m/nofp/libc_nano.a(libc_a-nano-svfprintf.o)
 .comment       0x00000026       0x27 /usr/lib/gcc/arm-none-eabi/13.2.1/../../../arm-none-eabi/lib/thumb/v7-m/nofp/libc_nano.a(libc_a-fvwrite.o)
 .comment       0x00000026       0x27 /usr/lib/gcc/arm-none-eabi/13.2.1/../../../arm-none-eabi/lib/thumb/v7-m/nofp/libc_nano.a(libc_a-signal.o)
 .comment       0x00000026       0x27 /usr/lib/gcc/arm-none-eabi/13.2.1/../../../arm-none-eabi/lib/thumb/v7-m/nofp/libc_nano.a(libc_a-findfp.o)
 .comment       0x00000026       0x27 /usr/lib/gcc/arm-none-eabi/13.2.1/../../../arm-none-eabi/lib/thumb/v7-m/nofp/libc_nano.a(libc_a-fflush.o)
 .comment       0x00000026       0x27 /usr/lib/gcc/arm-none-eabi/13.2.1/../../../arm-none-eabi/lib/thumb/v7-m/nofp/libc_nano.a(libc_a-mallocr.o)
 .comment       0x00000026       0x27 /usr/lib/gcc/arm-none-eabi/13.2.1/../../../arm-none-eabi/lib/thumb/v7-m/nofp/libc_nano.a(libc_a-freer.o)
 .comment       0x00000026       0x27 /usr/lib/gcc/arm-none-eabi/13.2.1/../../../arm-none-eabi/lib/thumb/v7-m/nofp/libc_nano.a(libc_a-memmove.o)
 .comment       0x00000026       0x27 /usr/lib/gcc/arm-none-eabi/13.2.1/../../../arm-none-eabi/lib/thumb/v7-m/nofp/libc_nano.a(libc_a-fwalk.o)
 .comment       0x00000026       0x27 /usr/lib/gcc/arm-none-eabi/13.2.1/../../../arm-none-eabi/lib/thumb/v7-m/nofp/libc_nano.a(libc_a-wsetup.o)
 .comment       0x00000026       0x27 /usr/lib/gcc/arm-none-eabi/13.2.1/../../../arm-none-eabi/lib/thumb/v7-m/nofp/libc_nano.a(libc_a-reallocr.o)
 .comment       0x00000026       0x27 /usr/lib/gcc/arm-none-eabi/13.2.1/../../../arm-none-eabi/lib/thumb/v7-m/nofp/libc_nano.a(libc_a-nano-vfprintf_i.o)
 .comment       0x00000026       0x27 /usr/lib/gcc/arm-none-eabi/13.2.1/../../../arm-none-eabi/lib/thumb/v7-m/nofp/libc_nano.a(libc_a-mlock.o)
 .comment       0x00000026       0x27 /usr/lib/gcc/arm-none-eabi/13.2.1/../../../arm-none-eabi/lib/thumb/v7-m/nofp/libc_nano.a(libc_a-makebuf.o)
 .comment       0x00000026       0x27 /usr/lib/gcc/arm-none-eabi/13.2.1/../../../arm-none-eabi/lib/thumb/v7-m/nofp/libc_nano.a(libc_a-memchr-stub.o)
 .comment       0x00000026       0x27 /usr/lib/gcc/arm-none-eabi/13.2.1/../../../arm-none-eabi/lib/thumb/v7-m/nofp/libc_nano.a(libc_a-isattyr.o)
 .comment       0x00000026       0x27 /usr/lib/gcc/arm-none-eabi/13.2.1/../../../arm-none-eabi/lib/thumb/v7-m/nofp/libc_nano.a(libc_a-sbrkr.o)