Archive member included to satisfy reference by file (symbol)

/usr/lib/gcc/arm-none-eabi/13.2.1/../../../arm-none-eabi/lib/thumb/v7-m/nofp/libc_nano.a(libc_a-strlen-stub.o)
                              ./Output/tasks.o (strlen)
/usr/lib/gcc/arm-none-eabi/13.2.1/../../../arm-none-eabi/lib/thumb/v7-m/nofp/libc_nano.a(libc_a-memset.o)
                              ./Output/tasks.o (memset)
/usr/lib/gcc/arm-none-eabi/13.2.1/../../../arm-none-eabi/lib/thumb/v7-m/nofp/libc_nano.a(libc_a-memcpy.o)
                              ./Output/queue.o (memcpy)

Discarded input sections

 .group         0x00000000        0xc ./Output/tasks.o
 .group         0x00000000        0xc ./Output/tasks.o
 .group         0x00000000        0xc ./Output/tasks.o
 .group         0x00000000        0xc ./Output/tasks.o
 .group         0x00000000        0xc ./Output/tasks.o
 .group         0x00000000        0xc ./Output/tasks.o
 .group         0x00000000        0xc ./Output/tasks.o
 .group         0x00000000        0xc ./Output/tasks.o
 .group         0x00000000        0xc ./Output/tasks.o
 .group         0x00000000        0xc ./Output/tasks.o
 .group         0x00000000        0xc ./Output/tasks.o
 .group         0x00000000        0xc ./Output/tasks.o
 .group         0x00000000        0xc ./Output/tasks.o
 .group         0x00000000        0xc ./Output/tasks.o
 .group         0x00000000        0xc ./Output/tasks.o
 .group         0x00000000        0xc ./Output/tasks.o
 .group         0x00000000        0xc ./Output/tasks.o
 .group         0x00000000        0xc ./Output/tasks.o
 .group         0x00000000        0xc ./Output/tasks.o
 .group         0x00000000        0xc ./Output/tasks.o
 .group         0x00000000        0xc ./Output/tasks.o
 .group         0x00000000        0xc ./Output/tasks.o
 .group         0x00000000        0xc ./Output/tasks.o
 .group         0x00000000        0xc ./Output/tasks.o
 .group         0x00000000        0xc ./Output/tasks.o
 .group         0x00000000        0xc ./Output/tasks.o
 .group         0x00000000        0xc ./Output/tasks.o
 .group         0x00000000        0xc ./Output/tasks.o
 .group         0x00000000        0xc ./Output/tasks.o
 .group         0x00000000        0xc ./Output/tasks.o
 .group         0x00000000        0xc ./Output/tasks.o
 .group         0x00000000        0xc ./Output/tasks.o
 .group         0x00000000        0xc ./Output/tasks.o
 .group         0x00000000        0xc ./Output/tasks.o
 .group         0x00000000        0xc ./Output/tasks.o
 .group         0x00000000        0xc ./Output/tasks.o
 .text          0x00000000        0x0 ./Output/tasks.o
 .data          0x00000000        0x0 ./Output/tasks.o
 .bss           0x00000000        0x0 ./Output/tasks.o
 .text.prvSearchForNameWithinSingleList
                0x00000000       0x3e ./Output/tasks.o
 .text.prvTaskIsTaskSuspended
                0x00000000       0x40 ./Output/tasks.o
 .text.vTaskDelete
                0x00000000       0xd0 ./Output/tasks.o
 .text.eTaskGetState
                0x00000000       0x98 ./Output/tasks.o
 .text.uxTaskPriorityGet
                0x00000000       0x1c ./Output/tasks.o
 .text.uxTaskPriorityGetFromISR
                0x00000000       0x30 ./Output/tasks.o
 .text.uxTaskBasePriorityGet
                0x00000000       0x1c ./Output/tasks.o
 .text.uxTaskBasePriorityGetFromISR
                0x00000000       0x30 ./Output/tasks.o
 .text.vTaskPrioritySet
                0x00000000       0xdc ./Output/tasks.o
 .text.vTaskResume
                0x00000000       0x88 ./Output/tasks.o
 .text.xTaskResumeFromISR
                0x00000000       0xa8 ./Output/tasks.o
 .text.vTaskEndScheduler
                0x00000000       0x34 ./Output/tasks.o
 .text.xTaskGetTickCount
                0x00000000        0xc ./Output/tasks.o
 .text.xTaskGetTickCountFromISR
                0x00000000       0x10 ./Output/tasks.o
 .text.pcTaskGetName
                0x00000000       0x14 ./Output/tasks.o
 .text.xTaskGetIdleTaskHandle
                0x00000000       0x10 ./Output/tasks.o
 .text.xTaskGetIdleTaskHandleForCore
                0x00000000       0x14 ./Output/tasks.o
 .text.xTaskDelayUntil
                0x00000000       0x6c ./Output/tasks.o
 .text.xTaskGetHandle
                0x00000000       0x78 ./Output/tasks.o
 .text.xTaskCatchUpTicks
                0x00000000       0x30 ./Output/tasks.o
 .text.xTaskAbortDelay
                0x00000000       0x98 ./Output/tasks.o
 .text.vTaskSuspend
                0x00000000       0xe4 ./Output/tasks.o
 .text.vTaskPlaceOnUnorderedEventList
                0x00000000       0x50 ./Output/tasks.o
 .text.vTaskRemoveFromUnorderedEventList
                0x00000000       0xa4 ./Output/tasks.o
 .text.vTaskSetTimeOutState
                0x00000000       0x28 ./Output/tasks.o
 .text.uxTaskGetStackHighWaterMark
                0x00000000       0x1c ./Output/tasks.o
 .text.xTaskGetCurrentTaskHandle
                0x00000000        0xc ./Output/tasks.o
 .text.xTaskGetCurrentTaskHandleForCore
                0x00000000       0x10 ./Output/tasks.o
 .text.uxTaskResetEventItemValue
                0x00000000       0x18 ./Output/tasks.o
 .text.ulTaskGenericNotifyTake
                0x00000000       0x9c ./Output/tasks.o
 .text.xTaskGenericNotifyWait
                0x00000000       0xc4 ./Output/tasks.o
 .text.xTaskGenericNotify
                0x00000000      0x104 ./Output/tasks.o
 .text.xTaskGenericNotifyFromISR
                0x00000000      0x148 ./Output/tasks.o
 .text.vTaskGenericNotifyGiveFromISR
                0x00000000       0xf4 ./Output/tasks.o
 .text.xTaskGenericNotifyStateClear
                0x00000000       0x38 ./Output/tasks.o
 .text.ulTaskGenericNotifyValueClear
                0x00000000       0x34 ./Output/tasks.o
 .text.vTaskResetState
                0x00000000       0x64 ./Output/tasks.o
 .group         0x00000000        0xc ./Output/list.o
 .group         0x00000000        0xc ./Output/list.o
 .group         0x00000000        0xc ./Output/list.o
 .group         0x00000000        0xc ./Output/list.o
 .group         0x00000000        0xc ./Output/list.o
 .group         0x00000000        0xc ./Output/list.o
 .group         0x00000000        0xc ./Output/list.o
 .group         0x00000000        0xc ./Output/list.o
 .group         0x00000000        0xc ./Output/list.o
 .group         0x00000000        0xc ./Output/list.o
 .group         0x00000000        0xc ./Output/list.o
 .group         0x00000000        0xc ./Output/list.o
 .group         0x00000000        0xc ./Output/list.o
 .group         0x00000000        0xc ./Output/list.o
 .group         0x00000000        0xc ./Output/list.o
 .group         0x00000000        0xc ./Output/list.o
 .group         0x00000000        0xc ./Output/list.o
 .group         0x00000000        0xc ./Output/list.o
 .group         0x00000000        0xc ./Output/list.o
 .group         0x00000000        0xc ./Output/list.o
 .group         0x00000000        0xc ./Output/list.o
 .group         0x00000000        0xc ./Output/list.o
 .group         0x00000000        0xc ./Output/list.o
 .group         0x00000000        0xc ./Output/list.o
 .group         0x00000000        0xc ./Output/list.o
 .group         0x00000000        0xc ./Output/list.o
 .group         0x00000000        0xc ./Output/list.o
 .group         0x00000000        0xc ./Output/list.o
 .group         0x00000000        0xc ./Output/list.o
 .group         0x00000000        0xc ./Output/list.o
 .group         0x00000000        0xc ./Output/list.o
 .text          0x00000000        0x0 ./Output/list.o
 .data          0x00000000        0x0 ./Output/list.o
 .bss           0x00000000        0x0 ./Output/list.o
 .text.vListInsertEnd
                0x00000000       0x16 ./Output/list.o
 .debug_macro   0x00000000      0xac0 ./Output/list.o
 .debug_macro   0x00000000       0x24 ./Output/list.o
 .debug_macro   0x00000000       0x22 ./Output/list.o
 .debug_macro   0x00000000       0x60 ./Output/list.o
 .debug_macro   0x00000000       0x94 ./Output/list.o
 .debug_macro   0x00000000       0x3c ./Output/list.o
 .debug_macro   0x00000000       0x34 ./Output/list.o
 .debug_macro   0x00000000       0x16 ./Output/list.o
 .debug_macro   0x00000000      0x11c ./Output/list.o
 .debug_macro   0x00000000       0x9b ./Output/list.o
 .debug_macro   0x00000000       0x57 ./Output/list.o
 .debug_macro   0x00000000      0x370 ./Output/list.o
 .debug_macro   0x00000000       0x16 ./Output/list.o
 .debug_macro   0x00000000       0x4a ./Output/list.o
 .debug_macro   0x00000000       0x34 ./Output/list.o
 .debug_macro   0x00000000       0x10 ./Output/list.o
 .debug_macro   0x00000000       0x52 ./Output/list.o
 .debug_macro   0x00000000      0x1de ./Output/list.o
 .debug_macro   0x00000000       0x16 ./Output/list.o
 .debug_macro   0x00000000       0x29 ./Output/list.o
 .debug_macro   0x00000000      0x34e ./Output/list.o
 .debug_macro   0x00000000       0x16 ./Output/list.o
 .debug_macro   0x00000000      0x164 ./Output/list.o
 .debug_macro   0x00000000       0x1c ./Output/list.o
 .debug_macro   0x00000000      0x182 ./Output/list.o
 .debug_macro   0x00000000       0xe7 ./Output/list.o
 .debug_macro   0x00000000       0x3a ./Output/list.o
 .debug_macro   0x00000000       0x1f ./Output/list.o
 .debug_macro   0x00000000       0x12 ./Output/list.o
 .debug_macro   0x00000000      0xfd7 ./Output/list.o
 .debug_macro   0x00000000       0xc3 ./Output/list.o
 .group         0x00000000        0xc ./Output/queue.o
 .group         0x00000000        0xc ./Output/queue.o
 .group         0x00000000        0xc ./Output/queue.o
 .group         0x00000000        0xc ./Output/queue.o
 .group         0x00000000        0xc ./Output/queue.o
 .group         0x00000000        0xc ./Output/queue.o
 .group         0x00000000        0xc ./Output/queue.o
 .group         0x00000000        0xc ./Output/queue.o
 .group         0x00000000        0xc ./Output/queue.o
 .group         0x00000000        0xc ./Output/queue.o
 .group         0x00000000        0xc ./Output/queue.o
 .group         0x00000000        0xc ./Output/queue.o
 .group         0x00000000        0xc ./Output/queue.o
 .group         0x00000000        0xc ./Output/queue.o
 .group         0x00000000        0xc ./Output/queue.o
 .group         0x00000000        0xc ./Output/queue.o
 .group         0x00000000        0xc ./Output/queue.o
 .group         0x00000000        0xc ./Output/queue.o
 .group         0x00000000        0xc ./Output/queue.o
 .group         0x00000000        0xc ./Output/queue.o
 .group         0x00000000        0xc ./Output/queue.o
 .group         0x00000000        0xc ./Output/queue.o
 .group         0x00000000        0xc ./Output/queue.o
 .group         0x00000000        0xc ./Output/queue.o
 .group         0x00000000        0xc ./Output/queue.o
 .group         0x00000000        0xc ./Output/queue.o
 .group         0x00000000        0xc ./Output/queue.o
 .group         0x00000000        0xc ./Output/queue.o
 .group         0x00000000        0xc ./Output/queue.o
 .group         0x00000000        0xc ./Output/queue.o
 .group         0x00000000        0xc ./Output/queue.o
 .group         0x00000000        0xc ./Output/queue.o
 .group         0x00000000        0xc ./Output/queue.o
 .group         0x00000000        0xc ./Output/queue.o
 .group         0x00000000        0xc ./Output/queue.o
 .text          0x00000000        0x0 ./Output/queue.o
 .data          0x00000000        0x0 ./Output/queue.o
 .bss           0x00000000        0x0 ./Output/queue.o
 .text.prvCopyDataFromQueue
                0x00000000       0x28 ./Output/queue.o
 .text.xQueueGetMutexHolder
                0x00000000       0x1e ./Output/queue.o
 .text.xQueueGetMutexHolderFromISR
                0x00000000       0x10 ./Output/queue.o
 .text.xQueueCreateCountingSemaphore
                0x00000000       0x1a ./Output/queue.o
 .text.xQueueGiveMutexRecursive
                0x00000000       0x2e ./Output/queue.o
 .text.xQueueGenericSendFromISR
                0x00000000       0xb2 ./Output/queue.o
 .text.xQueueGiveFromISR
                0x00000000       0x92 ./Output/queue.o
 .text.xQueueReceive
                0x00000000      0x10c ./Output/queue.o
 .text.xQueueTakeMutexRecursive
                0x00000000       0x32 ./Output/queue.o
 .text.xQueuePeek
                0x00000000      0x108 ./Output/queue.o
 .text.xQueueReceiveFromISR
                0x00000000       0x88 ./Output/queue.o
 .text.xQueuePeekFromISR
                0x00000000       0x44 ./Output/queue.o
 .text.uxQueueMessagesWaiting
                0x00000000       0x16 ./Output/queue.o
 .text.uxQueueSpacesAvailable
                0x00000000       0x1a ./Output/queue.o
 .text.uxQueueMessagesWaitingFromISR
                0x00000000        0x8 ./Output/queue.o
 .text.uxQueueGetQueueItemSize
                0x00000000        0x4 ./Output/queue.o
 .text.uxQueueGetQueueLength
                0x00000000        0x4 ./Output/queue.o
 .text.xQueueIsQueueEmptyFromISR
                0x00000000        0xe ./Output/queue.o
 .text.xQueueIsQueueFullFromISR
                0x00000000       0x10 ./Output/queue.o
 .text.vQueueAddToRegistry
                0x00000000       0x40 ./Output/queue.o
 .text.pcQueueGetName
                0x00000000       0x2c ./Output/queue.o
 .text.vQueueUnregisterQueue
                0x00000000       0x34 ./Output/queue.o
 .text.vQueueDelete
                0x00000000       0x12 ./Output/queue.o
 .text.xQueueCreateSet
                0x00000000        0x8 ./Output/queue.o
 .text.xQueueAddToSet
                0x00000000       0x22 ./Output/queue.o
 .text.xQueueRemoveFromSet
                0x00000000       0x20 ./Output/queue.o
 .text.xQueueSelectFromSet
                0x00000000       0x16 ./Output/queue.o
 .text.xQueueSelectFromSetFromISR
                0x00000000       0x14 ./Output/queue.o
 .bss.xQueueRegistry
                0x00000000       0x50 ./Output/queue.o
 .debug_macro   0x00000000      0xac0 ./Output/queue.o
 .debug_macro   0x00000000       0x24 ./Output/queue.o
 .debug_macro   0x00000000       0x22 ./Output/queue.o
 .debug_macro   0x00000000       0x60 ./Output/queue.o
 .debug_macro   0x00000000       0x94 ./Output/queue.o
 .debug_macro   0x00000000       0x3c ./Output/queue.o
 .debug_macro   0x00000000       0x34 ./Output/queue.o
 .debug_macro   0x00000000       0x16 ./Output/queue.o
 .debug_macro   0x00000000      0x11c ./Output/queue.o
 .debug_macro   0x00000000       0x9b ./Output/queue.o
 .debug_macro   0x00000000       0x57 ./Output/queue.o
 .debug_macro   0x00000000      0x370 ./Output/queue.o
 .debug_macro   0x00000000       0x16 ./Output/queue.o
 .debug_macro   0x00000000       0x4a ./Output/queue.o
 .debug_macro   0x00000000       0x34 ./Output/queue.o
 .debug_macro   0x00000000       0x10 ./Output/queue.o
 .debug_macro   0x00000000       0x52 ./Output/queue.o
 .debug_macro   0x00000000      0x1de ./Output/queue.o
 .debug_macro   0x00000000       0x16 ./Output/queue.o
 .debug_macro   0x00000000       0x29 ./Output/queue.o
 .debug_macro   0x00000000       0x16 ./Output/queue.o
 .debug_macro   0x00000000       0x3c ./Output/queue.o
 .debug_macro   0x00000000      0x34e ./Output/queue.o
 .debug_macro   0x00000000       0x16 ./Output/queue.o
 .debug_macro   0x00000000      0x164 ./Output/queue.o
 .debug_macro   0x00000000       0x1c ./Output/queue.o
 .debug_macro   0x00000000      0x182 ./Output/queue.o
 .debug_macro   0x00000000       0xe7 ./Output/queue.o
 .debug_macro   0x00000000       0x3a ./Output/queue.o
 .debug_macro   0x00000000       0x1f ./Output/queue.o
 .debug_macro   0x00000000       0x12 ./Output/queue.o
 .debug_macro   0x00000000      0xfd7 ./Output/queue.o
 .debug_macro   0x00000000       0xc3 ./Output/queue.o
 .debug_macro   0x00000000      0x14f ./Output/queue.o
 .group         0x00000000        0xc ./Output/heap_4.o
 .group         0x00000000        0xc ./Output/heap_4.o
 .group         0x00000000        0xc ./Output/heap_4.o
 .group         0x00000000        0xc ./Output/heap_4.o
 .group         0x00000000        0xc ./Output/heap_4.o
 .group         0x00000000        0xc ./Output/heap_4.o
 .group         0x00000000        0xc ./Output/heap_4.o
 .group         0x00000000        0xc ./Output/heap_4.o
 .group         0x00000000        0xc ./Output/heap_4.o
 .group         0x00000000        0xc ./Output/heap_4.o
 .group         0x00000000        0xc ./Output/heap_4.o
 .group         0x00000000        0xc ./Output/heap_4.o
 .group         0x00000000        0xc ./Output/heap_4.o
 .group         0x00000000        0xc ./Output/heap_4.o
 .group         0x00000000        0xc ./Output/heap_4.o
 .group         0x00000000        0xc ./Output/heap_4.o
 .group         0x00000000        0xc ./Output/heap_4.o
 .group         0x00000000        0xc ./Output/heap_4.o
 .group         0x00000000        0xc ./Output/heap_4.o
 .group         0x00000000        0xc ./Output/heap_4.o
 .group         0x00000000        0xc ./Output/heap_4.o
 .group         0x00000000        0xc ./Output/heap_4.o
 .group         0x00000000        0xc ./Output/heap_4.o
 .group         0x00000000        0xc ./Output/heap_4.o
 .group         0x00000000        0xc ./Output/heap_4.o
 .group         0x00000000        0xc ./Output/heap_4.o
 .group         0x00000000        0xc ./Output/heap_4.o
 .group         0x00000000        0xc ./Output/heap_4.o
 .group         0x00000000        0xc ./Output/heap_4.o
 .group         0x00000000        0xc ./Output/heap_4.o
 .group         0x00000000        0xc ./Output/heap_4.o
 .group         0x00000000        0xc ./Output/heap_4.o
 .group         0x00000000        0xc ./Output/heap_4.o
 .group         0x00000000        0xc ./Output/heap_4.o
 .text          0x00000000        0x0 ./Output/heap_4.o
 .data          0x00000000        0x0 ./Output/heap_4.o
 .bss           0x00000000        0x0 ./Output/heap_4.o
 .text.xPortGetFreeHeapSize
                0x00000000        0xc ./Output/heap_4.o
 .text.xPortGetMinimumEverFreeHeapSize
                0x00000000        0xc ./Output/heap_4.o
 .text.vPortInitialiseBlocks
                0x00000000        0x2 ./Output/heap_4.o
 .text.pvPortCalloc
                0x00000000       0x2a ./Output/heap_4.o
 .text.vPortGetHeapStats
                0x00000000       0x84 ./Output/heap_4.o
 .text.vPortHeapResetState
                0x00000000       0x2c ./Output/heap_4.o
 .debug_macro   0x00000000      0xac0 ./Output/heap_4.o
 .debug_macro   0x00000000       0x24 ./Output/heap_4.o
 .debug_macro   0x00000000       0x22 ./Output/heap_4.o
 .debug_macro   0x00000000       0x60 ./Output/heap_4.o
 .debug_macro   0x00000000       0x94 ./Output/heap_4.o
 .debug_macro   0x00000000       0x3c ./Output/heap_4.o
 .debug_macro   0x00000000       0x34 ./Output/heap_4.o
 .debug_macro   0x00000000       0x16 ./Output/heap_4.o
 .debug_macro   0x00000000      0x11c ./Output/heap_4.o
 .debug_macro   0x00000000       0x9b ./Output/heap_4.o
 .debug_macro   0x00000000       0x57 ./Output/heap_4.o
 .debug_macro   0x00000000      0x370 ./Output/heap_4.o
 .debug_macro   0x00000000       0x16 ./Output/heap_4.o
 .debug_macro   0x00000000       0x4a ./Output/heap_4.o
 .debug_macro   0x00000000       0x34 ./Output/heap_4.o
 .debug_macro   0x00000000       0x10 ./Output/heap_4.o
 .debug_macro   0x00000000       0x52 ./Output/heap_4.o
 .debug_macro   0x00000000      0x1de ./Output/heap_4.o
 .debug_macro   0x00000000       0x16 ./Output/heap_4.o
 .debug_macro   0x00000000       0x29 ./Output/heap_4.o
 .debug_macro   0x00000000       0x16 ./Output/heap_4.o
 .debug_macro   0x00000000       0x3c ./Output/heap_4.o
 .debug_macro   0x00000000      0x34e ./Output/heap_4.o
 .debug_macro   0x00000000       0x16 ./Output/heap_4.o
 .debug_macro   0x00000000      0x164 ./Output/heap_4.o
 .debug_macro   0x00000000       0x1c ./Output/heap_4.o
 .debug_macro   0x00000000      0x182 ./Output/heap_4.o
 .debug_macro   0x00000000       0xe7 ./Output/heap_4.o
 .debug_macro   0x00000000       0x3a ./Output/heap_4.o
 .debug_macro   0x00000000       0x1f ./Output/heap_4.o
 .debug_macro   0x00000000       0x12 ./Output/heap_4.o
 .debug_macro   0x00000000      0xfd7 ./Output/heap_4.o
 .debug_macro   0x00000000       0xc3 ./Output/heap_4.o
 .debug_macro   0x00000000      0x14f ./Output/heap_4.o
 .group         0x00000000        0xc ./Output/port.o
 .group         0x00000000        0xc ./Output/port.o
 .group         0x00000000        0xc ./Output/port.o
 .group         0x00000000        0xc ./Output/port.o
 .group         0x00000000        0xc ./Output/port.o
 .group         0x00000000        0xc ./Output/port.o
 .group         0x00000000        0xc ./Output/port.o
 .group         0x00000000        0xc ./Output/port.o
 .group         0x00000000        0xc ./Output/port.o
 .group         0x00000000        0xc ./Output/port.o
 .group         0x00000000        0xc ./Output/port.o
 .group         0x00000000        0xc ./Output/port.o
 .group         0x00000000        0xc ./Output/port.o
 .group         0x00000000        0xc ./Output/port.o
 .text          0x00000000        0x0 ./Output/port.o
 .data          0x00000000        0x0 ./Output/port.o
 .bss           0x00000000        0x0 ./Output/port.o
 .text.vPortEndScheduler
                0x00000000       0x14 ./Output/port.o
 .text.vPortValidateInterruptPriority
                0x00000000       0x3c ./Output/port.o
 .debug_macro   0x00000000      0xac0 ./Output/port.o
 .debug_macro   0x00000000      0x34e ./Output/port.o
 .debug_macro   0x00000000       0x16 ./Output/port.o
 .debug_macro   0x00000000      0x164 ./Output/port.o
 .debug_macro   0x00000000       0x1c ./Output/port.o
 .debug_macro   0x00000000      0x182 ./Output/port.o
 .debug_macro   0x00000000       0xe7 ./Output/port.o
 .debug_macro   0x00000000       0x3a ./Output/port.o
 .debug_macro   0x00000000       0x1f ./Output/port.o
 .debug_macro   0x00000000       0x12 ./Output/port.o
 .debug_macro   0x00000000      0xfd7 ./Output/port.o
 .debug_macro   0x00000000       0xc3 ./Output/port.o
 .debug_macro   0x00000000      0x14f ./Output/port.o
 .group         0x00000000        0xc ./Output/main.o
 .group         0x00000000        0xc ./Output/main.o
 .group         0x00000000        0xc ./Output/main.o
 .group         0x00000000        0xc ./Output/main.o
 .group         0x00000000        0xc ./Output/main.o
 .group         0x00000000        0xc ./Output/main.o
 .group         0x00000000        0xc ./Output/main.o
 .group         0x00000000        0xc ./Output/main.o
 .group         0x00000000        0xc ./Output/main.o
 .group         0x00000000        0xc ./Output/main.o
 .group         0x00000000        0xc ./Output/main.o
 .group         0x00000000        0xc ./Output/main.o
 .group         0x00000000        0xc ./Output/main.o
 .group         0x00000000        0xc ./Output/main.o
 .group         0x00000000        0xc ./Output/main.o
 .group         0x00000000        0xc ./Output/main.o
 .group         0x00000000        0xc ./Output/main.o
 .group         0x00000000        0xc ./Output/main.o
 .group         0x00000000        0xc ./Output/main.o
 .group         0x00000000        0xc ./Output/main.o
 .group         0x00000000        0xc ./Output/main.o
 .group         0x00000000        0xc ./Output/main.o
 .group         0x00000000        0xc ./Output/main.o
 .group         0x00000000        0xc ./Output/main.o
 .group         0x00000000        0xc ./Output/main.o
 .group         0x00000000        0xc ./Output/main.o
 .group         0x00000000        0xc ./Output/main.o
 .group         0x00000000        0xc ./Output/main.o
 .group         0x00000000        0xc ./Output/main.o
 .group         0x00000000        0xc ./Output/main.o
 .group         0x00000000        0xc ./Output/main.o
 .group         0x00000000        0xc ./Output/main.o
 .group         0x00000000        0xc ./Output/main.o
 .group         0x00000000        0xc ./Output/main.o
 .group         0x00000000        0xc ./Output/main.o
 .group         0x00000000        0xc ./Output/main.o
 .group         0x00000000        0xc ./Output/main.o
 .group         0x00000000        0xc ./Output/main.o
 .text          0x00000000        0x0 ./Output/main.o
 .data          0x00000000        0x0 ./Output/main.o
 .bss           0x00000000        0x0 ./Output/main.o
 .debug_macro   0x00000000      0xac0 ./Output/main.o
 .debug_macro   0x00000000      0x190 ./Output/main.o
 .debug_macro   0x00000000      0x34e ./Output/main.o
 .debug_macro   0x00000000       0x16 ./Output/main.o
 .debug_macro   0x00000000      0x164 ./Output/main.o
 .debug_macro   0x00000000       0x1c ./Output/main.o
 .debug_macro   0x00000000      0x182 ./Output/main.o
 .debug_macro   0x00000000       0xe7 ./Output/main.o
 .debug_macro   0x00000000       0x3a ./Output/main.o
 .debug_macro   0x00000000       0x1f ./Output/main.o
 .debug_macro   0x00000000       0x12 ./Output/main.o
 .debug_macro   0x00000000      0xfd7 ./Output/main.o
 .debug_macro   0x00000000       0xc3 ./Output/main.o
 .debug_macro   0x00000000      0x14f ./Output/main.o
 .debug_macro   0x00000000       0x80 ./Output/main.o
 .debug_macro   0x00000000       0x22 ./Output/main.o
 .debug_macro   0x00000000       0x60 ./Output/main.o
 .debug_macro   0x00000000       0x24 ./Output/main.o
 .debug_macro   0x00000000       0x94 ./Output/main.o
 .debug_macro   0x00000000       0x3c ./Output/main.o
 .debug_macro   0x00000000       0x34 ./Output/main.o
 .debug_macro   0x00000000       0x57 ./Output/main.o
 .debug_macro   0x00000000       0x3c ./Output/main.o
 .debug_macro   0x00000000      0x370 ./Output/main.o
 .debug_macro   0x00000000       0x16 ./Output/main.o
 .debug_macro   0x00000000       0x4a ./Output/main.o
 .debug_macro   0x00000000       0x34 ./Output/main.o
 .debug_macro   0x00000000       0x10 ./Output/main.o
 .debug_macro   0x00000000       0x52 ./Output/main.o
 .debug_macro   0x00000000      0x1de ./Output/main.o
 .group         0x00000000        0xc ./Output/uart.o
 .group         0x00000000        0xc ./Output/uart.o
 .group         0x00000000        0xc ./Output/uart.o
 .group         0x00000000        0xc ./Output/uart.o
 .group         0x00000000        0xc ./Output/uart.o
 .group         0x00000000        0xc ./Output/uart.o
 .group         0x00000000        0xc ./Output/uart.o
 .group         0x00000000        0xc ./Output/uart.o
 .group         0x00000000        0xc ./Output/uart.o
 .group         0x00000000        0xc ./Output/uart.o
 .group         0x00000000        0xc ./Output/uart.o
 .group         0x00000000        0xc ./Output/uart.o
 .group         0x00000000        0xc ./Output/uart.o
 .group         0x00000000        0xc ./Output/uart.o
 .group         0x00000000        0xc ./Output/uart.o
 .text          0x00000000        0x0 ./Output/uart.o
 .data          0x00000000        0x0 ./Output/uart.o
 .bss           0x00000000        0x0 ./Output/uart.o
 .debug_macro   0x00000000      0xac0 ./Output/uart.o
 .debug_macro   0x00000000      0x190 ./Output/uart.o
 .debug_macro   0x00000000      0x34e ./Output/uart.o
 .debug_macro   0x00000000       0x16 ./Output/uart.o
 .debug_macro   0x00000000      0x164 ./Output/uart.o
 .debug_macro   0x00000000       0x1c ./Output/uart.o
 .debug_macro   0x00000000      0x182 ./Output/uart.o
 .debug_macro   0x00000000       0xe7 ./Output/uart.o
 .debug_macro   0x00000000       0x3a ./Output/uart.o
 .debug_macro   0x00000000       0x1f ./Output/uart.o
 .debug_macro   0x00000000       0x12 ./Output/uart.o
 .debug_macro   0x00000000      0xfd7 ./Output/uart.o
 .debug_macro   0x00000000       0x22 ./Output/uart.o
 .debug_macro   0x00000000       0x58 ./Output/uart.o
 .debug_macro   0x00000000       0x22 ./Output/uart.o
 .group         0x00000000        0xc ./Output/startup.o
 .group         0x00000000        0xc ./Output/startup.o
 .group         0x00000000        0xc ./Output/startup.o
 .group         0x00000000        0xc ./Output/startup.o
 .group         0x00000000        0xc ./Output/startup.o
 .group         0x00000000        0xc ./Output/startup.o
 .group         0x00000000        0xc ./Output/startup.o
 .group         0x00000000        0xc ./Output/startup.o
 .group         0x00000000        0xc ./Output/startup.o
 .group         0x00000000        0xc ./Output/startup.o
 .group         0x00000000        0xc ./Output/startup.o
 .group         0x00000000        0xc ./Output/startup.o
 .group         0x00000000        0xc ./Output/startup.o
 .group         0x00000000        0xc ./Output/startup.o
 .group         0x00000000        0xc ./Output/startup.o
 .text          0x00000000        0x0 ./Output/startup.o
 .data          0x00000000        0x0 ./Output/startup.o
 .bss           0x00000000        0x0 ./Output/startup.o
 .debug_macro   0x00000000      0xac0 ./Output/startup.o
 .debug_macro   0x00000000      0x190 ./Output/startup.o
 .debug_macro   0x00000000      0x34e ./Output/startup.o
 .debug_macro   0x00000000       0x16 ./Output/startup.o
 .debug_macro   0x00000000      0x164 ./Output/startup.o
 .debug_macro   0x00000000       0x1c ./Output/startup.o
 .debug_macro   0x00000000      0x182 ./Output/startup.o
 .debug_macro   0x00000000       0xe7 ./Output/startup.o
 .debug_macro   0x00000000       0x3a ./Output/startup.o
 .debug_macro   0x00000000       0x1f ./Output/startup.o
 .debug_macro   0x00000000       0x12 ./Output/startup.o
 .debug_macro   0x00000000      0xfd7 ./Output/startup.o
 .debug_macro   0x00000000       0x22 ./Output/startup.o
 .debug_macro   0x00000000       0x58 ./Output/startup.o
 .debug_macro   0x00000000       0x22 ./Output/startup.o
 .text          0x00000000       0x5c /usr/lib/gcc/arm-none-eabi/13.2.1/../../../arm-none-eabi/lib/thumb/v7-m/nofp/libc_nano.a(libc_a-strlen-stub.o)
 .data          0x00000000        0x0 /usr/lib/gcc/arm-none-eabi/13.2.1/../../../arm-none-eabi/lib/thumb/v7-m/nofp/libc_nano.a(libc_a-strlen-stub.o)
 .bss           0x00000000        0x0 /usr/lib/gcc/arm-none-eabi/13.2.1/../../../arm-none-eabi/lib/thumb/v7-m/nofp/libc_nano.a(libc_a-strlen-stub.o)
 .debug_info    0x00000000       0xbd /usr/lib/gcc/arm-none-eabi/13.2.1/../../../arm-none-eabi/lib/thumb/v7-m/nofp/libc_nano.a(libc_a-strlen-stub.o)
 .debug_abbrev  0x00000000       0x78 /usr/lib/gcc/arm-none-eabi/13.2.1/../../../arm-none-eabi/lib/thumb/v7-m/nofp/libc_nano.a(libc_a-strlen-stub.o)
 .debug_loclists
                0x00000000       0x29 /usr/lib/gcc/arm-none-eabi/13.2.1/../../../arm-none-eabi/lib/thumb/v7-m/nofp/libc_nano.a(libc_a-strlen-stub.o)
 .debug_aranges
                0x00000000       0x20 /usr/lib/gcc/arm-none-eabi/13.2.1/../../../arm-none-eabi/lib/thumb/v7-m/nofp/libc_nano.a(libc_a-strlen-stub.o)
 .debug_rnglists
                0x00000000       0x13 /usr/lib/gcc/arm-none-eabi/13.2.1/../../../arm-none-eabi/lib/thumb/v7-m/nofp/libc_nano.a(libc_a-strlen-stub.o)
 .debug_line    0x00000000       0xf4 /usr/lib/gcc/arm-none-eabi/13.2.1/../../../arm-none-eabi/lib/thumb/v7-m/nofp/libc_nano.a(libc_a-strlen-stub.o)
 .debug_str     0x00000000      0x19b /usr/lib/gcc/arm-none-eabi/13.2.1/../../../arm-none-eabi/lib/thumb/v7-m/nofp/libc_nano.a(libc_a-strlen-stub.o)
 .comment       0x00000000       0x27 /usr/lib/gcc/arm-none-eabi/13.2.1/../../../arm-none-eabi/lib/thumb/v7-m/nofp/libc_nano.a(libc_a-strlen-stub.o)
 .debug_frame   0x00000000       0x20 /usr/lib/gcc/arm-none-eabi/13.2.1/../../../arm-none-eabi/lib/thumb/v7-m/nofp/libc_nano.a(libc_a-strlen-stub.o)
 .ARM.attributes
                0x00000000       0x2d /usr/lib/gcc/arm-none-eabi/13.2.1/../../../arm-none-eabi/lib/thumb/v7-m/nofp/libc_nano.a(libc_a-strlen-stub.o)
 .data          0x00000000        0x0 /usr/lib/gcc/arm-none-eabi/13.2.1/../../../arm-none-eabi/lib/thumb/v7-m/nofp/libc_nano.a(libc_a-memset.o)
 .bss           0x00000000        0x0 /usr/lib/gcc/arm-none-eabi/13.2.1/../../../arm-none-eabi/lib/thumb/v7-m/nofp/libc_nano.a(libc_a-memset.o)
 .data          0x00000000        0x0 /usr/lib/gcc/arm-none-eabi/13.2.1/../../../arm-none-eabi/lib/thumb/v7-m/nofp/libc_nano.a(libc_a-memcpy.o)
 .bss           0x00000000        0x0 /usr/lib/gcc/arm-none-eabi/13.2.1/../../../arm-none-eabi/lib/thumb/v7-m/nofp/libc_nano.a(libc_a-memcpy.o)
 .ARM.extab     0x00000000        0x0 /usr/lib/gcc/arm-none-eabi/13.2.1/../../../arm-none-eabi/lib/thumb/v7-m/nofp/libc_nano.a(libc_a-memcpy.o)
 .eh_frame      0x00000000       0x2c /usr/lib/gcc/arm-none-eabi/13.2.1/../../../arm-none-eabi/lib/thumb/v7-m/nofp/libc_nano.a(libc_a-memcpy.o)

Memory Configuration

Name             Origin             Length             Attributes
FLASH            0x00000000         0x00400000         xr
RAM              0x20000000         0x00400000         rw
*default*        0x00000000         0xffffffff

Linker script and memory map

LOAD ./Output/tasks.o
LOAD ./Output/list.o
LOAD ./Output/queue.o
LOAD ./Output/heap_4.o
LOAD ./Output/port.o
LOAD ./Output/main.o
LOAD ./Output/uart.o
LOAD ./Output/startup.o
START GROUP
LOAD /usr/lib/gcc/arm-none-eabi/13.2.1/thumb/v7-m/nofp/libgcc.a
LOAD /usr/lib/gcc/arm-none-eabi/13.2.1/../../../arm-none-eabi/lib/thumb/v7-m/nofp/libc_nano.a
END GROUP
START GROUP
LOAD /usr/lib/gcc/arm-none-eabi/13.2.1/thumb/v7-m/nofp/libgcc.a
LOAD /usr/lib/gcc/arm-none-eabi/13.2.1/../../../arm-none-eabi/lib/thumb/v7-m/nofp/libc_nano.a
LOAD /usr/lib/gcc/arm-none-eabi/13.2.1/../../../arm-none-eabi/lib/thumb/v7-m/nofp/libnosys.a
END GROUP
START GROUP
LOAD /usr/lib/gcc/arm-none-eabi/13.2.1/thumb/v7-m/nofp/libgcc.a
LOAD /usr/lib/gcc/arm-none-eabi/13.2.1/../../../arm-none-eabi/lib/thumb/v7-m/nofp/libc_nano.a
LOAD /usr/lib/gcc/arm-none-eabi/13.2.1/../../../arm-none-eabi/lib/thumb/v7-m/nofp/libnosys.a
END GROUP
                0x00000008                        _Min_Heap_Size = 0x8
                0x00000400                        _Min_Stack_Size = 0x400
                0x20400000                        _estack = (ORIGIN (RAM) + LENGTH (RAM))

.isr_vector     0x00000000       0x78
                0x00000000                        __vector_table = .
 *(.isr_vector)
 .isr_vector    0x00000000       0x78 ./Output/startup.o
                0x00000000                isr_vector
                0x00000078                        . = ALIGN (0x4)

.text           0x00000078      0x25c
 *(.text)
 .text          0x00000078       0xa0 /usr/lib/gcc/arm-none-eabi/13.2.1/../../../arm-none-eabi/lib/thumb/v7-m/nofp/libc_nano.a(libc_a-memset.o)
                0x00000078                memset
 .text          0x00000118       0xec /usr/lib/gcc/arm-none-eabi/13.2.1/../../../arm-none-eabi/lib/thumb/v7-m/nofp/libc_nano.a(libc_a-memcpy.o)
                0x00000118                memcpy
 *(.rodata*)
 .rodata.vTaskStartScheduler.str1.1
                0x00000204       0xcc ./Output/tasks.o
                                  0x5 (size before relaxing)
 .rodata.uxTopUsedPriority
                0x000002d0        0x4 ./Output/tasks.o
 .rodata.InspectionTask.str1.1
                0x000002d4       0x29 ./Output/main.o
 .rodata.LoggerTask.str1.1
                0x000002d4       0x18 ./Output/main.o
 .rodata.ConveyorTask.str1.1
                0x000002d4       0x2a ./Output/main.o
 .rodata.main.str1.1
                0x000002d4       0x26 ./Output/main.o
 .rodata.prvGetRegistersFromStack.str1.1
                0x000002d4       0x36 ./Output/startup.o
 *(.constdata*)
                0x000002d4                        _etext = .
                0x000002d4                        _sidata = .

.glue_7         0x000002d4        0x0
 .glue_7        0x000002d4        0x0 linker stubs

.glue_7t        0x000002d4        0x0
 .glue_7t       0x000002d4        0x0 linker stubs

.vfp11_veneer   0x000002d4        0x0
 .vfp11_veneer  0x000002d4        0x0 linker stubs

.v4_bx          0x000002d4        0x0
 .v4_bx         0x000002d4        0x0 linker stubs

.text.prvAddCurrentTaskToDelayedList
                0x000002d4       0xb4
 .text.prvAddCurrentTaskToDelayedList
                0x000002d4       0xb4 ./Output/tasks.o

.text.prvResetNextTaskUnblockTime
                0x00000388       0x24
 .text.prvResetNextTaskUnblockTime
                0x00000388       0x24 ./Output/tasks.o

.text.prvCheckTasksWaitingTermination
                0x000003ac       0x48
 .text.prvCheckTasksWaitingTermination
                0x000003ac       0x48 ./Output/tasks.o

.text.prvIdleTask
                0x000003f4        0x8
 .text.prvIdleTask
                0x000003f4        0x8 ./Output/tasks.o

.text.xTaskCreate
                0x000003fc      0x1c0
 .text.xTaskCreate
                0x000003fc      0x1c0 ./Output/tasks.o
                0x000003fc                xTaskCreate

.text.vTaskStartScheduler
                0x000005bc       0x7c
 .text.vTaskStartScheduler
                0x000005bc       0x7c ./Output/tasks.o
                0x000005bc                vTaskStartScheduler

.text.vTaskSuspendAll
                0x00000638       0x10
 .text.vTaskSuspendAll
                0x00000638       0x10 ./Output/tasks.o
                0x00000638                vTaskSuspendAll

.text.uxTaskGetNumberOfTasks
                0x00000648        0xc
 .text.uxTaskGetNumberOfTasks
                0x00000648        0xc ./Output/tasks.o
                0x00000648                uxTaskGetNumberOfTasks

.text.xTaskIncrementTick
                0x00000654      0x180
 .text.xTaskIncrementTick
                0x00000654      0x180 ./Output/tasks.o
                0x00000654                xTaskIncrementTick

.text.xTaskResumeAll
                0x000007d4      0x150
 .text.xTaskResumeAll
                0x000007d4      0x150 ./Output/tasks.o
                0x000007d4                xTaskResumeAll

.text.vTaskDelay
                0x00000924       0x3c
 .text.vTaskDelay
                0x00000924       0x3c ./Output/tasks.o
                0x00000924                vTaskDelay

.text.vTaskSwitchContext
                0x00000960       0x68
 .text.vTaskSwitchContext
                0x00000960       0x68 ./Output/tasks.o
                0x00000960                vTaskSwitchContext

.text.vTaskPlaceOnEventList
                0x000009c8       0x24
 .text.vTaskPlaceOnEventList
                0x000009c8       0x24 ./Output/tasks.o
                0x000009c8                vTaskPlaceOnEventList

.text.xTaskRemoveFromEventList
                0x000009ec       0xbc
 .text.xTaskRemoveFromEventList
                0x000009ec       0xbc ./Output/tasks.o
                0x000009ec                xTaskRemoveFromEventList

.text.vTaskInternalSetTimeOutState
                0x00000aa8       0x18
 .text.vTaskInternalSetTimeOutState
                0x00000aa8       0x18 ./Output/tasks.o
                0x00000aa8                vTaskInternalSetTimeOutState

.text.xTaskCheckForTimeOut
                0x00000ac0       0x70
 .text.xTaskCheckForTimeOut
                0x00000ac0       0x70 ./Output/tasks.o
                0x00000ac0                xTaskCheckForTimeOut

.text.vTaskMissedYield
                0x00000b30        0xc
 .text.vTaskMissedYield
                0x00000b30        0xc ./Output/tasks.o
                0x00000b30                vTaskMissedYield

.text.xTaskGetSchedulerState
                0x00000b3c       0x20
 .text.xTaskGetSchedulerState
                0x00000b3c       0x20 ./Output/tasks.o
                0x00000b3c                xTaskGetSchedulerState

.text.xTaskPriorityInherit
                0x00000b5c       0xa0
 .text.xTaskPriorityInherit
                0x00000b5c       0xa0 ./Output/tasks.o
                0x00000b5c                xTaskPriorityInherit

.text.xTaskPriorityDisinherit
                0x00000bfc       0x84
 .text.xTaskPriorityDisinherit
                0x00000bfc       0x84 ./Output/tasks.o
                0x00000bfc                xTaskPriorityDisinherit

.text.vTaskPriorityDisinheritAfterTimeout
                0x00000c80       0x94
 .text.vTaskPriorityDisinheritAfterTimeout
                0x00000c80       0x94 ./Output/tasks.o
                0x00000c80                vTaskPriorityDisinheritAfterTimeout

.text.pvTaskIncrementMutexHeldCount
                0x00000d14       0x14
 .text.pvTaskIncrementMutexHeldCount
                0x00000d14       0x14 ./Output/tasks.o
                0x00000d14                pvTaskIncrementMutexHeldCount

.iplt           0x00000d28        0x0
 .iplt          0x00000d28        0x0 ./Output/tasks.o

.text.vListInitialise
                0x00000d28       0x16
 .text.vListInitialise
                0x00000d28       0x16 ./Output/list.o
                0x00000d28                vListInitialise

.text.vListInitialiseItem
                0x00000d3e        0x6
 .text.vListInitialiseItem
                0x00000d3e        0x6 ./Output/list.o
                0x00000d3e                vListInitialiseItem

.text.vListInsert
                0x00000d44       0x2e
 .text.vListInsert
                0x00000d44       0x2e ./Output/list.o
                0x00000d44                vListInsert

.text.uxListRemove
                0x00000d72       0x1e
 .text.uxListRemove
                0x00000d72       0x1e ./Output/list.o
                0x00000d72                uxListRemove

.text.prvIsQueueEmpty
                0x00000d90       0x16
 .text.prvIsQueueEmpty
                0x00000d90       0x16 ./Output/queue.o

.text.prvCopyDataToQueue
                0x00000da6       0x66
 .text.prvCopyDataToQueue
                0x00000da6       0x66 ./Output/queue.o

.text.prvNotifyQueueSetContainer
                0x00000e0c       0x64
 .text.prvNotifyQueueSetContainer
                0x00000e0c       0x64 ./Output/queue.o

.text.prvUnlockQueue
                0x00000e70       0x78
 .text.prvUnlockQueue
                0x00000e70       0x78 ./Output/queue.o

.text.xQueueGenericReset
                0x00000ee8       0x7a
 .text.xQueueGenericReset
                0x00000ee8       0x7a ./Output/queue.o
                0x00000ee8                xQueueGenericReset

.text.xQueueGenericCreate
                0x00000f62       0x42
 .text.xQueueGenericCreate
                0x00000f62       0x42 ./Output/queue.o
                0x00000f62                xQueueGenericCreate

.text.xQueueGenericSend
                0x00000fa4      0x138
 .text.xQueueGenericSend
                0x00000fa4      0x138 ./Output/queue.o
                0x00000fa4                xQueueGenericSend

.text.xQueueCreateMutex
                0x000010dc       0x24
 .text.xQueueCreateMutex
                0x000010dc       0x24 ./Output/queue.o
                0x000010dc                xQueueCreateMutex

.text.xQueueSemaphoreTake
                0x00001100      0x138
 .text.xQueueSemaphoreTake
                0x00001100      0x138 ./Output/queue.o
                0x00001100                xQueueSemaphoreTake

.text.pvPortMalloc
                0x00001238      0x130
 .text.pvPortMalloc
                0x00001238      0x130 ./Output/heap_4.o
                0x00001238                pvPortMalloc

.text.vPortFree
                0x00001368       0xbc
 .text.vPortFree
                0x00001368       0xbc ./Output/heap_4.o
                0x00001368                vPortFree

.text.prvTaskExitError
                0x00001424       0x30
 .text.prvTaskExitError
                0x00001424       0x30 ./Output/port.o

.text.vPortSVCHandler
                0x00001454       0x24
 .text.vPortSVCHandler
                0x00001454       0x24 ./Output/port.o
                0x00001454                vPortSVCHandler

.text.prvPortStartFirstTask
                0x00001478       0x20
 .text.prvPortStartFirstTask
                0x00001478       0x20 ./Output/port.o

.text.xPortPendSVHandler
                0x00001498       0x44
 .text.xPortPendSVHandler
                0x00001498       0x44 ./Output/port.o
                0x00001498                xPortPendSVHandler

.text.pxPortInitialiseStack
                0x000014dc       0x24
 .text.pxPortInitialiseStack
                0x000014dc       0x24 ./Output/port.o
                0x000014dc                pxPortInitialiseStack

.text.vPortEnterCritical
                0x00001500       0x30
 .text.vPortEnterCritical
                0x00001500       0x30 ./Output/port.o
                0x00001500                vPortEnterCritical

.text.vPortExitCritical
                0x00001530       0x18
 .text.vPortExitCritical
                0x00001530       0x18 ./Output/port.o
                0x00001530                vPortExitCritical

.text.xPortSysTickHandler
                0x00001548       0x2c
 .text.xPortSysTickHandler
                0x00001548       0x2c ./Output/port.o
                0x00001548                xPortSysTickHandler

.text.vPortSetupTimerInterrupt
                0x00001574       0x16
 .text.vPortSetupTimerInterrupt
                0x00001574       0x16 ./Output/port.o
                0x00001574                vPortSetupTimerInterrupt

.text.xPortStartScheduler
                0x0000158c       0xe4
 .text.xPortStartScheduler
                0x0000158c       0xe4 ./Output/port.o
                0x0000158c                xPortStartScheduler

.text.InspectionTask
                0x00001670       0x38
 .text.InspectionTask
                0x00001670       0x38 ./Output/main.o
                0x00001670                InspectionTask

.text.LoggerTask
                0x000016a8       0x18
 .text.LoggerTask
                0x000016a8       0x18 ./Output/main.o
                0x000016a8                LoggerTask

.text.ConveyorTask
                0x000016c0       0x64
 .text.ConveyorTask
                0x000016c0       0x64 ./Output/main.o
                0x000016c0                ConveyorTask

.text.startup.main
                0x00001724       0x98
 .text.startup.main
                0x00001724       0x98 ./Output/main.o
                0x00001724                main

.text.UART_init
                0x000017bc        0xe
 .text.UART_init
                0x000017bc        0xe ./Output/uart.o
                0x000017bc                UART_init

.text.UART_print_int
                0x000017ca       0x5c
 .text.UART_print_int
                0x000017ca       0x5c ./Output/uart.o
                0x000017ca                UART_print_int

.text.UART_printf
                0x00001826       0x3e
 .text.UART_printf
                0x00001826       0x3e ./Output/uart.o
                0x00001826                UART_printf

.text.Default_Handler
                0x00001900        0xc
 .text.Default_Handler
                0x00001900        0xc ./Output/startup.o

.text.HardFault_Handler
                0x00001a00       0x18
 .text.HardFault_Handler
                0x00001a00       0x18 ./Output/startup.o

.text.Reset_Handler
                0x00001a18        0x4
 .text.Reset_Handler
                0x00001a18        0x4 ./Output/startup.o
                0x00001a18                Reset_Handler

.text.prvGetRegistersFromStack
                0x00001a1c       0x60
 .text.prvGetRegistersFromStack
                0x00001a1c       0x60 ./Output/startup.o
                0x00001a1c                prvGetRegistersFromStack

.rel.dyn        0x00001a7c        0x0
 .rel.iplt      0x00001a7c        0x0 ./Output/tasks.o

.ARM.exidx      0x00001a7c        0x8
 .ARM.exidx     0x00001a7c        0x8 /usr/lib/gcc/arm-none-eabi/13.2.1/../../../arm-none-eabi/lib/thumb/v7-m/nofp/libc_nano.a(libc_a-memcpy.o)

.data           0x20000000        0x0
                0x20000000                        . = ALIGN (0x8)
                0x20000000                        _data = .
                0x20000000                        _sdata = .
 *(vtable)
 *(.data)
                0x20000000                        _edata = .

.igot.plt       0x20000000        0x0
 .igot.plt      0x20000000        0x0 ./Output/tasks.o

.data.uxCriticalNesting
                0x20000000        0x4
 .data.uxCriticalNesting
                0x20000000        0x4 ./Output/port.o

.bss            0x20000004        0x4
                0x20000008                        . = ALIGN (0x8)
 *fill*         0x20000004        0x4 
                0x20000008                        _bss = .
                0x20000008                        _sbss = .
 *(.bss)
                0x20000008                        _ebss = .

.bss.uxSchedulerSuspended
                0x20000008        0x4
 .bss.uxSchedulerSuspended
                0x20000008        0x4 ./Output/tasks.o

.bss.xIdleTaskHandles
                0x2000000c        0x4
 .bss.xIdleTaskHandles
                0x2000000c        0x4 ./Output/tasks.o

.bss.xNextTaskUnblockTime
                0x20000010        0x4
 .bss.xNextTaskUnblockTime
                0x20000010        0x4 ./Output/tasks.o

.bss.uxTaskNumber
                0x20000014        0x4
 .bss.uxTaskNumber
                0x20000014        0x4 ./Output/tasks.o

.bss.xNumOfOverflows
                0x20000018        0x4
 .bss.xNumOfOverflows
                0x20000018        0x4 ./Output/tasks.o

.bss.xYieldPendings
                0x2000001c        0x4
 .bss.xYieldPendings
                0x2000001c        0x4 ./Output/tasks.o

.bss.xPendedTicks
                0x20000020        0x4
 .bss.xPendedTicks
                0x20000020        0x4 ./Output/tasks.o

.bss.xSchedulerRunning
                0x20000024        0x4
 .bss.xSchedulerRunning
                0x20000024        0x4 ./Output/tasks.o

.bss.uxTopReadyPriority
                0x20000028        0x4
 .bss.uxTopReadyPriority
                0x20000028        0x4 ./Output/tasks.o

.bss.xTickCount
                0x2000002c        0x4
 .bss.xTickCount
                0x2000002c        0x4 ./Output/tasks.o

.bss.uxCurrentNumberOfTasks
                0x20000030        0x4
 .bss.uxCurrentNumberOfTasks
                0x20000030        0x4 ./Output/tasks.o

.bss.xSuspendedTaskList
                0x20000034       0x14
 .bss.xSuspendedTaskList
                0x20000034       0x14 ./Output/tasks.o

.bss.uxDeletedTasksWaitingCleanUp
                0x20000048        0x4
 .bss.uxDeletedTasksWaitingCleanUp
                0x20000048        0x4 ./Output/tasks.o

.bss.xTasksWaitingTermination
                0x2000004c       0x14
 .bss.xTasksWaitingTermination
                0x2000004c       0x14 ./Output/tasks.o

.bss.xPendingReadyList
                0x20000060       0x14
 .bss.xPendingReadyList
                0x20000060       0x14 ./Output/tasks.o

.bss.pxOverflowDelayedTaskList
                0x20000074        0x4
 .bss.pxOverflowDelayedTaskList
                0x20000074        0x4 ./Output/tasks.o

.bss.pxDelayedTaskList
                0x20000078        0x4
 .bss.pxDelayedTaskList
                0x20000078        0x4 ./Output/tasks.o

.bss.xDelayedTaskList2
                0x2000007c       0x14
 .bss.xDelayedTaskList2
                0x2000007c       0x14 ./Output/tasks.o

.bss.xDelayedTaskList1
                0x20000090       0x14
 .bss.xDelayedTaskList1
                0x20000090       0x14 ./Output/tasks.o

.bss.pxReadyTasksLists
                0x200000a4       0xb4
 .bss.pxReadyTasksLists
                0x200000a4       0xb4 ./Output/tasks.o

.bss.pxCurrentTCB
                0x20000158        0x4
 .bss.pxCurrentTCB
                0x20000158        0x4 ./Output/tasks.o
                0x20000158                pxCurrentTCB

.bss.xNumberOfSuccessfulFrees
                0x2000015c        0x4
 .bss.xNumberOfSuccessfulFrees
                0x2000015c        0x4 ./Output/heap_4.o

.bss.xNumberOfSuccessfulAllocations
                0x20000160        0x4
 .bss.xNumberOfSuccessfulAllocations
                0x20000160        0x4 ./Output/heap_4.o

.bss.xMinimumEverFreeBytesRemaining
                0x20000164        0x4
 .bss.xMinimumEverFreeBytesRemaining
                0x20000164        0x4 ./Output/heap_4.o

.bss.xFreeBytesRemaining
                0x20000168        0x4
 .bss.xFreeBytesRemaining
                0x20000168        0x4 ./Output/heap_4.o

.bss.pxEnd      0x2000016c        0x4
 .bss.pxEnd     0x2000016c        0x4 ./Output/heap_4.o

.bss.xStart     0x20000170        0x8
 .bss.xStart    0x20000170        0x8 ./Output/heap_4.o

.bss.ucHeap     0x20000178     0xf000
 .bss.ucHeap    0x20000178     0xf000 ./Output/heap_4.o

.bss.ulMaxPRIGROUPValue
                0x2000f178        0x4
 .bss.ulMaxPRIGROUPValue
                0x2000f178        0x4 ./Output/port.o

.bss.ucMaxSysCallPriority
                0x2000f17c        0x1
 .bss.ucMaxSysCallPriority
                0x2000f17c        0x1 ./Output/port.o

.bss.xInspectionSignal
                0x2000f180        0x4
 .bss.xInspectionSignal
                0x2000f180        0x4 ./Output/main.o
                0x2000f180                xInspectionSignal

.bss.xMutex     0x2000f184        0x4
 .bss.xMutex    0x2000f184        0x4 ./Output/main.o
                0x2000f184                xMutex

.bss.psr        0x2000f188        0x4
 .bss.psr       0x2000f188        0x4 ./Output/startup.o
                0x2000f188                psr

.bss.pc         0x2000f18c        0x4
 .bss.pc        0x2000f18c        0x4 ./Output/startup.o
                0x2000f18c                pc

.bss.lr         0x2000f190        0x4
 .bss.lr        0x2000f190        0x4 ./Output/startup.o
                0x2000f190                lr

.bss.r12        0x2000f194        0x4
 .bss.r12       0x2000f194        0x4 ./Output/startup.o
                0x2000f194                r12

.bss.r3         0x2000f198        0x4
 .bss.r3        0x2000f198        0x4 ./Output/startup.o
                0x2000f198                r3

.bss.r2         0x2000f19c        0x4
 .bss.r2        0x2000f19c        0x4 ./Output/startup.o
                0x2000f19c                r2

.bss.r1         0x2000f1a0        0x4
 .bss.r1        0x2000f1a0        0x4 ./Output/startup.o
                0x2000f1a0                r1

.bss.r0         0x2000f1a4        0x4
 .bss.r0        0x2000f1a4        0x4 ./Output/startup.o
                0x2000f1a4                r0

.heap           0x2000f1a8      0x408
                0x2000f1a8                        . = ALIGN (0x8)
                [!provide]                        PROVIDE (end = .)
                [!provide]                        PROVIDE (_end = .)
                0x2000f1a8                        _heap_bottom = .
                0x2000f1b0                        . = (. + _Min_Heap_Size)
 *fill*         0x2000f1a8        0x8 
                0x2000f1b0                        _heap_top = .
                0x2000f5b0                        . = (. + _Min_Stack_Size)
 *fill*         0x2000f1b0      0x400 
                0x2000f5b0                        . = ALIGN (0x8)
                0x20400000                        __StackTop = (ORIGIN (RAM) + LENGTH (RAM))
                0x203ffc00                        __StackLimit = (__StackTop - _Min_Stack_Size)
                [!provide]                        PROVIDE (__stack = __StackTop)
                0x00000001                        ASSERT ((__StackLimit >= _heap_top), region RAM overflowed with stack)
OUTPUT(./Output/demo.elf elf32-littlearm)
LOAD linker stubs

.debug_info     0x00000000     0x6a35
 .debug_info    0x00000000     0x305c ./Output/tasks.o
 .debug_info    0x0000305c      0x2b2 ./Output/list.o
 .debug_info    0x0000330e     0x2278 ./Output/queue.o
 .debug_info    0x00005586      0x5d7 ./Output/heap_4.o
 .debug_info    0x00005b5d      0x465 ./Output/port.o
 .debug_info    0x00005fc2      0x556 ./Output/main.o
 .debug_info    0x00006518      0x1b9 ./Output/uart.o
 .debug_info    0x000066d1      0x1fc ./Output/startup.o
 .debug_info    0x000068cd      0x135 /usr/lib/gcc/arm-none-eabi/13.2.1/../../../arm-none-eabi/lib/thumb/v7-m/nofp/libc_nano.a(libc_a-memset.o)
 .debug_info    0x00006a02       0x33 /usr/lib/gcc/arm-none-eabi/13.2.1/../../../arm-none-eabi/lib/thumb/v7-m/nofp/libc_nano.a(libc_a-memcpy.o)

.debug_abbrev   0x00000000     0x1506
 .debug_abbrev  0x00000000      0x4ff ./Output/tasks.o
 .debug_abbrev  0x000004ff      0x105 ./Output/list.o
 .debug_abbrev  0x00000604      0x464 ./Output/queue.o
 .debug_abbrev  0x00000a68      0x2d2 ./Output/heap_4.o
 .debug_abbrev  0x00000d3a      0x2a7 ./Output/port.o
 .debug_abbrev  0x00000fe1      0x194 ./Output/main.o
 .debug_abbrev  0x00001175      0x148 ./Output/uart.o
 .debug_abbrev  0x000012bd      0x16a ./Output/startup.o
 .debug_abbrev  0x00001427       0xb7 /usr/lib/gcc/arm-none-eabi/13.2.1/../../../arm-none-eabi/lib/thumb/v7-m/nofp/libc_nano.a(libc_a-memset.o)
 .debug_abbrev  0x000014de       0x28 /usr/lib/gcc/arm-none-eabi/13.2.1/../../../arm-none-eabi/lib/thumb/v7-m/nofp/libc_nano.a(libc_a-memcpy.o)

.debug_loclists
                0x00000000     0x32bc
 .debug_loclists
                0x00000000     0x1b01 ./Output/tasks.o
 .debug_loclists
                0x00001b01       0x77 ./Output/list.o
 .debug_loclists
                0x00001b78     0x1001 ./Output/queue.o
 .debug_loclists
                0x00002b79      0x36a ./Output/heap_4.o
 .debug_loclists
                0x00002ee3       0xb1 ./Output/port.o
 .debug_loclists
                0x00002f94       0x6e ./Output/main.o
 .debug_loclists
                0x00003002       0xba ./Output/uart.o
 .debug_loclists
                0x000030bc       0x29 ./Output/startup.o
 .debug_loclists
                0x000030e5      0x1d7 /usr/lib/gcc/arm-none-eabi/13.2.1/../../../arm-none-eabi/lib/thumb/v7-m/nofp/libc_nano.a(libc_a-memset.o)

.debug_aranges  0x00000000      0x520
 .debug_aranges
                0x00000000      0x1f0 ./Output/tasks.o
 .debug_aranges
                0x000001f0       0x40 ./Output/list.o
 .debug_aranges
                0x00000230      0x140 ./Output/queue.o
 .debug_aranges
                0x00000370       0x58 ./Output/heap_4.o
 .debug_aranges
                0x000003c8       0x78 ./Output/port.o
 .debug_aranges
                0x00000440       0x38 ./Output/main.o
 .debug_aranges
                0x00000478       0x30 ./Output/uart.o
 .debug_aranges
                0x000004a8       0x38 ./Output/startup.o
 .debug_aranges
                0x000004e0       0x20 /usr/lib/gcc/arm-none-eabi/13.2.1/../../../arm-none-eabi/lib/thumb/v7-m/nofp/libc_nano.a(libc_a-memset.o)
 .debug_aranges
                0x00000500       0x20 /usr/lib/gcc/arm-none-eabi/13.2.1/../../../arm-none-eabi/lib/thumb/v7-m/nofp/libc_nano.a(libc_a-memcpy.o)

.debug_rnglists
                0x00000000      0x616
 .debug_rnglists
                0x00000000      0x303 ./Output/tasks.o
 .debug_rnglists
                0x00000303       0x2b ./Output/list.o
 .debug_rnglists
                0x0000032e      0x1c4 ./Output/queue.o
 .debug_rnglists
                0x000004f2       0x4c ./Output/heap_4.o
 .debug_rnglists
                0x0000053e       0x6e ./Output/port.o
 .debug_rnglists
                0x000005ac       0x26 ./Output/main.o
 .debug_rnglists
                0x000005d2       0x1f ./Output/uart.o
 .debug_rnglists
                0x000005f1       0x25 ./Output/startup.o

.debug_macro    0x00000000     0x40e8
 .debug_macro   0x00000000      0x289 ./Output/tasks.o
 .debug_macro   0x00000289      0xac0 ./Output/tasks.o
 .debug_macro   0x00000d49       0x24 ./Output/tasks.o
 .debug_macro   0x00000d6d       0x22 ./Output/tasks.o
 .debug_macro   0x00000d8f       0x60 ./Output/tasks.o
 .debug_macro   0x00000def       0x94 ./Output/tasks.o
 .debug_macro   0x00000e83       0x3c ./Output/tasks.o
 .debug_macro   0x00000ebf       0x34 ./Output/tasks.o
 .debug_macro   0x00000ef3       0x16 ./Output/tasks.o
 .debug_macro   0x00000f09      0x11c ./Output/tasks.o
 .debug_macro   0x00001025       0x9b ./Output/tasks.o
 .debug_macro   0x000010c0       0x57 ./Output/tasks.o
 .debug_macro   0x00001117      0x370 ./Output/tasks.o
 .debug_macro   0x00001487       0x16 ./Output/tasks.o
 .debug_macro   0x0000149d       0x4a ./Output/tasks.o
 .debug_macro   0x000014e7       0x34 ./Output/tasks.o
 .debug_macro   0x0000151b       0x10 ./Output/tasks.o
 .debug_macro   0x0000152b       0x52 ./Output/tasks.o
 .debug_macro   0x0000157d      0x1de ./Output/tasks.o
 .debug_macro   0x0000175b       0x16 ./Output/tasks.o
 .debug_macro   0x00001771       0x29 ./Output/tasks.o
 .debug_macro   0x0000179a       0x16 ./Output/tasks.o
 .debug_macro   0x000017b0       0x3c ./Output/tasks.o
 .debug_macro   0x000017ec      0x34e ./Output/tasks.o
 .debug_macro   0x00001b3a       0x16 ./Output/tasks.o
 .debug_macro   0x00001b50      0x164 ./Output/tasks.o
 .debug_macro   0x00001cb4       0x1c ./Output/tasks.o
 .debug_macro   0x00001cd0      0x182 ./Output/tasks.o
 .debug_macro   0x00001e52       0xe7 ./Output/tasks.o
 .debug_macro   0x00001f39       0x3a ./Output/tasks.o
 .debug_macro   0x00001f73       0x1f ./Output/tasks.o
 .debug_macro   0x00001f92       0x12 ./Output/tasks.o
 .debug_macro   0x00001fa4      0xfd7 ./Output/tasks.o
 .debug_macro   0x00002f7b       0xc3 ./Output/tasks.o
 .debug_macro   0x0000303e      0x14f ./Output/tasks.o
 .debug_macro   0x0000318d       0x98 ./Output/tasks.o
 .debug_macro   0x00003225       0x17 ./Output/tasks.o
 .debug_macro   0x0000323c      0x171 ./Output/list.o
 .debug_macro   0x000033ad      0x203 ./Output/queue.o
 .debug_macro   0x000035b0       0x80 ./Output/queue.o
 .debug_macro   0x00003630      0x201 ./Output/heap_4.o
 .debug_macro   0x00003831      0x162 ./Output/port.o
 .debug_macro   0x00003993      0x190 ./Output/port.o
 .debug_macro   0x00003b23      0x1b4 ./Output/main.o
 .debug_macro   0x00003cd7       0x85 ./Output/main.o
 .debug_macro   0x00003d5c       0x22 ./Output/main.o
 .debug_macro   0x00003d7e       0x58 ./Output/main.o
 .debug_macro   0x00003dd6       0x22 ./Output/main.o
 .debug_macro   0x00003df8       0x16 ./Output/main.o
 .debug_macro   0x00003e0e       0x16 ./Output/main.o
 .debug_macro   0x00003e24       0x16 ./Output/main.o
 .debug_macro   0x00003e3a      0x170 ./Output/main.o
 .debug_macro   0x00003faa       0x9f ./Output/uart.o
 .debug_macro   0x00004049       0x9f ./Output/startup.o

.debug_line     0x00000000     0x6108
 .debug_line    0x00000000     0x2a1f ./Output/tasks.o
 .debug_line    0x00002a1f      0x457 ./Output/list.o
 .debug_line    0x00002e76     0x1a98 ./Output/queue.o
 .debug_line    0x0000490e      0x830 ./Output/heap_4.o
 .debug_line    0x0000513e      0x531 ./Output/port.o
 .debug_line    0x0000566f      0x379 ./Output/main.o
 .debug_line    0x000059e8      0x29b ./Output/uart.o
 .debug_line    0x00005c83      0x217 ./Output/startup.o
 .debug_line    0x00005e9a      0x1b1 /usr/lib/gcc/arm-none-eabi/13.2.1/../../../arm-none-eabi/lib/thumb/v7-m/nofp/libc_nano.a(libc_a-memset.o)
 .debug_line    0x0000604b       0xbd /usr/lib/gcc/arm-none-eabi/13.2.1/../../../arm-none-eabi/lib/thumb/v7-m/nofp/libc_nano.a(libc_a-memcpy.o)

.debug_str      0x00000000    0x168e3
 .debug_str     0x00000000    0x168e3 ./Output/tasks.o
                              0x13619 (size before relaxing)
 .debug_str     0x000168e3     0xfee4 ./Output/list.o
 .debug_str     0x000168e3    0x12861 ./Output/queue.o
 .debug_str     0x000168e3    0x119d7 ./Output/heap_4.o
 .debug_str     0x000168e3     0xed08 ./Output/port.o
 .debug_str     0x000168e3    0x12a4d ./Output/main.o
 .debug_str     0x000168e3     0xc70a ./Output/uart.o
 .debug_str     0x000168e3     0xc757 ./Output/startup.o
 .debug_str     0x000168e3      0x1a5 /usr/lib/gcc/arm-none-eabi/13.2.1/../../../arm-none-eabi/lib/thumb/v7-m/nofp/libc_nano.a(libc_a-memset.o)
 .debug_str     0x000168e3       0xa8 /usr/lib/gcc/arm-none-eabi/13.2.1/../../../arm-none-eabi/lib/thumb/v7-m/nofp/libc_nano.a(libc_a-memcpy.o)

.comment        0x00000000       0x26
 .comment       0x00000000       0x26 ./Output/tasks.o
                                 0x27 (size before relaxing)
 .comment       0x00000026       0x27 ./Output/list.o
 .comment       0x00000026       0x27 ./Output/queue.o
 .comment       0x00000026       0x27 ./Output/heap_4.o
 .comment       0x00000026       0x27 ./Output/port.o
 .comment       0x00000026       0x27 ./Output/main.o
 .comment       0x00000026       0x27 ./Output/uart.o
 .comment       0x00000026       0x27 ./Output/startup.o
 .comment       0x00000026       0x27 /usr/lib/gcc/arm-none-eabi/13.2.1/../../../arm-none-eabi/lib/thumb/v7-m/nofp/libc_nano.a(libc_a-memset.o)

.ARM.attributes
                0x00000000       0x2b
 .ARM.attributes
                0x00000000       0x2d ./Output/tasks.o
 .ARM.attributes
                0x0000002d       0x2d ./Output/list.o
 .ARM.attributes
                0x0000005a       0x2d ./Output/queue.o
 .ARM.attributes
                0x00000087       0x2d ./Output/heap_4.o
 .ARM.attributes
                0x000000b4       0x2d ./Output/port.o
 .ARM.attributes
                0x000000e1       0x2d ./Output/main.o
 .ARM.attributes
                0x0000010e       0x2d ./Output/uart.o
 .ARM.attributes
                0x0000013b       0x2d ./Output/startup.o
 .ARM.attributes
                0x00000168       0x2d /usr/lib/gcc/arm-none-eabi/13.2.1/../../../arm-none-eabi/lib/thumb/v7-m/nofp/libc_nano.a(libc_a-memset.o)
 .ARM.attributes
                0x00000195       0x1b /usr/lib/gcc/arm-none-eabi/13.2.1/../../../arm-none-eabi/lib/thumb/v7-m/nofp/libc_nano.a(libc_a-memcpy.o)

.debug_frame    0x00000000      0xdf4
 .debug_frame   0x00000000      0x648 ./Output/tasks.o
 .debug_frame   0x00000648       0x6c ./Output/list.o
 .debug_frame   0x000006b4      0x3f8 ./Output/queue.o
 .debug_frame   0x00000aac       0xe4 ./Output/heap_4.o
 .debug_frame   0x00000b90       0xec ./Output/port.o
 .debug_frame   0x00000c7c       0x78 ./Output/main.o
 .debug_frame   0x00000cf4       0x7c ./Output/uart.o
 .debug_frame   0x00000d70       0x58 ./Output/startup.o
 .debug_frame   0x00000dc8       0x2c /usr/lib/gcc/arm-none-eabi/13.2.1/../../../arm-none-eabi/lib/thumb/v7-m/nofp/libc_nano.a(libc_a-memset.o)

.debug_line_str
                0x00000000       0x95
 .debug_line_str
                0x00000000       0x95 /usr/lib/gcc/arm-none-eabi/13.2.1/../../../arm-none-eabi/lib/thumb/v7-m/nofp/libc_nano.a(libc_a-memcpy.o)
