Archive member included to satisfy reference by file (symbol)

/usr/lib/gcc/arm-none-eabi/13.2.1/../../../arm-none-eabi/lib/thumb/v7-m/nofp/libc_nano.a(libc_a-strlen-stub.o)
                              ./Output/tasks.o (strlen)
/usr/lib/gcc/arm-none-eabi/13.2.1/../../../arm-none-eabi/lib/thumb/v7-m/nofp/libc_nano.a(libc_a-memset.o)
                              ./Output/tasks.o (memset)
/usr/lib/gcc/arm-none-eabi/13.2.1/../../../arm-none-eabi/lib/thumb/v7-m/nofp/libc_nano.a(libc_a-memcpy.o)
                              ./Output/queue.o (memcpy)

Discarded input sections

 .group         0x00000000        0xc ./Output/list.o
 .group         0x00000000        0xc ./Output/list.o
 .group         0x00000000        0xc ./Output/list.o
 .group         0x00000000        0xc ./Output/list.o
 .group         0x00000000        0xc ./Output/list.o
 .group         0x00000000        0xc ./Output/list.o
 .group         0x00000000        0xc ./Output/list.o
 .group         0x00000000        0xc ./Output/list.o
 .group         0x00000000        0xc ./Output/list.o
 .group         0x00000000        0xc ./Output/list.o
 .group         0x00000000        0xc ./Output/list.o
 .group         0x00000000        0xc ./Output/list.o
 .group         0x00000000        0xc ./Output/list.o
 .group         0x00000000        0xc ./Output/list.o
 .group         0x00000000        0xc ./Output/list.o
 .group         0x00000000        0xc ./Output/list.o
 .group         0x00000000        0xc ./Output/list.o
 .group         0x00000000        0xc ./Output/list.o
 .group         0x00000000        0xc ./Output/list.o
 .group         0x00000000        0xc ./Output/list.o
 .group         0x00000000        0xc ./Output/list.o
 .group         0x00000000        0xc ./Output/list.o
 .group         0x00000000        0xc ./Output/list.o
 .group         0x00000000        0xc ./Output/list.o
 .group         0x00000000        0xc ./Output/list.o
 .group         0x00000000        0xc ./Output/list.o
 .group         0x00000000        0xc ./Output/list.o
 .group         0x00000000        0xc ./Output/list.o
 .group         0x00000000        0xc ./Output/list.o
 .group         0x00000000        0xc ./Output/list.o
 .group         0x00000000        0xc ./Output/list.o
 .text          0x00000000        0x0 ./Output/list.o
 .data          0x00000000        0x0 ./Output/list.o
 .bss           0x00000000        0x0 ./Output/list.o
 .group         0x00000000        0xc ./Output/tasks.o
 .group         0x00000000        0xc ./Output/tasks.o
 .group         0x00000000        0xc ./Output/tasks.o
 .group         0x00000000        0xc ./Output/tasks.o
 .group         0x00000000        0xc ./Output/tasks.o
 .group         0x00000000        0xc ./Output/tasks.o
 .group         0x00000000        0xc ./Output/tasks.o
 .group         0x00000000        0xc ./Output/tasks.o
 .group         0x00000000        0xc ./Output/tasks.o
 .group         0x00000000        0xc ./Output/tasks.o
 .group         0x00000000        0xc ./Output/tasks.o
 .group         0x00000000        0xc ./Output/tasks.o
 .group         0x00000000        0xc ./Output/tasks.o
 .group         0x00000000        0xc ./Output/tasks.o
 .group         0x00000000        0xc ./Output/tasks.o
 .group         0x00000000        0xc ./Output/tasks.o
 .group         0x00000000        0xc ./Output/tasks.o
 .group         0x00000000        0xc ./Output/tasks.o
 .group         0x00000000        0xc ./Output/tasks.o
 .group         0x00000000        0xc ./Output/tasks.o
 .group         0x00000000        0xc ./Output/tasks.o
 .group         0x00000000        0xc ./Output/tasks.o
 .group         0x00000000        0xc ./Output/tasks.o
 .group         0x00000000        0xc ./Output/tasks.o
 .group         0x00000000        0xc ./Output/tasks.o
 .group         0x00000000        0xc ./Output/tasks.o
 .group         0x00000000        0xc ./Output/tasks.o
 .group         0x00000000        0xc ./Output/tasks.o
 .group         0x00000000        0xc ./Output/tasks.o
 .group         0x00000000        0xc ./Output/tasks.o
 .group         0x00000000        0xc ./Output/tasks.o
 .group         0x00000000        0xc ./Output/tasks.o
 .group         0x00000000        0xc ./Output/tasks.o
 .group         0x00000000        0xc ./Output/tasks.o
 .group         0x00000000        0xc ./Output/tasks.o
 .group         0x00000000        0xc ./Output/tasks.o
 .text          0x00000000        0x0 ./Output/tasks.o
 .data          0x00000000        0x0 ./Output/tasks.o
 .bss           0x00000000        0x0 ./Output/tasks.o
 .text.prvSearchForNameWithinSingleList
                0x00000000       0x3e ./Output/tasks.o
 .text.prvTaskIsTaskSuspended
                0x00000000       0x40 ./Output/tasks.o
 .text.eTaskGetState
                0x00000000       0x98 ./Output/tasks.o
 .text.uxTaskPriorityGet
                0x00000000       0x1c ./Output/tasks.o
 .text.uxTaskPriorityGetFromISR
                0x00000000       0x34 ./Output/tasks.o
 .text.uxTaskBasePriorityGet
                0x00000000       0x1c ./Output/tasks.o
 .text.uxTaskBasePriorityGetFromISR
                0x00000000       0x34 ./Output/tasks.o
 .text.vTaskPrioritySet
                0x00000000       0xdc ./Output/tasks.o
 .text.vTaskResume
                0x00000000       0x88 ./Output/tasks.o
 .text.xTaskResumeFromISR
                0x00000000       0xac ./Output/tasks.o
 .text.vTaskEndScheduler
                0x00000000       0x40 ./Output/tasks.o
 .text.xTaskGetTickCountFromISR
                0x00000000       0x10 ./Output/tasks.o
 .text.pcTaskGetName
                0x00000000       0x14 ./Output/tasks.o
 .text.xTaskGetIdleTaskHandle
                0x00000000       0x10 ./Output/tasks.o
 .text.xTaskGetIdleTaskHandleForCore
                0x00000000       0x14 ./Output/tasks.o
 .text.xTaskDelayUntil
                0x00000000       0x6c ./Output/tasks.o
 .text.vTaskDelay
                0x00000000       0x3c ./Output/tasks.o
 .text.xTaskGetHandle
                0x00000000       0x78 ./Output/tasks.o
 .text.xTaskCatchUpTicks
                0x00000000       0x30 ./Output/tasks.o
 .text.xTaskAbortDelay
                0x00000000       0x98 ./Output/tasks.o
 .text.vTaskSuspend
                0x00000000       0xe4 ./Output/tasks.o
 .text.vTaskPlaceOnUnorderedEventList
                0x00000000       0x50 ./Output/tasks.o
 .text.vTaskRemoveFromUnorderedEventList
                0x00000000       0xa4 ./Output/tasks.o
 .text.vTaskSetTimeOutState
                0x00000000       0x28 ./Output/tasks.o
 .text.uxTaskGetStackHighWaterMark
                0x00000000       0x1c ./Output/tasks.o
 .text.xTaskGetCurrentTaskHandle
                0x00000000        0xc ./Output/tasks.o
 .text.xTaskGetCurrentTaskHandleForCore
                0x00000000       0x10 ./Output/tasks.o
 .text.xTaskPriorityInherit
                0x00000000       0xa0 ./Output/tasks.o
 .text.vTaskPriorityDisinheritAfterTimeout
                0x00000000       0x94 ./Output/tasks.o
 .text.uxTaskResetEventItemValue
                0x00000000       0x18 ./Output/tasks.o
 .text.pvTaskIncrementMutexHeldCount
                0x00000000       0x14 ./Output/tasks.o
 .text.ulTaskGenericNotifyTake
                0x00000000       0x9c ./Output/tasks.o
 .text.xTaskGenericNotifyWait
                0x00000000       0xc4 ./Output/tasks.o
 .text.xTaskGenericNotify
                0x00000000      0x104 ./Output/tasks.o
 .text.xTaskGenericNotifyFromISR
                0x00000000      0x14c ./Output/tasks.o
 .text.vTaskGenericNotifyGiveFromISR
                0x00000000       0xf8 ./Output/tasks.o
 .text.xTaskGenericNotifyStateClear
                0x00000000       0x38 ./Output/tasks.o
 .text.ulTaskGenericNotifyValueClear
                0x00000000       0x34 ./Output/tasks.o
 .text.vTaskResetState
                0x00000000       0x64 ./Output/tasks.o
 .debug_macro   0x00000000      0xac0 ./Output/tasks.o
 .debug_macro   0x00000000       0x24 ./Output/tasks.o
 .debug_macro   0x00000000       0x22 ./Output/tasks.o
 .debug_macro   0x00000000       0x60 ./Output/tasks.o
 .debug_macro   0x00000000       0x94 ./Output/tasks.o
 .debug_macro   0x00000000       0x3c ./Output/tasks.o
 .debug_macro   0x00000000       0x34 ./Output/tasks.o
 .debug_macro   0x00000000       0x16 ./Output/tasks.o
 .debug_macro   0x00000000      0x11c ./Output/tasks.o
 .debug_macro   0x00000000       0x9b ./Output/tasks.o
 .debug_macro   0x00000000       0x57 ./Output/tasks.o
 .debug_macro   0x00000000      0x370 ./Output/tasks.o
 .debug_macro   0x00000000       0x16 ./Output/tasks.o
 .debug_macro   0x00000000       0x4a ./Output/tasks.o
 .debug_macro   0x00000000       0x34 ./Output/tasks.o
 .debug_macro   0x00000000       0x10 ./Output/tasks.o
 .debug_macro   0x00000000       0x52 ./Output/tasks.o
 .debug_macro   0x00000000      0x1de ./Output/tasks.o
 .debug_macro   0x00000000       0x16 ./Output/tasks.o
 .debug_macro   0x00000000       0x29 ./Output/tasks.o
 .debug_macro   0x00000000      0x34e ./Output/tasks.o
 .debug_macro   0x00000000       0x16 ./Output/tasks.o
 .debug_macro   0x00000000      0x166 ./Output/tasks.o
 .debug_macro   0x00000000       0x1c ./Output/tasks.o
 .debug_macro   0x00000000      0x182 ./Output/tasks.o
 .debug_macro   0x00000000       0xe7 ./Output/tasks.o
 .debug_macro   0x00000000       0x3a ./Output/tasks.o
 .debug_macro   0x00000000       0x1f ./Output/tasks.o
 .debug_macro   0x00000000       0x12 ./Output/tasks.o
 .debug_macro   0x00000000      0xfde ./Output/tasks.o
 .debug_macro   0x00000000       0xc3 ./Output/tasks.o
 .group         0x00000000        0xc ./Output/queue.o
 .group         0x00000000        0xc ./Output/queue.o
 .group         0x00000000        0xc ./Output/queue.o
 .group         0x00000000        0xc ./Output/queue.o
 .group         0x00000000        0xc ./Output/queue.o
 .group         0x00000000        0xc ./Output/queue.o
 .group         0x00000000        0xc ./Output/queue.o
 .group         0x00000000        0xc ./Output/queue.o
 .group         0x00000000        0xc ./Output/queue.o
 .group         0x00000000        0xc ./Output/queue.o
 .group         0x00000000        0xc ./Output/queue.o
 .group         0x00000000        0xc ./Output/queue.o
 .group         0x00000000        0xc ./Output/queue.o
 .group         0x00000000        0xc ./Output/queue.o
 .group         0x00000000        0xc ./Output/queue.o
 .group         0x00000000        0xc ./Output/queue.o
 .group         0x00000000        0xc ./Output/queue.o
 .group         0x00000000        0xc ./Output/queue.o
 .group         0x00000000        0xc ./Output/queue.o
 .group         0x00000000        0xc ./Output/queue.o
 .group         0x00000000        0xc ./Output/queue.o
 .group         0x00000000        0xc ./Output/queue.o
 .group         0x00000000        0xc ./Output/queue.o
 .group         0x00000000        0xc ./Output/queue.o
 .group         0x00000000        0xc ./Output/queue.o
 .group         0x00000000        0xc ./Output/queue.o
 .group         0x00000000        0xc ./Output/queue.o
 .group         0x00000000        0xc ./Output/queue.o
 .group         0x00000000        0xc ./Output/queue.o
 .group         0x00000000        0xc ./Output/queue.o
 .group         0x00000000        0xc ./Output/queue.o
 .group         0x00000000        0xc ./Output/queue.o
 .group         0x00000000        0xc ./Output/queue.o
 .group         0x00000000        0xc ./Output/queue.o
 .group         0x00000000        0xc ./Output/queue.o
 .text          0x00000000        0x0 ./Output/queue.o
 .data          0x00000000        0x0 ./Output/queue.o
 .bss           0x00000000        0x0 ./Output/queue.o
 .text.xQueueGetMutexHolder
                0x00000000       0x1e ./Output/queue.o
 .text.xQueueGetMutexHolderFromISR
                0x00000000       0x10 ./Output/queue.o
 .text.xQueueCreateCountingSemaphore
                0x00000000       0x1a ./Output/queue.o
 .text.xQueueCreateMutex
                0x00000000       0x24 ./Output/queue.o
 .text.xQueueGiveMutexRecursive
                0x00000000       0x2e ./Output/queue.o
 .text.xQueueGenericSendFromISR
                0x00000000       0xb6 ./Output/queue.o
 .text.xQueueGiveFromISR
                0x00000000       0x96 ./Output/queue.o
 .text.xQueueSemaphoreTake
                0x00000000      0x138 ./Output/queue.o
 .text.xQueueTakeMutexRecursive
                0x00000000       0x32 ./Output/queue.o
 .text.xQueuePeek
                0x00000000      0x108 ./Output/queue.o
 .text.xQueueReceiveFromISR
                0x00000000       0x8c ./Output/queue.o
 .text.xQueuePeekFromISR
                0x00000000       0x48 ./Output/queue.o
 .text.uxQueueMessagesWaiting
                0x00000000       0x16 ./Output/queue.o
 .text.uxQueueSpacesAvailable
                0x00000000       0x1a ./Output/queue.o
 .text.uxQueueMessagesWaitingFromISR
                0x00000000        0x8 ./Output/queue.o
 .text.uxQueueGetQueueItemSize
                0x00000000        0x4 ./Output/queue.o
 .text.uxQueueGetQueueLength
                0x00000000        0x4 ./Output/queue.o
 .text.xQueueIsQueueEmptyFromISR
                0x00000000        0xe ./Output/queue.o
 .text.xQueueIsQueueFullFromISR
                0x00000000       0x10 ./Output/queue.o
 .text.pcQueueGetName
                0x00000000       0x2c ./Output/queue.o
 .text.vQueueUnregisterQueue
                0x00000000       0x34 ./Output/queue.o
 .text.vQueueDelete
                0x00000000       0x12 ./Output/queue.o
 .text.xQueueCreateSet
                0x00000000        0x8 ./Output/queue.o
 .text.xQueueAddToSet
                0x00000000       0x22 ./Output/queue.o
 .text.xQueueRemoveFromSet
                0x00000000       0x20 ./Output/queue.o
 .text.xQueueSelectFromSet
                0x00000000       0x16 ./Output/queue.o
 .text.xQueueSelectFromSetFromISR
                0x00000000       0x14 ./Output/queue.o
 .debug_macro   0x00000000      0xac0 ./Output/queue.o
 .debug_macro   0x00000000       0x24 ./Output/queue.o
 .debug_macro   0x00000000       0x22 ./Output/queue.o
 .debug_macro   0x00000000       0x60 ./Output/queue.o
 .debug_macro   0x00000000       0x94 ./Output/queue.o
 .debug_macro   0x00000000       0x3c ./Output/queue.o
 .debug_macro   0x00000000       0x34 ./Output/queue.o
 .debug_macro   0x00000000       0x16 ./Output/queue.o
 .debug_macro   0x00000000      0x11c ./Output/queue.o
 .debug_macro   0x00000000       0x9b ./Output/queue.o
 .debug_macro   0x00000000       0x57 ./Output/queue.o
 .debug_macro   0x00000000      0x370 ./Output/queue.o
 .debug_macro   0x00000000       0x16 ./Output/queue.o
 .debug_macro   0x00000000       0x4a ./Output/queue.o
 .debug_macro   0x00000000       0x34 ./Output/queue.o
 .debug_macro   0x00000000       0x10 ./Output/queue.o
 .debug_macro   0x00000000       0x52 ./Output/queue.o
 .debug_macro   0x00000000      0x1de ./Output/queue.o
 .debug_macro   0x00000000       0x16 ./Output/queue.o
 .debug_macro   0x00000000       0x29 ./Output/queue.o
 .debug_macro   0x00000000       0x16 ./Output/queue.o
 .debug_macro   0x00000000       0x3c ./Output/queue.o
 .debug_macro   0x00000000      0x34e ./Output/queue.o
 .debug_macro   0x00000000       0x16 ./Output/queue.o
 .debug_macro   0x00000000      0x166 ./Output/queue.o
 .debug_macro   0x00000000       0x1c ./Output/queue.o
 .debug_macro   0x00000000      0x182 ./Output/queue.o
 .debug_macro   0x00000000       0xe7 ./Output/queue.o
 .debug_macro   0x00000000       0x3a ./Output/queue.o
 .debug_macro   0x00000000       0x1f ./Output/queue.o
 .debug_macro   0x00000000       0x12 ./Output/queue.o
 .debug_macro   0x00000000      0xfde ./Output/queue.o
 .debug_macro   0x00000000       0xc3 ./Output/queue.o
 .debug_macro   0x00000000      0x14f ./Output/queue.o
 .group         0x00000000        0xc ./Output/timers.o
 .group         0x00000000        0xc ./Output/timers.o
 .group         0x00000000        0xc ./Output/timers.o
 .group         0x00000000        0xc ./Output/timers.o
 .group         0x00000000        0xc ./Output/timers.o
 .group         0x00000000        0xc ./Output/timers.o
 .group         0x00000000        0xc ./Output/timers.o
 .group         0x00000000        0xc ./Output/timers.o
 .group         0x00000000        0xc ./Output/timers.o
 .group         0x00000000        0xc ./Output/timers.o
 .group         0x00000000        0xc ./Output/timers.o
 .group         0x00000000        0xc ./Output/timers.o
 .group         0x00000000        0xc ./Output/timers.o
 .group         0x00000000        0xc ./Output/timers.o
 .group         0x00000000        0xc ./Output/timers.o
 .group         0x00000000        0xc ./Output/timers.o
 .group         0x00000000        0xc ./Output/timers.o
 .group         0x00000000        0xc ./Output/timers.o
 .group         0x00000000        0xc ./Output/timers.o
 .group         0x00000000        0xc ./Output/timers.o
 .group         0x00000000        0xc ./Output/timers.o
 .group         0x00000000        0xc ./Output/timers.o
 .group         0x00000000        0xc ./Output/timers.o
 .group         0x00000000        0xc ./Output/timers.o
 .group         0x00000000        0xc ./Output/timers.o
 .group         0x00000000        0xc ./Output/timers.o
 .group         0x00000000        0xc ./Output/timers.o
 .group         0x00000000        0xc ./Output/timers.o
 .group         0x00000000        0xc ./Output/timers.o
 .group         0x00000000        0xc ./Output/timers.o
 .group         0x00000000        0xc ./Output/timers.o
 .group         0x00000000        0xc ./Output/timers.o
 .group         0x00000000        0xc ./Output/timers.o
 .group         0x00000000        0xc ./Output/timers.o
 .text          0x00000000        0x0 ./Output/timers.o
 .data          0x00000000        0x0 ./Output/timers.o
 .bss           0x00000000        0x0 ./Output/timers.o
 .text.xTimerGenericCommandFromISR
                0x00000000       0x30 ./Output/timers.o
 .text.xTimerGetTimerDaemonTaskHandle
                0x00000000       0x10 ./Output/timers.o
 .text.xTimerGetPeriod
                0x00000000        0x8 ./Output/timers.o
 .text.vTimerSetReloadMode
                0x00000000       0x2a ./Output/timers.o
 .text.xTimerGetReloadMode
                0x00000000       0x1c ./Output/timers.o
 .text.uxTimerGetReloadMode
                0x00000000        0x4 ./Output/timers.o
 .text.xTimerGetExpiryTime
                0x00000000        0x8 ./Output/timers.o
 .text.pcTimerGetName
                0x00000000        0x8 ./Output/timers.o
 .text.xTimerIsTimerActive
                0x00000000       0x1c ./Output/timers.o
 .text.vTimerSetTimerID
                0x00000000       0x18 ./Output/timers.o
 .text.xTimerPendFunctionCallFromISR
                0x00000000       0x28 ./Output/timers.o
 .text.xTimerPendFunctionCall
                0x00000000       0x30 ./Output/timers.o
 .text.vTimerResetState
                0x00000000       0x14 ./Output/timers.o
 .debug_macro   0x00000000      0xac0 ./Output/timers.o
 .debug_macro   0x00000000       0x24 ./Output/timers.o
 .debug_macro   0x00000000       0x22 ./Output/timers.o
 .debug_macro   0x00000000       0x60 ./Output/timers.o
 .debug_macro   0x00000000       0x94 ./Output/timers.o
 .debug_macro   0x00000000       0x3c ./Output/timers.o
 .debug_macro   0x00000000       0x34 ./Output/timers.o
 .debug_macro   0x00000000       0x16 ./Output/timers.o
 .debug_macro   0x00000000      0x11c ./Output/timers.o
 .debug_macro   0x00000000       0x9b ./Output/timers.o
 .debug_macro   0x00000000       0x57 ./Output/timers.o
 .debug_macro   0x00000000      0x370 ./Output/timers.o
 .debug_macro   0x00000000       0x16 ./Output/timers.o
 .debug_macro   0x00000000       0x4a ./Output/timers.o
 .debug_macro   0x00000000       0x34 ./Output/timers.o
 .debug_macro   0x00000000       0x10 ./Output/timers.o
 .debug_macro   0x00000000       0x52 ./Output/timers.o
 .debug_macro   0x00000000      0x1de ./Output/timers.o
 .debug_macro   0x00000000       0x16 ./Output/timers.o
 .debug_macro   0x00000000       0x29 ./Output/timers.o
 .debug_macro   0x00000000      0x34e ./Output/timers.o
 .debug_macro   0x00000000       0x16 ./Output/timers.o
 .debug_macro   0x00000000      0x166 ./Output/timers.o
 .debug_macro   0x00000000       0x1c ./Output/timers.o
 .debug_macro   0x00000000      0x182 ./Output/timers.o
 .debug_macro   0x00000000       0xe7 ./Output/timers.o
 .debug_macro   0x00000000       0x3a ./Output/timers.o
 .debug_macro   0x00000000       0x1f ./Output/timers.o
 .debug_macro   0x00000000       0x12 ./Output/timers.o
 .debug_macro   0x00000000      0xfde ./Output/timers.o
 .debug_macro   0x00000000       0xc3 ./Output/timers.o
 .debug_macro   0x00000000      0x14f ./Output/timers.o
 .debug_macro   0x00000000       0x80 ./Output/timers.o
 .group         0x00000000        0xc ./Output/event_groups.o
 .group         0x00000000        0xc ./Output/event_groups.o
 .group         0x00000000        0xc ./Output/event_groups.o
 .group         0x00000000        0xc ./Output/event_groups.o
 .group         0x00000000        0xc ./Output/event_groups.o
 .group         0x00000000        0xc ./Output/event_groups.o
 .group         0x00000000        0xc ./Output/event_groups.o
 .group         0x00000000        0xc ./Output/event_groups.o
 .group         0x00000000        0xc ./Output/event_groups.o
 .group         0x00000000        0xc ./Output/event_groups.o
 .group         0x00000000        0xc ./Output/event_groups.o
 .group         0x00000000        0xc ./Output/event_groups.o
 .group         0x00000000        0xc ./Output/event_groups.o
 .group         0x00000000        0xc ./Output/event_groups.o
 .group         0x00000000        0xc ./Output/event_groups.o
 .group         0x00000000        0xc ./Output/event_groups.o
 .group         0x00000000        0xc ./Output/event_groups.o
 .group         0x00000000        0xc ./Output/event_groups.o
 .group         0x00000000        0xc ./Output/event_groups.o
 .group         0x00000000        0xc ./Output/event_groups.o
 .group         0x00000000        0xc ./Output/event_groups.o
 .group         0x00000000        0xc ./Output/event_groups.o
 .group         0x00000000        0xc ./Output/event_groups.o
 .group         0x00000000        0xc ./Output/event_groups.o
 .group         0x00000000        0xc ./Output/event_groups.o
 .group         0x00000000        0xc ./Output/event_groups.o
 .group         0x00000000        0xc ./Output/event_groups.o
 .group         0x00000000        0xc ./Output/event_groups.o
 .group         0x00000000        0xc ./Output/event_groups.o
 .group         0x00000000        0xc ./Output/event_groups.o
 .group         0x00000000        0xc ./Output/event_groups.o
 .group         0x00000000        0xc ./Output/event_groups.o
 .group         0x00000000        0xc ./Output/event_groups.o
 .group         0x00000000        0xc ./Output/event_groups.o
 .text          0x00000000        0x0 ./Output/event_groups.o
 .data          0x00000000        0x0 ./Output/event_groups.o
 .bss           0x00000000        0x0 ./Output/event_groups.o
 .text.xEventGroupCreate
                0x00000000       0x1a ./Output/event_groups.o
 .text.xEventGroupWaitBits
                0x00000000       0xd0 ./Output/event_groups.o
 .text.xEventGroupClearBits
                0x00000000       0x26 ./Output/event_groups.o
 .text.xEventGroupGetBitsFromISR
                0x00000000       0x20 ./Output/event_groups.o
 .text.xEventGroupSetBits
                0x00000000       0x68 ./Output/event_groups.o
 .text.xEventGroupSync
                0x00000000       0xa0 ./Output/event_groups.o
 .text.vEventGroupDelete
                0x00000000       0x34 ./Output/event_groups.o
 .text.vEventGroupSetBitsCallback
                0x00000000        0x4 ./Output/event_groups.o
 .text.vEventGroupClearBitsCallback
                0x00000000        0x4 ./Output/event_groups.o
 .debug_info    0x00000000      0xb94 ./Output/event_groups.o
 .debug_abbrev  0x00000000      0x33f ./Output/event_groups.o
 .debug_loclists
                0x00000000      0x69f ./Output/event_groups.o
 .debug_aranges
                0x00000000       0x60 ./Output/event_groups.o
 .debug_rnglists
                0x00000000       0x6c ./Output/event_groups.o
 .debug_macro   0x00000000      0x1a6 ./Output/event_groups.o
 .debug_macro   0x00000000      0xac0 ./Output/event_groups.o
 .debug_macro   0x00000000       0x24 ./Output/event_groups.o
 .debug_macro   0x00000000       0x22 ./Output/event_groups.o
 .debug_macro   0x00000000       0x60 ./Output/event_groups.o
 .debug_macro   0x00000000       0x94 ./Output/event_groups.o
 .debug_macro   0x00000000       0x3c ./Output/event_groups.o
 .debug_macro   0x00000000       0x34 ./Output/event_groups.o
 .debug_macro   0x00000000       0x16 ./Output/event_groups.o
 .debug_macro   0x00000000      0x11c ./Output/event_groups.o
 .debug_macro   0x00000000       0x9b ./Output/event_groups.o
 .debug_macro   0x00000000       0x57 ./Output/event_groups.o
 .debug_macro   0x00000000      0x370 ./Output/event_groups.o
 .debug_macro   0x00000000       0x16 ./Output/event_groups.o
 .debug_macro   0x00000000       0x4a ./Output/event_groups.o
 .debug_macro   0x00000000       0x34 ./Output/event_groups.o
 .debug_macro   0x00000000       0x10 ./Output/event_groups.o
 .debug_macro   0x00000000       0x52 ./Output/event_groups.o
 .debug_macro   0x00000000      0x1de ./Output/event_groups.o
 .debug_macro   0x00000000       0x16 ./Output/event_groups.o
 .debug_macro   0x00000000       0x29 ./Output/event_groups.o
 .debug_macro   0x00000000      0x34e ./Output/event_groups.o
 .debug_macro   0x00000000       0x16 ./Output/event_groups.o
 .debug_macro   0x00000000      0x166 ./Output/event_groups.o
 .debug_macro   0x00000000       0x1c ./Output/event_groups.o
 .debug_macro   0x00000000      0x182 ./Output/event_groups.o
 .debug_macro   0x00000000       0xe7 ./Output/event_groups.o
 .debug_macro   0x00000000       0x3a ./Output/event_groups.o
 .debug_macro   0x00000000       0x1f ./Output/event_groups.o
 .debug_macro   0x00000000       0x12 ./Output/event_groups.o
 .debug_macro   0x00000000      0xfde ./Output/event_groups.o
 .debug_macro   0x00000000       0xc3 ./Output/event_groups.o
 .debug_macro   0x00000000      0x14f ./Output/event_groups.o
 .debug_macro   0x00000000       0x98 ./Output/event_groups.o
 .debug_macro   0x00000000       0x31 ./Output/event_groups.o
 .debug_line    0x00000000      0x8a1 ./Output/event_groups.o
 .debug_str     0x00000000    0x122c1 ./Output/event_groups.o
 .comment       0x00000000       0x27 ./Output/event_groups.o
 .debug_frame   0x00000000      0x100 ./Output/event_groups.o
 .ARM.attributes
                0x00000000       0x2d ./Output/event_groups.o
 .group         0x00000000        0xc ./Output/stream_buffer.o
 .group         0x00000000        0xc ./Output/stream_buffer.o
 .group         0x00000000        0xc ./Output/stream_buffer.o
 .group         0x00000000        0xc ./Output/stream_buffer.o
 .group         0x00000000        0xc ./Output/stream_buffer.o
 .group         0x00000000        0xc ./Output/stream_buffer.o
 .group         0x00000000        0xc ./Output/stream_buffer.o
 .group         0x00000000        0xc ./Output/stream_buffer.o
 .group         0x00000000        0xc ./Output/stream_buffer.o
 .group         0x00000000        0xc ./Output/stream_buffer.o
 .group         0x00000000        0xc ./Output/stream_buffer.o
 .group         0x00000000        0xc ./Output/stream_buffer.o
 .group         0x00000000        0xc ./Output/stream_buffer.o
 .group         0x00000000        0xc ./Output/stream_buffer.o
 .group         0x00000000        0xc ./Output/stream_buffer.o
 .group         0x00000000        0xc ./Output/stream_buffer.o
 .group         0x00000000        0xc ./Output/stream_buffer.o
 .group         0x00000000        0xc ./Output/stream_buffer.o
 .group         0x00000000        0xc ./Output/stream_buffer.o
 .group         0x00000000        0xc ./Output/stream_buffer.o
 .group         0x00000000        0xc ./Output/stream_buffer.o
 .group         0x00000000        0xc ./Output/stream_buffer.o
 .group         0x00000000        0xc ./Output/stream_buffer.o
 .group         0x00000000        0xc ./Output/stream_buffer.o
 .group         0x00000000        0xc ./Output/stream_buffer.o
 .group         0x00000000        0xc ./Output/stream_buffer.o
 .group         0x00000000        0xc ./Output/stream_buffer.o
 .group         0x00000000        0xc ./Output/stream_buffer.o
 .group         0x00000000        0xc ./Output/stream_buffer.o
 .group         0x00000000        0xc ./Output/stream_buffer.o
 .group         0x00000000        0xc ./Output/stream_buffer.o
 .text          0x00000000        0x0 ./Output/stream_buffer.o
 .data          0x00000000        0x0 ./Output/stream_buffer.o
 .bss           0x00000000        0x0 ./Output/stream_buffer.o
 .text.prvBytesInBuffer
                0x00000000       0x12 ./Output/stream_buffer.o
 .text.prvWriteBytesToBuffer.part.0
                0x00000000       0x4e ./Output/stream_buffer.o
 .text.prvWriteMessageToBuffer
                0x00000000       0x46 ./Output/stream_buffer.o
 .text.prvReadBytesFromBuffer.part.0
                0x00000000       0x48 ./Output/stream_buffer.o
 .text.prvInitialiseNewStreamBuffer.isra.0
                0x00000000       0x34 ./Output/stream_buffer.o
 .text.prvReadMessageFromBuffer
                0x00000000       0x44 ./Output/stream_buffer.o
 .text.xStreamBufferGenericCreate
                0x00000000       0x5a ./Output/stream_buffer.o
 .text.vStreamBufferDelete
                0x00000000       0x16 ./Output/stream_buffer.o
 .text.xStreamBufferReset
                0x00000000       0x38 ./Output/stream_buffer.o
 .text.xStreamBufferResetFromISR
                0x00000000       0x46 ./Output/stream_buffer.o
 .text.xStreamBufferSetTriggerLevel
                0x00000000       0x18 ./Output/stream_buffer.o
 .text.xStreamBufferSpacesAvailable
                0x00000000       0x22 ./Output/stream_buffer.o
 .text.xStreamBufferBytesAvailable
                0x00000000        0x8 ./Output/stream_buffer.o
 .text.xStreamBufferSend
                0x00000000       0xec ./Output/stream_buffer.o
 .text.xStreamBufferSendFromISR
                0x00000000       0x80 ./Output/stream_buffer.o
 .text.xStreamBufferReceive
                0x00000000       0xb0 ./Output/stream_buffer.o
 .text.xStreamBufferNextMessageLengthBytes
                0x00000000       0x32 ./Output/stream_buffer.o
 .text.xStreamBufferReceiveFromISR
                0x00000000       0x6e ./Output/stream_buffer.o
 .text.xStreamBufferIsEmpty
                0x00000000       0x10 ./Output/stream_buffer.o
 .text.xStreamBufferIsFull
                0x00000000       0x1c ./Output/stream_buffer.o
 .text.xStreamBufferSendCompletedFromISR
                0x00000000       0x42 ./Output/stream_buffer.o
 .text.xStreamBufferReceiveCompletedFromISR
                0x00000000       0x42 ./Output/stream_buffer.o
 .text.uxStreamBufferGetStreamBufferNotificationIndex
                0x00000000        0x8 ./Output/stream_buffer.o
 .text.vStreamBufferSetStreamBufferNotificationIndex
                0x00000000       0x1a ./Output/stream_buffer.o
 .debug_info    0x00000000     0x19af ./Output/stream_buffer.o
 .debug_abbrev  0x00000000      0x3c8 ./Output/stream_buffer.o
 .debug_loclists
                0x00000000      0xed7 ./Output/stream_buffer.o
 .debug_aranges
                0x00000000       0xd8 ./Output/stream_buffer.o
 .debug_rnglists
                0x00000000       0xb8 ./Output/stream_buffer.o
 .debug_macro   0x00000000      0x1de ./Output/stream_buffer.o
 .debug_macro   0x00000000      0xac0 ./Output/stream_buffer.o
 .debug_macro   0x00000000       0x22 ./Output/stream_buffer.o
 .debug_macro   0x00000000       0x60 ./Output/stream_buffer.o
 .debug_macro   0x00000000       0x24 ./Output/stream_buffer.o
 .debug_macro   0x00000000       0x94 ./Output/stream_buffer.o
 .debug_macro   0x00000000       0x3c ./Output/stream_buffer.o
 .debug_macro   0x00000000       0x34 ./Output/stream_buffer.o
 .debug_macro   0x00000000      0x190 ./Output/stream_buffer.o
 .debug_macro   0x00000000       0x57 ./Output/stream_buffer.o
 .debug_macro   0x00000000      0x370 ./Output/stream_buffer.o
 .debug_macro   0x00000000       0x16 ./Output/stream_buffer.o
 .debug_macro   0x00000000       0x4a ./Output/stream_buffer.o
 .debug_macro   0x00000000       0x34 ./Output/stream_buffer.o
 .debug_macro   0x00000000       0x10 ./Output/stream_buffer.o
 .debug_macro   0x00000000       0x52 ./Output/stream_buffer.o
 .debug_macro   0x00000000      0x1de ./Output/stream_buffer.o
 .debug_macro   0x00000000       0x10 ./Output/stream_buffer.o
 .debug_macro   0x00000000       0x3c ./Output/stream_buffer.o
 .debug_macro   0x00000000      0x34e ./Output/stream_buffer.o
 .debug_macro   0x00000000       0x16 ./Output/stream_buffer.o
 .debug_macro   0x00000000      0x166 ./Output/stream_buffer.o
 .debug_macro   0x00000000       0x1c ./Output/stream_buffer.o
 .debug_macro   0x00000000      0x182 ./Output/stream_buffer.o
 .debug_macro   0x00000000       0xe7 ./Output/stream_buffer.o
 .debug_macro   0x00000000       0x3a ./Output/stream_buffer.o
 .debug_macro   0x00000000       0x1f ./Output/stream_buffer.o
 .debug_macro   0x00000000       0x12 ./Output/stream_buffer.o
 .debug_macro   0x00000000      0xfde ./Output/stream_buffer.o
 .debug_macro   0x00000000       0xc3 ./Output/stream_buffer.o
 .debug_macro   0x00000000      0x14f ./Output/stream_buffer.o
 .debug_macro   0x00000000       0x38 ./Output/stream_buffer.o
 .debug_line    0x00000000     0x118d ./Output/stream_buffer.o
 .debug_str     0x00000000    0x12702 ./Output/stream_buffer.o
 .comment       0x00000000       0x27 ./Output/stream_buffer.o
 .debug_frame   0x00000000      0x2b8 ./Output/stream_buffer.o
 .ARM.attributes
                0x00000000       0x2d ./Output/stream_buffer.o
 .group         0x00000000        0xc ./Output/heap_4.o
 .group         0x00000000        0xc ./Output/heap_4.o
 .group         0x00000000        0xc ./Output/heap_4.o
 .group         0x00000000        0xc ./Output/heap_4.o
 .group         0x00000000        0xc ./Output/heap_4.o
 .group         0x00000000        0xc ./Output/heap_4.o
 .group         0x00000000        0xc ./Output/heap_4.o
 .group         0x00000000        0xc ./Output/heap_4.o
 .group         0x00000000        0xc ./Output/heap_4.o
 .group         0x00000000        0xc ./Output/heap_4.o
 .group         0x00000000        0xc ./Output/heap_4.o
 .group         0x00000000        0xc ./Output/heap_4.o
 .group         0x00000000        0xc ./Output/heap_4.o
 .group         0x00000000        0xc ./Output/heap_4.o
 .group         0x00000000        0xc ./Output/heap_4.o
 .group         0x00000000        0xc ./Output/heap_4.o
 .group         0x00000000        0xc ./Output/heap_4.o
 .group         0x00000000        0xc ./Output/heap_4.o
 .group         0x00000000        0xc ./Output/heap_4.o
 .group         0x00000000        0xc ./Output/heap_4.o
 .group         0x00000000        0xc ./Output/heap_4.o
 .group         0x00000000        0xc ./Output/heap_4.o
 .group         0x00000000        0xc ./Output/heap_4.o
 .group         0x00000000        0xc ./Output/heap_4.o
 .group         0x00000000        0xc ./Output/heap_4.o
 .group         0x00000000        0xc ./Output/heap_4.o
 .group         0x00000000        0xc ./Output/heap_4.o
 .group         0x00000000        0xc ./Output/heap_4.o
 .group         0x00000000        0xc ./Output/heap_4.o
 .group         0x00000000        0xc ./Output/heap_4.o
 .group         0x00000000        0xc ./Output/heap_4.o
 .group         0x00000000        0xc ./Output/heap_4.o
 .group         0x00000000        0xc ./Output/heap_4.o
 .group         0x00000000        0xc ./Output/heap_4.o
 .text          0x00000000        0x0 ./Output/heap_4.o
 .data          0x00000000        0x0 ./Output/heap_4.o
 .bss           0x00000000        0x0 ./Output/heap_4.o
 .text.xPortGetFreeHeapSize
                0x00000000        0xc ./Output/heap_4.o
 .text.xPortGetMinimumEverFreeHeapSize
                0x00000000        0xc ./Output/heap_4.o
 .text.vPortInitialiseBlocks
                0x00000000        0x2 ./Output/heap_4.o
 .text.pvPortCalloc
                0x00000000       0x2a ./Output/heap_4.o
 .text.vPortGetHeapStats
                0x00000000       0x84 ./Output/heap_4.o
 .text.vPortHeapResetState
                0x00000000       0x2c ./Output/heap_4.o
 .debug_macro   0x00000000      0xac0 ./Output/heap_4.o
 .debug_macro   0x00000000       0x24 ./Output/heap_4.o
 .debug_macro   0x00000000       0x22 ./Output/heap_4.o
 .debug_macro   0x00000000       0x60 ./Output/heap_4.o
 .debug_macro   0x00000000       0x94 ./Output/heap_4.o
 .debug_macro   0x00000000       0x3c ./Output/heap_4.o
 .debug_macro   0x00000000       0x34 ./Output/heap_4.o
 .debug_macro   0x00000000       0x16 ./Output/heap_4.o
 .debug_macro   0x00000000      0x11c ./Output/heap_4.o
 .debug_macro   0x00000000       0x9b ./Output/heap_4.o
 .debug_macro   0x00000000       0x57 ./Output/heap_4.o
 .debug_macro   0x00000000      0x370 ./Output/heap_4.o
 .debug_macro   0x00000000       0x16 ./Output/heap_4.o
 .debug_macro   0x00000000       0x4a ./Output/heap_4.o
 .debug_macro   0x00000000       0x34 ./Output/heap_4.o
 .debug_macro   0x00000000       0x10 ./Output/heap_4.o
 .debug_macro   0x00000000       0x52 ./Output/heap_4.o
 .debug_macro   0x00000000      0x1de ./Output/heap_4.o
 .debug_macro   0x00000000       0x16 ./Output/heap_4.o
 .debug_macro   0x00000000       0x29 ./Output/heap_4.o
 .debug_macro   0x00000000       0x16 ./Output/heap_4.o
 .debug_macro   0x00000000       0x3c ./Output/heap_4.o
 .debug_macro   0x00000000      0x34e ./Output/heap_4.o
 .debug_macro   0x00000000       0x16 ./Output/heap_4.o
 .debug_macro   0x00000000      0x166 ./Output/heap_4.o
 .debug_macro   0x00000000       0x1c ./Output/heap_4.o
 .debug_macro   0x00000000      0x182 ./Output/heap_4.o
 .debug_macro   0x00000000       0xe7 ./Output/heap_4.o
 .debug_macro   0x00000000       0x3a ./Output/heap_4.o
 .debug_macro   0x00000000       0x1f ./Output/heap_4.o
 .debug_macro   0x00000000       0x12 ./Output/heap_4.o
 .debug_macro   0x00000000      0xfde ./Output/heap_4.o
 .debug_macro   0x00000000       0xc3 ./Output/heap_4.o
 .debug_macro   0x00000000      0x14f ./Output/heap_4.o
 .group         0x00000000        0xc ./Output/port.o
 .group         0x00000000        0xc ./Output/port.o
 .group         0x00000000        0xc ./Output/port.o
 .group         0x00000000        0xc ./Output/port.o
 .group         0x00000000        0xc ./Output/port.o
 .group         0x00000000        0xc ./Output/port.o
 .group         0x00000000        0xc ./Output/port.o
 .group         0x00000000        0xc ./Output/port.o
 .group         0x00000000        0xc ./Output/port.o
 .group         0x00000000        0xc ./Output/port.o
 .group         0x00000000        0xc ./Output/port.o
 .group         0x00000000        0xc ./Output/port.o
 .group         0x00000000        0xc ./Output/port.o
 .group         0x00000000        0xc ./Output/port.o
 .text          0x00000000        0x0 ./Output/port.o
 .data          0x00000000        0x0 ./Output/port.o
 .bss           0x00000000        0x0 ./Output/port.o
 .text.vPortEndScheduler
                0x00000000       0x14 ./Output/port.o
 .text.vPortValidateInterruptPriority
                0x00000000       0x3c ./Output/port.o
 .debug_macro   0x00000000      0xac0 ./Output/port.o
 .debug_macro   0x00000000      0x190 ./Output/port.o
 .debug_macro   0x00000000      0x34e ./Output/port.o
 .debug_macro   0x00000000       0x16 ./Output/port.o
 .debug_macro   0x00000000      0x166 ./Output/port.o
 .debug_macro   0x00000000       0x1c ./Output/port.o
 .debug_macro   0x00000000      0x182 ./Output/port.o
 .debug_macro   0x00000000       0xe7 ./Output/port.o
 .debug_macro   0x00000000       0x3a ./Output/port.o
 .debug_macro   0x00000000       0x1f ./Output/port.o
 .debug_macro   0x00000000       0x12 ./Output/port.o
 .debug_macro   0x00000000      0xfde ./Output/port.o
 .debug_macro   0x00000000       0xc3 ./Output/port.o
 .debug_macro   0x00000000      0x14f ./Output/port.o
 .group         0x00000000        0xc ./Output/main.o
 .group         0x00000000        0xc ./Output/main.o
 .group         0x00000000        0xc ./Output/main.o
 .group         0x00000000        0xc ./Output/main.o
 .group         0x00000000        0xc ./Output/main.o
 .group         0x00000000        0xc ./Output/main.o
 .group         0x00000000        0xc ./Output/main.o
 .group         0x00000000        0xc ./Output/main.o
 .group         0x00000000        0xc ./Output/main.o
 .group         0x00000000        0xc ./Output/main.o
 .group         0x00000000        0xc ./Output/main.o
 .group         0x00000000        0xc ./Output/main.o
 .group         0x00000000        0xc ./Output/main.o
 .group         0x00000000        0xc ./Output/main.o
 .group         0x00000000        0xc ./Output/main.o
 .group         0x00000000        0xc ./Output/main.o
 .group         0x00000000        0xc ./Output/main.o
 .group         0x00000000        0xc ./Output/main.o
 .group         0x00000000        0xc ./Output/main.o
 .group         0x00000000        0xc ./Output/main.o
 .group         0x00000000        0xc ./Output/main.o
 .group         0x00000000        0xc ./Output/main.o
 .group         0x00000000        0xc ./Output/main.o
 .group         0x00000000        0xc ./Output/main.o
 .group         0x00000000        0xc ./Output/main.o
 .group         0x00000000        0xc ./Output/main.o
 .group         0x00000000        0xc ./Output/main.o
 .group         0x00000000        0xc ./Output/main.o
 .group         0x00000000        0xc ./Output/main.o
 .group         0x00000000        0xc ./Output/main.o
 .group         0x00000000        0xc ./Output/main.o
 .group         0x00000000        0xc ./Output/main.o
 .group         0x00000000        0xc ./Output/main.o
 .group         0x00000000        0xc ./Output/main.o
 .group         0x00000000        0xc ./Output/main.o
 .group         0x00000000        0xc ./Output/main.o
 .group         0x00000000        0xc ./Output/main.o
 .group         0x00000000        0xc ./Output/main.o
 .group         0x00000000        0xc ./Output/main.o
 .group         0x00000000        0xc ./Output/main.o
 .group         0x00000000        0xc ./Output/main.o
 .text          0x00000000        0x0 ./Output/main.o
 .data          0x00000000        0x0 ./Output/main.o
 .bss           0x00000000        0x0 ./Output/main.o
 .debug_macro   0x00000000      0xac0 ./Output/main.o
 .debug_macro   0x00000000      0x190 ./Output/main.o
 .debug_macro   0x00000000      0x34e ./Output/main.o
 .debug_macro   0x00000000       0x16 ./Output/main.o
 .debug_macro   0x00000000      0x166 ./Output/main.o
 .debug_macro   0x00000000       0x1c ./Output/main.o
 .debug_macro   0x00000000      0x182 ./Output/main.o
 .debug_macro   0x00000000       0xe7 ./Output/main.o
 .debug_macro   0x00000000       0x3a ./Output/main.o
 .debug_macro   0x00000000       0x1f ./Output/main.o
 .debug_macro   0x00000000       0x12 ./Output/main.o
 .debug_macro   0x00000000      0xfde ./Output/main.o
 .debug_macro   0x00000000       0xc3 ./Output/main.o
 .debug_macro   0x00000000      0x14f ./Output/main.o
 .debug_macro   0x00000000       0x80 ./Output/main.o
 .debug_macro   0x00000000       0x9e ./Output/main.o
 .debug_macro   0x00000000       0x22 ./Output/main.o
 .debug_macro   0x00000000       0x60 ./Output/main.o
 .debug_macro   0x00000000       0x24 ./Output/main.o
 .debug_macro   0x00000000       0x94 ./Output/main.o
 .debug_macro   0x00000000       0x3c ./Output/main.o
 .debug_macro   0x00000000       0x34 ./Output/main.o
 .debug_macro   0x00000000       0x57 ./Output/main.o
 .debug_macro   0x00000000       0x3c ./Output/main.o
 .debug_macro   0x00000000      0x370 ./Output/main.o
 .debug_macro   0x00000000       0x16 ./Output/main.o
 .debug_macro   0x00000000       0x4a ./Output/main.o
 .debug_macro   0x00000000       0x34 ./Output/main.o
 .debug_macro   0x00000000       0x10 ./Output/main.o
 .debug_macro   0x00000000       0x52 ./Output/main.o
 .debug_macro   0x00000000      0x1de ./Output/main.o
 .debug_macro   0x00000000       0x16 ./Output/main.o
 .debug_macro   0x00000000       0x16 ./Output/main.o
 .debug_macro   0x00000000       0x29 ./Output/main.o
 .group         0x00000000        0xc ./Output/uart.o
 .group         0x00000000        0xc ./Output/uart.o
 .group         0x00000000        0xc ./Output/uart.o
 .group         0x00000000        0xc ./Output/uart.o
 .group         0x00000000        0xc ./Output/uart.o
 .group         0x00000000        0xc ./Output/uart.o
 .group         0x00000000        0xc ./Output/uart.o
 .group         0x00000000        0xc ./Output/uart.o
 .group         0x00000000        0xc ./Output/uart.o
 .group         0x00000000        0xc ./Output/uart.o
 .group         0x00000000        0xc ./Output/uart.o
 .group         0x00000000        0xc ./Output/uart.o
 .group         0x00000000        0xc ./Output/uart.o
 .text          0x00000000        0x0 ./Output/uart.o
 .data          0x00000000        0x0 ./Output/uart.o
 .bss           0x00000000        0x0 ./Output/uart.o
 .debug_macro   0x00000000      0xac0 ./Output/uart.o
 .debug_macro   0x00000000      0x190 ./Output/uart.o
 .debug_macro   0x00000000      0x34e ./Output/uart.o
 .debug_macro   0x00000000       0x16 ./Output/uart.o
 .debug_macro   0x00000000      0x166 ./Output/uart.o
 .debug_macro   0x00000000       0x1c ./Output/uart.o
 .debug_macro   0x00000000      0x182 ./Output/uart.o
 .debug_macro   0x00000000       0xe7 ./Output/uart.o
 .debug_macro   0x00000000       0x3a ./Output/uart.o
 .debug_macro   0x00000000       0x1f ./Output/uart.o
 .debug_macro   0x00000000       0x12 ./Output/uart.o
 .debug_macro   0x00000000      0xfde ./Output/uart.o
 .group         0x00000000        0xc ./Output/startup.o
 .group         0x00000000        0xc ./Output/startup.o
 .group         0x00000000        0xc ./Output/startup.o
 .group         0x00000000        0xc ./Output/startup.o
 .group         0x00000000        0xc ./Output/startup.o
 .group         0x00000000        0xc ./Output/startup.o
 .group         0x00000000        0xc ./Output/startup.o
 .group         0x00000000        0xc ./Output/startup.o
 .group         0x00000000        0xc ./Output/startup.o
 .group         0x00000000        0xc ./Output/startup.o
 .group         0x00000000        0xc ./Output/startup.o
 .group         0x00000000        0xc ./Output/startup.o
 .group         0x00000000        0xc ./Output/startup.o
 .text          0x00000000        0x0 ./Output/startup.o
 .data          0x00000000        0x0 ./Output/startup.o
 .bss           0x00000000        0x0 ./Output/startup.o
 .debug_macro   0x00000000      0xac0 ./Output/startup.o
 .debug_macro   0x00000000      0x190 ./Output/startup.o
 .debug_macro   0x00000000      0x34e ./Output/startup.o
 .debug_macro   0x00000000       0x16 ./Output/startup.o
 .debug_macro   0x00000000      0x166 ./Output/startup.o
 .debug_macro   0x00000000       0x1c ./Output/startup.o
 .debug_macro   0x00000000      0x182 ./Output/startup.o
 .debug_macro   0x00000000       0xe7 ./Output/startup.o
 .debug_macro   0x00000000       0x3a ./Output/startup.o
 .debug_macro   0x00000000       0x1f ./Output/startup.o
 .debug_macro   0x00000000       0x12 ./Output/startup.o
 .debug_macro   0x00000000      0xfde ./Output/startup.o
 .debug_macro   0x00000000       0x22 ./Output/startup.o
 .text          0x00000000       0x5c /usr/lib/gcc/arm-none-eabi/13.2.1/../../../arm-none-eabi/lib/thumb/v7-m/nofp/libc_nano.a(libc_a-strlen-stub.o)
 .data          0x00000000        0x0 /usr/lib/gcc/arm-none-eabi/13.2.1/../../../arm-none-eabi/lib/thumb/v7-m/nofp/libc_nano.a(libc_a-strlen-stub.o)
 .bss           0x00000000        0x0 /usr/lib/gcc/arm-none-eabi/13.2.1/../../../arm-none-eabi/lib/thumb/v7-m/nofp/libc_nano.a(libc_a-strlen-stub.o)
 .debug_info    0x00000000       0xbd /usr/lib/gcc/arm-none-eabi/13.2.1/../../../arm-none-eabi/lib/thumb/v7-m/nofp/libc_nano.a(libc_a-strlen-stub.o)
 .debug_abbrev  0x00000000       0x78 /usr/lib/gcc/arm-none-eabi/13.2.1/../../../arm-none-eabi/lib/thumb/v7-m/nofp/libc_nano.a(libc_a-strlen-stub.o)
 .debug_loclists
                0x00000000       0x29 /usr/lib/gcc/arm-none-eabi/13.2.1/../../../arm-none-eabi/lib/thumb/v7-m/nofp/libc_nano.a(libc_a-strlen-stub.o)
 .debug_aranges
                0x00000000       0x20 /usr/lib/gcc/arm-none-eabi/13.2.1/../../../arm-none-eabi/lib/thumb/v7-m/nofp/libc_nano.a(libc_a-strlen-stub.o)
 .debug_rnglists
                0x00000000       0x13 /usr/lib/gcc/arm-none-eabi/13.2.1/../../../arm-none-eabi/lib/thumb/v7-m/nofp/libc_nano.a(libc_a-strlen-stub.o)
 .debug_line    0x00000000       0xf4 /usr/lib/gcc/arm-none-eabi/13.2.1/../../../arm-none-eabi/lib/thumb/v7-m/nofp/libc_nano.a(libc_a-strlen-stub.o)
 .debug_str     0x00000000      0x19b /usr/lib/gcc/arm-none-eabi/13.2.1/../../../arm-none-eabi/lib/thumb/v7-m/nofp/libc_nano.a(libc_a-strlen-stub.o)
 .comment       0x00000000       0x27 /usr/lib/gcc/arm-none-eabi/13.2.1/../../../arm-none-eabi/lib/thumb/v7-m/nofp/libc_nano.a(libc_a-strlen-stub.o)
 .debug_frame   0x00000000       0x20 /usr/lib/gcc/arm-none-eabi/13.2.1/../../../arm-none-eabi/lib/thumb/v7-m/nofp/libc_nano.a(libc_a-strlen-stub.o)
 .ARM.attributes
                0x00000000       0x2d /usr/lib/gcc/arm-none-eabi/13.2.1/../../../arm-none-eabi/lib/thumb/v7-m/nofp/libc_nano.a(libc_a-strlen-stub.o)
 .data          0x00000000        0x0 /usr/lib/gcc/arm-none-eabi/13.2.1/../../../arm-none-eabi/lib/thumb/v7-m/nofp/libc_nano.a(libc_a-memset.o)
 .bss           0x00000000        0x0 /usr/lib/gcc/arm-none-eabi/13.2.1/../../../arm-none-eabi/lib/thumb/v7-m/nofp/libc_nano.a(libc_a-memset.o)
 .data          0x00000000        0x0 /usr/lib/gcc/arm-none-eabi/13.2.1/../../../arm-none-eabi/lib/thumb/v7-m/nofp/libc_nano.a(libc_a-memcpy.o)
 .bss           0x00000000        0x0 /usr/lib/gcc/arm-none-eabi/13.2.1/../../../arm-none-eabi/lib/thumb/v7-m/nofp/libc_nano.a(libc_a-memcpy.o)
 .ARM.extab     0x00000000        0x0 /usr/lib/gcc/arm-none-eabi/13.2.1/../../../arm-none-eabi/lib/thumb/v7-m/nofp/libc_nano.a(libc_a-memcpy.o)
 .eh_frame      0x00000000       0x2c /usr/lib/gcc/arm-none-eabi/13.2.1/../../../arm-none-eabi/lib/thumb/v7-m/nofp/libc_nano.a(libc_a-memcpy.o)

Memory Configuration

Name             Origin             Length             Attributes
FLASH            0x00000000         0x00400000         xr
RAM              0x20000000         0x00400000         rw
*default*        0x00000000         0xffffffff

Linker script and memory map

LOAD ./Output/list.o
LOAD ./Output/tasks.o
LOAD ./Output/queue.o
LOAD ./Output/timers.o
LOAD ./Output/event_groups.o
LOAD ./Output/stream_buffer.o
LOAD ./Output/heap_4.o
LOAD ./Output/port.o
LOAD ./Output/main.o
LOAD ./Output/uart.o
LOAD ./Output/startup.o
START GROUP
LOAD /usr/lib/gcc/arm-none-eabi/13.2.1/thumb/v7-m/nofp/libgcc.a
LOAD /usr/lib/gcc/arm-none-eabi/13.2.1/../../../arm-none-eabi/lib/thumb/v7-m/nofp/libc_nano.a
END GROUP
START GROUP
LOAD /usr/lib/gcc/arm-none-eabi/13.2.1/thumb/v7-m/nofp/libgcc.a
LOAD /usr/lib/gcc/arm-none-eabi/13.2.1/../../../arm-none-eabi/lib/thumb/v7-m/nofp/libc_nano.a
LOAD /usr/lib/gcc/arm-none-eabi/13.2.1/../../../arm-none-eabi/lib/thumb/v7-m/nofp/libnosys.a
END GROUP
START GROUP
LOAD /usr/lib/gcc/arm-none-eabi/13.2.1/thumb/v7-m/nofp/libgcc.a
LOAD /usr/lib/gcc/arm-none-eabi/13.2.1/../../../arm-none-eabi/lib/thumb/v7-m/nofp/libc_nano.a
LOAD /usr/lib/gcc/arm-none-eabi/13.2.1/../../../arm-none-eabi/lib/thumb/v7-m/nofp/libnosys.a
END GROUP
                0x00000008                        _Min_Heap_Size = 0x8
                0x00000400                        _Min_Stack_Size = 0x400
                0x20400000                        _estack = (ORIGIN (RAM) + LENGTH (RAM))

.isr_vector     0x00000000       0x78
                0x00000000                        __vector_table = .
 *(.isr_vector)
 .isr_vector    0x00000000       0x78 ./Output/startup.o
                0x00000000                isr_vector
                0x00000078                        . = ALIGN (0x4)

.text           0x00000078      0x278
 *(.text)
 .text          0x00000078       0xa0 /usr/lib/gcc/arm-none-eabi/13.2.1/../../../arm-none-eabi/lib/thumb/v7-m/nofp/libc_nano.a(libc_a-memset.o)
                0x00000078                memset
 .text          0x00000118       0xec /usr/lib/gcc/arm-none-eabi/13.2.1/../../../arm-none-eabi/lib/thumb/v7-m/nofp/libc_nano.a(libc_a-memcpy.o)
                0x00000118                memcpy
 *(.rodata*)
 .rodata.vTaskStartScheduler.str1.1
                0x00000204       0xe5 ./Output/tasks.o
                                  0x5 (size before relaxing)
 *fill*         0x000002e9        0x3 
 .rodata.uxTopUsedPriority
                0x000002ec        0x4 ./Output/tasks.o
 .rodata.prvCheckForValidListAndQueue.str1.1
                0x000002f0        0x5 ./Output/timers.o
 .rodata.xTimerCreateTimerTask.str1.1
                0x000002f0        0x8 ./Output/timers.o
 .rodata.TaskA.str1.1
                0x000002f0       0x57 ./Output/main.o
 .rodata.myTimerCallback.str1.1
                0x000002f0       0x22 ./Output/main.o
 .rodata.main.str1.1
                0x000002f0       0x24 ./Output/main.o
 .rodata.prvGetRegistersFromStack.str1.1
                0x000002f0       0x36 ./Output/startup.o
 *(.constdata*)
                0x000002f0                        _etext = .
                0x000002f0                        _sidata = .

.glue_7         0x000002f0        0x0
 .glue_7        0x000002f0        0x0 linker stubs

.glue_7t        0x000002f0        0x0
 .glue_7t       0x000002f0        0x0 linker stubs

.vfp11_veneer   0x000002f0        0x0
 .vfp11_veneer  0x000002f0        0x0 linker stubs

.v4_bx          0x000002f0        0x0
 .v4_bx         0x000002f0        0x0 linker stubs

.text.vListInitialise
                0x000002f0       0x16
 .text.vListInitialise
                0x000002f0       0x16 ./Output/list.o
                0x000002f0                vListInitialise

.text.vListInitialiseItem
                0x00000306        0x6
 .text.vListInitialiseItem
                0x00000306        0x6 ./Output/list.o
                0x00000306                vListInitialiseItem

.text.vListInsertEnd
                0x0000030c       0x16
 .text.vListInsertEnd
                0x0000030c       0x16 ./Output/list.o
                0x0000030c                vListInsertEnd

.text.vListInsert
                0x00000322       0x2e
 .text.vListInsert
                0x00000322       0x2e ./Output/list.o
                0x00000322                vListInsert

.text.uxListRemove
                0x00000350       0x1e
 .text.uxListRemove
                0x00000350       0x1e ./Output/list.o
                0x00000350                uxListRemove

.text.prvAddCurrentTaskToDelayedList
                0x00000370       0xb4
 .text.prvAddCurrentTaskToDelayedList
                0x00000370       0xb4 ./Output/tasks.o

.text.prvResetNextTaskUnblockTime
                0x00000424       0x24
 .text.prvResetNextTaskUnblockTime
                0x00000424       0x24 ./Output/tasks.o

.text.prvCheckTasksWaitingTermination
                0x00000448       0x48
 .text.prvCheckTasksWaitingTermination
                0x00000448       0x48 ./Output/tasks.o

.text.prvIdleTask
                0x00000490        0x8
 .text.prvIdleTask
                0x00000490        0x8 ./Output/tasks.o

.text.xTaskCreate
                0x00000498      0x1c0
 .text.xTaskCreate
                0x00000498      0x1c0 ./Output/tasks.o
                0x00000498                xTaskCreate

.text.vTaskDelete
                0x00000658       0xd0
 .text.vTaskDelete
                0x00000658       0xd0 ./Output/tasks.o
                0x00000658                vTaskDelete

.text.vTaskStartScheduler
                0x00000728       0x88
 .text.vTaskStartScheduler
                0x00000728       0x88 ./Output/tasks.o
                0x00000728                vTaskStartScheduler

.text.vTaskSuspendAll
                0x000007b0       0x10
 .text.vTaskSuspendAll
                0x000007b0       0x10 ./Output/tasks.o
                0x000007b0                vTaskSuspendAll

.text.xTaskGetTickCount
                0x000007c0        0xc
 .text.xTaskGetTickCount
                0x000007c0        0xc ./Output/tasks.o
                0x000007c0                xTaskGetTickCount

.text.uxTaskGetNumberOfTasks
                0x000007cc        0xc
 .text.uxTaskGetNumberOfTasks
                0x000007cc        0xc ./Output/tasks.o
                0x000007cc                uxTaskGetNumberOfTasks

.text.xTaskIncrementTick
                0x000007d8      0x180
 .text.xTaskIncrementTick
                0x000007d8      0x180 ./Output/tasks.o
                0x000007d8                xTaskIncrementTick

.text.xTaskResumeAll
                0x00000958      0x150
 .text.xTaskResumeAll
                0x00000958      0x150 ./Output/tasks.o
                0x00000958                xTaskResumeAll

.text.vTaskSwitchContext
                0x00000aa8       0x68
 .text.vTaskSwitchContext
                0x00000aa8       0x68 ./Output/tasks.o
                0x00000aa8                vTaskSwitchContext

.text.vTaskPlaceOnEventList
                0x00000b10       0x24
 .text.vTaskPlaceOnEventList
                0x00000b10       0x24 ./Output/tasks.o
                0x00000b10                vTaskPlaceOnEventList

.text.vTaskPlaceOnEventListRestricted
                0x00000b34       0x4c
 .text.vTaskPlaceOnEventListRestricted
                0x00000b34       0x4c ./Output/tasks.o
                0x00000b34                vTaskPlaceOnEventListRestricted

.text.xTaskRemoveFromEventList
                0x00000b80       0xbc
 .text.xTaskRemoveFromEventList
                0x00000b80       0xbc ./Output/tasks.o
                0x00000b80                xTaskRemoveFromEventList

.text.vTaskInternalSetTimeOutState
                0x00000c3c       0x18
 .text.vTaskInternalSetTimeOutState
                0x00000c3c       0x18 ./Output/tasks.o
                0x00000c3c                vTaskInternalSetTimeOutState

.text.xTaskCheckForTimeOut
                0x00000c54       0x70
 .text.xTaskCheckForTimeOut
                0x00000c54       0x70 ./Output/tasks.o
                0x00000c54                xTaskCheckForTimeOut

.text.vTaskMissedYield
                0x00000cc4        0xc
 .text.vTaskMissedYield
                0x00000cc4        0xc ./Output/tasks.o
                0x00000cc4                vTaskMissedYield

.text.xTaskGetSchedulerState
                0x00000cd0       0x20
 .text.xTaskGetSchedulerState
                0x00000cd0       0x20 ./Output/tasks.o
                0x00000cd0                xTaskGetSchedulerState

.text.xTaskPriorityDisinherit
                0x00000cf0       0x84
 .text.xTaskPriorityDisinherit
                0x00000cf0       0x84 ./Output/tasks.o
                0x00000cf0                xTaskPriorityDisinherit

.iplt           0x00000d74        0x0
 .iplt          0x00000d74        0x0 ./Output/tasks.o

.text.prvIsQueueEmpty
                0x00000d74       0x16
 .text.prvIsQueueEmpty
                0x00000d74       0x16 ./Output/queue.o

.text.prvCopyDataToQueue
                0x00000d8a       0x66
 .text.prvCopyDataToQueue
                0x00000d8a       0x66 ./Output/queue.o

.text.prvCopyDataFromQueue
                0x00000df0       0x28
 .text.prvCopyDataFromQueue
                0x00000df0       0x28 ./Output/queue.o

.text.prvNotifyQueueSetContainer
                0x00000e18       0x64
 .text.prvNotifyQueueSetContainer
                0x00000e18       0x64 ./Output/queue.o

.text.prvUnlockQueue
                0x00000e7c       0x78
 .text.prvUnlockQueue
                0x00000e7c       0x78 ./Output/queue.o

.text.xQueueGenericReset
                0x00000ef4       0x7a
 .text.xQueueGenericReset
                0x00000ef4       0x7a ./Output/queue.o
                0x00000ef4                xQueueGenericReset

.text.xQueueGenericCreate
                0x00000f6e       0x42
 .text.xQueueGenericCreate
                0x00000f6e       0x42 ./Output/queue.o
                0x00000f6e                xQueueGenericCreate

.text.xQueueGenericSend
                0x00000fb0      0x138
 .text.xQueueGenericSend
                0x00000fb0      0x138 ./Output/queue.o
                0x00000fb0                xQueueGenericSend

.text.xQueueReceive
                0x000010e8      0x10c
 .text.xQueueReceive
                0x000010e8      0x10c ./Output/queue.o
                0x000010e8                xQueueReceive

.text.vQueueAddToRegistry
                0x000011f4       0x40
 .text.vQueueAddToRegistry
                0x000011f4       0x40 ./Output/queue.o
                0x000011f4                vQueueAddToRegistry

.text.vQueueWaitForMessageRestricted
                0x00001234       0x46
 .text.vQueueWaitForMessageRestricted
                0x00001234       0x46 ./Output/queue.o
                0x00001234                vQueueWaitForMessageRestricted

.text.prvInsertTimerInActiveList
                0x0000127c       0x3c
 .text.prvInsertTimerInActiveList
                0x0000127c       0x3c ./Output/timers.o

.text.prvReloadTimer
                0x000012b8       0x26
 .text.prvReloadTimer
                0x000012b8       0x26 ./Output/timers.o

.text.prvProcessExpiredTimer
                0x000012e0       0x40
 .text.prvProcessExpiredTimer
                0x000012e0       0x40 ./Output/timers.o

.text.prvSampleTimeNow
                0x00001320       0x4c
 .text.prvSampleTimeNow
                0x00001320       0x4c ./Output/timers.o

.text.prvTimerTask
                0x0000136c      0x170
 .text.prvTimerTask
                0x0000136c      0x170 ./Output/timers.o

.text.prvCheckForValidListAndQueue
                0x000014dc       0x58
 .text.prvCheckForValidListAndQueue
                0x000014dc       0x58 ./Output/timers.o

.text.xTimerCreateTimerTask
                0x00001534       0x3c
 .text.xTimerCreateTimerTask
                0x00001534       0x3c ./Output/timers.o
                0x00001534                xTimerCreateTimerTask

.text.xTimerCreate
                0x00001570       0x4a
 .text.xTimerCreate
                0x00001570       0x4a ./Output/timers.o
                0x00001570                xTimerCreate

.text.xTimerGenericCommandFromTask
                0x000015bc       0x3c
 .text.xTimerGenericCommandFromTask
                0x000015bc       0x3c ./Output/timers.o
                0x000015bc                xTimerGenericCommandFromTask

.text.pvTimerGetTimerID
                0x000015f8       0x16
 .text.pvTimerGetTimerID
                0x000015f8       0x16 ./Output/timers.o
                0x000015f8                pvTimerGetTimerID

.text.pvPortMalloc
                0x00001610      0x130
 .text.pvPortMalloc
                0x00001610      0x130 ./Output/heap_4.o
                0x00001610                pvPortMalloc

.text.vPortFree
                0x00001740       0xbc
 .text.vPortFree
                0x00001740       0xbc ./Output/heap_4.o
                0x00001740                vPortFree

.text.prvTaskExitError
                0x000017fc       0x34
 .text.prvTaskExitError
                0x000017fc       0x34 ./Output/port.o

.text.vPortSVCHandler
                0x00001830       0x24
 .text.vPortSVCHandler
                0x00001830       0x24 ./Output/port.o
                0x00001830                vPortSVCHandler

.text.prvPortStartFirstTask
                0x00001854       0x20
 .text.prvPortStartFirstTask
                0x00001854       0x20 ./Output/port.o

.text.xPortPendSVHandler
                0x00001874       0x44
 .text.xPortPendSVHandler
                0x00001874       0x44 ./Output/port.o
                0x00001874                xPortPendSVHandler

.text.pxPortInitialiseStack
                0x000018b8       0x24
 .text.pxPortInitialiseStack
                0x000018b8       0x24 ./Output/port.o
                0x000018b8                pxPortInitialiseStack

.text.vPortEnterCritical
                0x000018dc       0x34
 .text.vPortEnterCritical
                0x000018dc       0x34 ./Output/port.o
                0x000018dc                vPortEnterCritical

.text.vPortExitCritical
                0x00001910       0x18
 .text.vPortExitCritical
                0x00001910       0x18 ./Output/port.o
                0x00001910                vPortExitCritical

.text.xPortSysTickHandler
                0x00001928       0x30
 .text.xPortSysTickHandler
                0x00001928       0x30 ./Output/port.o
                0x00001928                xPortSysTickHandler

.text.vPortSetupTimerInterrupt
                0x00001958       0x16
 .text.vPortSetupTimerInterrupt
                0x00001958       0x16 ./Output/port.o
                0x00001958                vPortSetupTimerInterrupt

.text.xPortStartScheduler
                0x00001970       0xe4
 .text.xPortStartScheduler
                0x00001970       0xe4 ./Output/port.o
                0x00001970                xPortStartScheduler

.text.TaskA     0x00001a54       0x94
 .text.TaskA    0x00001a54       0x94 ./Output/main.o
                0x00001a54                TaskA

.text.myTimerCallback
                0x00001ae8       0x30
 .text.myTimerCallback
                0x00001ae8       0x30 ./Output/main.o
                0x00001ae8                myTimerCallback

.text.startup.main
                0x00001b18       0x34
 .text.startup.main
                0x00001b18       0x34 ./Output/main.o
                0x00001b18                main

.text.UART_init
                0x00001b4c        0xe
 .text.UART_init
                0x00001b4c        0xe ./Output/uart.o
                0x00001b4c                UART_init

.text.UART_printf
                0x00001b5a       0x12
 .text.UART_printf
                0x00001b5a       0x12 ./Output/uart.o
                0x00001b5a                UART_printf

.text.Default_Handler
                0x00001c00        0xc
 .text.Default_Handler
                0x00001c00        0xc ./Output/startup.o

.text.HardFault_Handler
                0x00001d00       0x18
 .text.HardFault_Handler
                0x00001d00       0x18 ./Output/startup.o

.text.Reset_Handler
                0x00001d18        0x4
 .text.Reset_Handler
                0x00001d18        0x4 ./Output/startup.o
                0x00001d18                Reset_Handler

.text.prvGetRegistersFromStack
                0x00001d1c       0x60
 .text.prvGetRegistersFromStack
                0x00001d1c       0x60 ./Output/startup.o
                0x00001d1c                prvGetRegistersFromStack

.rel.dyn        0x00001d7c        0x0
 .rel.iplt      0x00001d7c        0x0 ./Output/tasks.o

.ARM.exidx      0x00001d7c        0x8
 .ARM.exidx     0x00001d7c        0x8 /usr/lib/gcc/arm-none-eabi/13.2.1/../../../arm-none-eabi/lib/thumb/v7-m/nofp/libc_nano.a(libc_a-memcpy.o)

.data           0x20000000        0x0
                0x20000000                        . = ALIGN (0x8)
                0x20000000                        _data = .
                0x20000000                        _sdata = .
 *(vtable)
 *(.data)
                0x20000000                        _edata = .

.igot.plt       0x20000000        0x0
 .igot.plt      0x20000000        0x0 ./Output/tasks.o

.data.uxCriticalNesting
                0x20000000        0x4
 .data.uxCriticalNesting
                0x20000000        0x4 ./Output/port.o

.bss            0x20000004        0x4
                0x20000008                        . = ALIGN (0x8)
 *fill*         0x20000004        0x4 
                0x20000008                        _bss = .
                0x20000008                        _sbss = .
 *(.bss)
                0x20000008                        _ebss = .

.bss.uxSchedulerSuspended
                0x20000008        0x4
 .bss.uxSchedulerSuspended
                0x20000008        0x4 ./Output/tasks.o

.bss.xIdleTaskHandles
                0x2000000c        0x4
 .bss.xIdleTaskHandles
                0x2000000c        0x4 ./Output/tasks.o

.bss.xNextTaskUnblockTime
                0x20000010        0x4
 .bss.xNextTaskUnblockTime
                0x20000010        0x4 ./Output/tasks.o

.bss.uxTaskNumber
                0x20000014        0x4
 .bss.uxTaskNumber
                0x20000014        0x4 ./Output/tasks.o

.bss.xNumOfOverflows
                0x20000018        0x4
 .bss.xNumOfOverflows
                0x20000018        0x4 ./Output/tasks.o

.bss.xYieldPendings
                0x2000001c        0x4
 .bss.xYieldPendings
                0x2000001c        0x4 ./Output/tasks.o

.bss.xPendedTicks
                0x20000020        0x4
 .bss.xPendedTicks
                0x20000020        0x4 ./Output/tasks.o

.bss.xSchedulerRunning
                0x20000024        0x4
 .bss.xSchedulerRunning
                0x20000024        0x4 ./Output/tasks.o

.bss.uxTopReadyPriority
                0x20000028        0x4
 .bss.uxTopReadyPriority
                0x20000028        0x4 ./Output/tasks.o

.bss.xTickCount
                0x2000002c        0x4
 .bss.xTickCount
                0x2000002c        0x4 ./Output/tasks.o

.bss.uxCurrentNumberOfTasks
                0x20000030        0x4
 .bss.uxCurrentNumberOfTasks
                0x20000030        0x4 ./Output/tasks.o

.bss.xSuspendedTaskList
                0x20000034       0x14
 .bss.xSuspendedTaskList
                0x20000034       0x14 ./Output/tasks.o

.bss.uxDeletedTasksWaitingCleanUp
                0x20000048        0x4
 .bss.uxDeletedTasksWaitingCleanUp
                0x20000048        0x4 ./Output/tasks.o

.bss.xTasksWaitingTermination
                0x2000004c       0x14
 .bss.xTasksWaitingTermination
                0x2000004c       0x14 ./Output/tasks.o

.bss.xPendingReadyList
                0x20000060       0x14
 .bss.xPendingReadyList
                0x20000060       0x14 ./Output/tasks.o

.bss.pxOverflowDelayedTaskList
                0x20000074        0x4
 .bss.pxOverflowDelayedTaskList
                0x20000074        0x4 ./Output/tasks.o

.bss.pxDelayedTaskList
                0x20000078        0x4
 .bss.pxDelayedTaskList
                0x20000078        0x4 ./Output/tasks.o

.bss.xDelayedTaskList2
                0x2000007c       0x14
 .bss.xDelayedTaskList2
                0x2000007c       0x14 ./Output/tasks.o

.bss.xDelayedTaskList1
                0x20000090       0x14
 .bss.xDelayedTaskList1
                0x20000090       0x14 ./Output/tasks.o

.bss.pxReadyTasksLists
                0x200000a4       0xb4
 .bss.pxReadyTasksLists
                0x200000a4       0xb4 ./Output/tasks.o

.bss.pxCurrentTCB
                0x20000158        0x4
 .bss.pxCurrentTCB
                0x20000158        0x4 ./Output/tasks.o
                0x20000158                pxCurrentTCB

.bss.xQueueRegistry
                0x2000015c       0x50
 .bss.xQueueRegistry
                0x2000015c       0x50 ./Output/queue.o
                0x2000015c                xQueueRegistry

.bss.xLastTime.0
                0x200001ac        0x4
 .bss.xLastTime.0
                0x200001ac        0x4 ./Output/timers.o

.bss.xTimerTaskHandle
                0x200001b0        0x4
 .bss.xTimerTaskHandle
                0x200001b0        0x4 ./Output/timers.o

.bss.xTimerQueue
                0x200001b4        0x4
 .bss.xTimerQueue
                0x200001b4        0x4 ./Output/timers.o

.bss.pxOverflowTimerList
                0x200001b8        0x4
 .bss.pxOverflowTimerList
                0x200001b8        0x4 ./Output/timers.o

.bss.pxCurrentTimerList
                0x200001bc        0x4
 .bss.pxCurrentTimerList
                0x200001bc        0x4 ./Output/timers.o

.bss.xActiveTimerList2
                0x200001c0       0x14
 .bss.xActiveTimerList2
                0x200001c0       0x14 ./Output/timers.o

.bss.xActiveTimerList1
                0x200001d4       0x14
 .bss.xActiveTimerList1
                0x200001d4       0x14 ./Output/timers.o

.bss.xNumberOfSuccessfulFrees
                0x200001e8        0x4
 .bss.xNumberOfSuccessfulFrees
                0x200001e8        0x4 ./Output/heap_4.o

.bss.xNumberOfSuccessfulAllocations
                0x200001ec        0x4
 .bss.xNumberOfSuccessfulAllocations
                0x200001ec        0x4 ./Output/heap_4.o

.bss.xMinimumEverFreeBytesRemaining
                0x200001f0        0x4
 .bss.xMinimumEverFreeBytesRemaining
                0x200001f0        0x4 ./Output/heap_4.o

.bss.xFreeBytesRemaining
                0x200001f4        0x4
 .bss.xFreeBytesRemaining
                0x200001f4        0x4 ./Output/heap_4.o

.bss.pxEnd      0x200001f8        0x4
 .bss.pxEnd     0x200001f8        0x4 ./Output/heap_4.o

.bss.xStart     0x200001fc        0x8
 .bss.xStart    0x200001fc        0x8 ./Output/heap_4.o

.bss.ucHeap     0x20000204    0x32000
 .bss.ucHeap    0x20000204    0x32000 ./Output/heap_4.o

.bss.ulMaxPRIGROUPValue
                0x20032204        0x4
 .bss.ulMaxPRIGROUPValue
                0x20032204        0x4 ./Output/port.o

.bss.ucMaxSysCallPriority
                0x20032208        0x1
 .bss.ucMaxSysCallPriority
                0x20032208        0x1 ./Output/port.o

.bss.auto_reload_timer
                0x2003220c        0x4
 .bss.auto_reload_timer
                0x2003220c        0x4 ./Output/main.o

.bss.one_shot_timer
                0x20032210        0x4
 .bss.one_shot_timer
                0x20032210        0x4 ./Output/main.o

.bss.psr        0x20032214        0x4
 .bss.psr       0x20032214        0x4 ./Output/startup.o
                0x20032214                psr

.bss.pc         0x20032218        0x4
 .bss.pc        0x20032218        0x4 ./Output/startup.o
                0x20032218                pc

.bss.lr         0x2003221c        0x4
 .bss.lr        0x2003221c        0x4 ./Output/startup.o
                0x2003221c                lr

.bss.r12        0x20032220        0x4
 .bss.r12       0x20032220        0x4 ./Output/startup.o
                0x20032220                r12

.bss.r3         0x20032224        0x4
 .bss.r3        0x20032224        0x4 ./Output/startup.o
                0x20032224                r3

.bss.r2         0x20032228        0x4
 .bss.r2        0x20032228        0x4 ./Output/startup.o
                0x20032228                r2

.bss.r1         0x2003222c        0x4
 .bss.r1        0x2003222c        0x4 ./Output/startup.o
                0x2003222c                r1

.bss.r0         0x20032230        0x4
 .bss.r0        0x20032230        0x4 ./Output/startup.o
                0x20032230                r0

.heap           0x20032234      0x40c
                0x20032238                        . = ALIGN (0x8)
 *fill*         0x20032234        0x4 
                [!provide]                        PROVIDE (end = .)
                [!provide]                        PROVIDE (_end = .)
                0x20032238                        _heap_bottom = .
                0x20032240                        . = (. + _Min_Heap_Size)
 *fill*         0x20032238        0x8 
                0x20032240                        _heap_top = .
                0x20032640                        . = (. + _Min_Stack_Size)
 *fill*         0x20032240      0x400 
                0x20032640                        . = ALIGN (0x8)
                0x20400000                        __StackTop = (ORIGIN (RAM) + LENGTH (RAM))
                0x203ffc00                        __StackLimit = (__StackTop - _Min_Stack_Size)
                [!provide]                        PROVIDE (__stack = __StackTop)
                0x00000001                        ASSERT ((__StackLimit >= _heap_top), region RAM overflowed with stack)
OUTPUT(./Output/demo.elf elf32-littlearm)
LOAD linker stubs

.debug_info     0x00000000     0x7f02
 .debug_info    0x00000000      0x2b2 ./Output/list.o
 .debug_info    0x000002b2     0x3150 ./Output/tasks.o
 .debug_info    0x00003402     0x2344 ./Output/queue.o
 .debug_info    0x00005746     0x146d ./Output/timers.o
 .debug_info    0x00006bb3      0x5d9 ./Output/heap_4.o
 .debug_info    0x0000718c      0x465 ./Output/port.o
 .debug_info    0x000075f1      0x4dd ./Output/main.o
 .debug_info    0x00007ace       0xd1 ./Output/uart.o
 .debug_info    0x00007b9f      0x1fb ./Output/startup.o
 .debug_info    0x00007d9a      0x135 /usr/lib/gcc/arm-none-eabi/13.2.1/../../../arm-none-eabi/lib/thumb/v7-m/nofp/libc_nano.a(libc_a-memset.o)
 .debug_info    0x00007ecf       0x33 /usr/lib/gcc/arm-none-eabi/13.2.1/../../../arm-none-eabi/lib/thumb/v7-m/nofp/libc_nano.a(libc_a-memcpy.o)

.debug_abbrev   0x00000000     0x18f0
 .debug_abbrev  0x00000000      0x105 ./Output/list.o
 .debug_abbrev  0x00000105      0x515 ./Output/tasks.o
 .debug_abbrev  0x0000061a      0x464 ./Output/queue.o
 .debug_abbrev  0x00000a7e      0x43c ./Output/timers.o
 .debug_abbrev  0x00000eba      0x2d2 ./Output/heap_4.o
 .debug_abbrev  0x0000118c      0x2a7 ./Output/port.o
 .debug_abbrev  0x00001433      0x1e6 ./Output/main.o
 .debug_abbrev  0x00001619       0x93 ./Output/uart.o
 .debug_abbrev  0x000016ac      0x165 ./Output/startup.o
 .debug_abbrev  0x00001811       0xb7 /usr/lib/gcc/arm-none-eabi/13.2.1/../../../arm-none-eabi/lib/thumb/v7-m/nofp/libc_nano.a(libc_a-memset.o)
 .debug_abbrev  0x000018c8       0x28 /usr/lib/gcc/arm-none-eabi/13.2.1/../../../arm-none-eabi/lib/thumb/v7-m/nofp/libc_nano.a(libc_a-memcpy.o)

.debug_loclists
                0x00000000     0x3d3e
 .debug_loclists
                0x00000000       0x77 ./Output/list.o
 .debug_loclists
                0x00000077     0x1b78 ./Output/tasks.o
 .debug_loclists
                0x00001bef     0x109f ./Output/queue.o
 .debug_loclists
                0x00002c8e      0x9a7 ./Output/timers.o
 .debug_loclists
                0x00003635      0x36a ./Output/heap_4.o
 .debug_loclists
                0x0000399f       0xb1 ./Output/port.o
 .debug_loclists
                0x00003a50       0xbc ./Output/main.o
 .debug_loclists
                0x00003b0c       0x32 ./Output/uart.o
 .debug_loclists
                0x00003b3e       0x29 ./Output/startup.o
 .debug_loclists
                0x00003b67      0x1d7 /usr/lib/gcc/arm-none-eabi/13.2.1/../../../arm-none-eabi/lib/thumb/v7-m/nofp/libc_nano.a(libc_a-memset.o)

.debug_aranges  0x00000000      0x5f0
 .debug_aranges
                0x00000000       0x40 ./Output/list.o
 .debug_aranges
                0x00000040      0x1f8 ./Output/tasks.o
 .debug_aranges
                0x00000238      0x148 ./Output/queue.o
 .debug_aranges
                0x00000380       0xd0 ./Output/timers.o
 .debug_aranges
                0x00000450       0x58 ./Output/heap_4.o
 .debug_aranges
                0x000004a8       0x78 ./Output/port.o
 .debug_aranges
                0x00000520       0x30 ./Output/main.o
 .debug_aranges
                0x00000550       0x28 ./Output/uart.o
 .debug_aranges
                0x00000578       0x38 ./Output/startup.o
 .debug_aranges
                0x000005b0       0x20 /usr/lib/gcc/arm-none-eabi/13.2.1/../../../arm-none-eabi/lib/thumb/v7-m/nofp/libc_nano.a(libc_a-memset.o)
 .debug_aranges
                0x000005d0       0x20 /usr/lib/gcc/arm-none-eabi/13.2.1/../../../arm-none-eabi/lib/thumb/v7-m/nofp/libc_nano.a(libc_a-memcpy.o)

.debug_rnglists
                0x00000000      0x70b
 .debug_rnglists
                0x00000000       0x2b ./Output/list.o
 .debug_rnglists
                0x0000002b      0x316 ./Output/tasks.o
 .debug_rnglists
                0x00000341      0x1ca ./Output/queue.o
 .debug_rnglists
                0x0000050b       0xdc ./Output/timers.o
 .debug_rnglists
                0x000005e7       0x4c ./Output/heap_4.o
 .debug_rnglists
                0x00000633       0x6e ./Output/port.o
 .debug_rnglists
                0x000006a1       0x2c ./Output/main.o
 .debug_rnglists
                0x000006cd       0x19 ./Output/uart.o
 .debug_rnglists
                0x000006e6       0x25 ./Output/startup.o

.debug_macro    0x00000000     0x4214
 .debug_macro   0x00000000      0x171 ./Output/list.o
 .debug_macro   0x00000171      0xac0 ./Output/list.o
 .debug_macro   0x00000c31       0x24 ./Output/list.o
 .debug_macro   0x00000c55       0x22 ./Output/list.o
 .debug_macro   0x00000c77       0x60 ./Output/list.o
 .debug_macro   0x00000cd7       0x94 ./Output/list.o
 .debug_macro   0x00000d6b       0x3c ./Output/list.o
 .debug_macro   0x00000da7       0x34 ./Output/list.o
 .debug_macro   0x00000ddb       0x16 ./Output/list.o
 .debug_macro   0x00000df1      0x11c ./Output/list.o
 .debug_macro   0x00000f0d       0x9b ./Output/list.o
 .debug_macro   0x00000fa8       0x57 ./Output/list.o
 .debug_macro   0x00000fff      0x370 ./Output/list.o
 .debug_macro   0x0000136f       0x16 ./Output/list.o
 .debug_macro   0x00001385       0x4a ./Output/list.o
 .debug_macro   0x000013cf       0x34 ./Output/list.o
 .debug_macro   0x00001403       0x10 ./Output/list.o
 .debug_macro   0x00001413       0x52 ./Output/list.o
 .debug_macro   0x00001465      0x1de ./Output/list.o
 .debug_macro   0x00001643       0x16 ./Output/list.o
 .debug_macro   0x00001659       0x29 ./Output/list.o
 .debug_macro   0x00001682      0x34e ./Output/list.o
 .debug_macro   0x000019d0       0x16 ./Output/list.o
 .debug_macro   0x000019e6      0x166 ./Output/list.o
 .debug_macro   0x00001b4c       0x1c ./Output/list.o
 .debug_macro   0x00001b68      0x182 ./Output/list.o
 .debug_macro   0x00001cea       0xe7 ./Output/list.o
 .debug_macro   0x00001dd1       0x3a ./Output/list.o
 .debug_macro   0x00001e0b       0x1f ./Output/list.o
 .debug_macro   0x00001e2a       0x12 ./Output/list.o
 .debug_macro   0x00001e3c      0xfde ./Output/list.o
 .debug_macro   0x00002e1a       0xc3 ./Output/list.o
 .debug_macro   0x00002edd      0x289 ./Output/tasks.o
 .debug_macro   0x00003166       0x16 ./Output/tasks.o
 .debug_macro   0x0000317c       0x3c ./Output/tasks.o
 .debug_macro   0x000031b8      0x14f ./Output/tasks.o
 .debug_macro   0x00003307       0x98 ./Output/tasks.o
 .debug_macro   0x0000339f       0x17 ./Output/tasks.o
 .debug_macro   0x000033b6      0x203 ./Output/queue.o
 .debug_macro   0x000035b9       0x80 ./Output/queue.o
 .debug_macro   0x00003639      0x1c0 ./Output/timers.o
 .debug_macro   0x000037f9       0x9e ./Output/timers.o
 .debug_macro   0x00003897      0x201 ./Output/heap_4.o
 .debug_macro   0x00003a98      0x162 ./Output/port.o
 .debug_macro   0x00003bfa      0x1e8 ./Output/main.o
 .debug_macro   0x00003de2       0x28 ./Output/main.o
 .debug_macro   0x00003e0a       0x16 ./Output/main.o
 .debug_macro   0x00003e20       0x10 ./Output/main.o
 .debug_macro   0x00003e30       0x16 ./Output/main.o
 .debug_macro   0x00003e46       0x16 ./Output/main.o
 .debug_macro   0x00003e5c      0x170 ./Output/main.o
 .debug_macro   0x00003fcc      0x10c ./Output/main.o
 .debug_macro   0x000040d8       0x8d ./Output/uart.o
 .debug_macro   0x00004165       0x22 ./Output/uart.o
 .debug_macro   0x00004187       0x8d ./Output/startup.o

.debug_line     0x00000000     0x6e47
 .debug_line    0x00000000      0x471 ./Output/list.o
 .debug_line    0x00000471     0x2aad ./Output/tasks.o
 .debug_line    0x00002f1e     0x1b12 ./Output/queue.o
 .debug_line    0x00004a30      0xc36 ./Output/timers.o
 .debug_line    0x00005666      0x84a ./Output/heap_4.o
 .debug_line    0x00005eb0      0x582 ./Output/port.o
 .debug_line    0x00006432      0x3d1 ./Output/main.o
 .debug_line    0x00006803      0x1be ./Output/uart.o
 .debug_line    0x000069c1      0x218 ./Output/startup.o
 .debug_line    0x00006bd9      0x1b1 /usr/lib/gcc/arm-none-eabi/13.2.1/../../../arm-none-eabi/lib/thumb/v7-m/nofp/libc_nano.a(libc_a-memset.o)
 .debug_line    0x00006d8a       0xbd /usr/lib/gcc/arm-none-eabi/13.2.1/../../../arm-none-eabi/lib/thumb/v7-m/nofp/libc_nano.a(libc_a-memcpy.o)

.debug_str      0x00000000    0x16993
 .debug_str     0x00000000    0x16993 ./Output/list.o
                               0xff12 (size before relaxing)
 .debug_str     0x00016993    0x136ae ./Output/tasks.o
 .debug_str     0x00016993    0x128e0 ./Output/queue.o
 .debug_str     0x00016993    0x12b80 ./Output/timers.o
 .debug_str     0x00016993    0x11a05 ./Output/heap_4.o
 .debug_str     0x00016993     0xed36 ./Output/port.o
 .debug_str     0x00016993    0x12eea ./Output/main.o
 .debug_str     0x00016993     0xc56a ./Output/uart.o
 .debug_str     0x00016993     0xc610 ./Output/startup.o
 .debug_str     0x00016993      0x1a5 /usr/lib/gcc/arm-none-eabi/13.2.1/../../../arm-none-eabi/lib/thumb/v7-m/nofp/libc_nano.a(libc_a-memset.o)
 .debug_str     0x00016993       0xa8 /usr/lib/gcc/arm-none-eabi/13.2.1/../../../arm-none-eabi/lib/thumb/v7-m/nofp/libc_nano.a(libc_a-memcpy.o)

.comment        0x00000000       0x26
 .comment       0x00000000       0x26 ./Output/list.o
                                 0x27 (size before relaxing)
 .comment       0x00000026       0x27 ./Output/tasks.o
 .comment       0x00000026       0x27 ./Output/queue.o
 .comment       0x00000026       0x27 ./Output/timers.o
 .comment       0x00000026       0x27 ./Output/heap_4.o
 .comment       0x00000026       0x27 ./Output/port.o
 .comment       0x00000026       0x27 ./Output/main.o
 .comment       0x00000026       0x27 ./Output/uart.o
 .comment       0x00000026       0x27 ./Output/startup.o
 .comment       0x00000026       0x27 /usr/lib/gcc/arm-none-eabi/13.2.1/../../../arm-none-eabi/lib/thumb/v7-m/nofp/libc_nano.a(libc_a-memset.o)

.ARM.attributes
                0x00000000       0x2b
 .ARM.attributes
                0x00000000       0x2d ./Output/list.o
 .ARM.attributes
                0x0000002d       0x2d ./Output/tasks.o
 .ARM.attributes
                0x0000005a       0x2d ./Output/queue.o
 .ARM.attributes
                0x00000087       0x2d ./Output/timers.o
 .ARM.attributes
                0x000000b4       0x2d ./Output/heap_4.o
 .ARM.attributes
                0x000000e1       0x2d ./Output/port.o
 .ARM.attributes
                0x0000010e       0x2d ./Output/main.o
 .ARM.attributes
                0x0000013b       0x2d ./Output/uart.o
 .ARM.attributes
                0x00000168       0x2d ./Output/startup.o
 .ARM.attributes
                0x00000195       0x2d /usr/lib/gcc/arm-none-eabi/13.2.1/../../../arm-none-eabi/lib/thumb/v7-m/nofp/libc_nano.a(libc_a-memset.o)
 .ARM.attributes
                0x000001c2       0x1b /usr/lib/gcc/arm-none-eabi/13.2.1/../../../arm-none-eabi/lib/thumb/v7-m/nofp/libc_nano.a(libc_a-memcpy.o)

.debug_frame    0x00000000     0x1060
 .debug_frame   0x00000000       0x6c ./Output/list.o
 .debug_frame   0x0000006c      0x668 ./Output/tasks.o
 .debug_frame   0x000006d4      0x41c ./Output/queue.o
 .debug_frame   0x00000af0      0x27c ./Output/timers.o
 .debug_frame   0x00000d6c       0xe4 ./Output/heap_4.o
 .debug_frame   0x00000e50       0xec ./Output/port.o
 .debug_frame   0x00000f3c       0x70 ./Output/main.o
 .debug_frame   0x00000fac       0x30 ./Output/uart.o
 .debug_frame   0x00000fdc       0x58 ./Output/startup.o
 .debug_frame   0x00001034       0x2c /usr/lib/gcc/arm-none-eabi/13.2.1/../../../arm-none-eabi/lib/thumb/v7-m/nofp/libc_nano.a(libc_a-memset.o)

.debug_line_str
                0x00000000       0x95
 .debug_line_str
                0x00000000       0x95 /usr/lib/gcc/arm-none-eabi/13.2.1/../../../arm-none-eabi/lib/thumb/v7-m/nofp/libc_nano.a(libc_a-memcpy.o)
