Archive member included to satisfy reference by file (symbol)

/usr/lib/gcc/arm-none-eabi/13.2.1/../../../arm-none-eabi/lib/thumb/v7-m/nofp/libc_nano.a(libc_a-rand.o)
                              ./Output/main.o (rand)
/usr/lib/gcc/arm-none-eabi/13.2.1/../../../arm-none-eabi/lib/thumb/v7-m/nofp/libc_nano.a(libc_a-assert.o)
                              /usr/lib/gcc/arm-none-eabi/13.2.1/../../../arm-none-eabi/lib/thumb/v7-m/nofp/libc_nano.a(libc_a-rand.o) (__assert_func)
/usr/lib/gcc/arm-none-eabi/13.2.1/../../../arm-none-eabi/lib/thumb/v7-m/nofp/libc_nano.a(libc_a-strlen-stub.o)
                              ./Output/tasks.o (strlen)
/usr/lib/gcc/arm-none-eabi/13.2.1/../../../arm-none-eabi/lib/thumb/v7-m/nofp/libc_nano.a(libc_a-impure.o)
                              /usr/lib/gcc/arm-none-eabi/13.2.1/../../../arm-none-eabi/lib/thumb/v7-m/nofp/libc_nano.a(libc_a-rand.o) (_impure_ptr)
/usr/lib/gcc/arm-none-eabi/13.2.1/../../../arm-none-eabi/lib/thumb/v7-m/nofp/libc_nano.a(libc_a-abort.o)
                              /usr/lib/gcc/arm-none-eabi/13.2.1/../../../arm-none-eabi/lib/thumb/v7-m/nofp/libc_nano.a(libc_a-assert.o) (abort)
/usr/lib/gcc/arm-none-eabi/13.2.1/../../../arm-none-eabi/lib/thumb/v7-m/nofp/libc_nano.a(libc_a-memset.o)
                              ./Output/tasks.o (memset)
/usr/lib/gcc/arm-none-eabi/13.2.1/../../../arm-none-eabi/lib/thumb/v7-m/nofp/libc_nano.a(libc_a-memcpy.o)
                              ./Output/queue.o (memcpy)
/usr/lib/gcc/arm-none-eabi/13.2.1/../../../arm-none-eabi/lib/thumb/v7-m/nofp/libc_nano.a(libc_a-malloc.o)
                              /usr/lib/gcc/arm-none-eabi/13.2.1/../../../arm-none-eabi/lib/thumb/v7-m/nofp/libc_nano.a(libc_a-rand.o) (malloc)
/usr/lib/gcc/arm-none-eabi/13.2.1/../../../arm-none-eabi/lib/thumb/v7-m/nofp/libc_nano.a(libc_a-fprintf.o)
                              /usr/lib/gcc/arm-none-eabi/13.2.1/../../../arm-none-eabi/lib/thumb/v7-m/nofp/libc_nano.a(libc_a-assert.o) (fiprintf)
/usr/lib/gcc/arm-none-eabi/13.2.1/../../../arm-none-eabi/lib/thumb/v7-m/nofp/libc_nano.a(libc_a-nano-vfprintf.o)
                              /usr/lib/gcc/arm-none-eabi/13.2.1/../../../arm-none-eabi/lib/thumb/v7-m/nofp/libc_nano.a(libc_a-fprintf.o) (_vfprintf_r)
/usr/lib/gcc/arm-none-eabi/13.2.1/../../../arm-none-eabi/lib/thumb/v7-m/nofp/libc_nano.a(libc_a-wbuf.o)
                              /usr/lib/gcc/arm-none-eabi/13.2.1/../../../arm-none-eabi/lib/thumb/v7-m/nofp/libc_nano.a(libc_a-nano-vfprintf.o) (__swbuf_r)
/usr/lib/gcc/arm-none-eabi/13.2.1/../../../arm-none-eabi/lib/thumb/v7-m/nofp/libc_nano.a(libc_a-fvwrite.o)
                              /usr/lib/gcc/arm-none-eabi/13.2.1/../../../arm-none-eabi/lib/thumb/v7-m/nofp/libc_nano.a(libc_a-nano-vfprintf.o) (__sfvwrite_r)
/usr/lib/gcc/arm-none-eabi/13.2.1/../../../arm-none-eabi/lib/thumb/v7-m/nofp/libc_nano.a(libc_a-signal.o)
                              /usr/lib/gcc/arm-none-eabi/13.2.1/../../../arm-none-eabi/lib/thumb/v7-m/nofp/libc_nano.a(libc_a-abort.o) (raise)
/usr/lib/gcc/arm-none-eabi/13.2.1/../../../arm-none-eabi/lib/thumb/v7-m/nofp/libc_nano.a(libc_a-findfp.o)
                              /usr/lib/gcc/arm-none-eabi/13.2.1/../../../arm-none-eabi/lib/thumb/v7-m/nofp/libc_nano.a(libc_a-nano-vfprintf.o) (__sinit)
/usr/lib/gcc/arm-none-eabi/13.2.1/../../../arm-none-eabi/lib/thumb/v7-m/nofp/libc_nano.a(libc_a-fflush.o)
                              /usr/lib/gcc/arm-none-eabi/13.2.1/../../../arm-none-eabi/lib/thumb/v7-m/nofp/libc_nano.a(libc_a-wbuf.o) (_fflush_r)
/usr/lib/gcc/arm-none-eabi/13.2.1/../../../arm-none-eabi/lib/thumb/v7-m/nofp/libc_nano.a(libc_a-mallocr.o)
                              /usr/lib/gcc/arm-none-eabi/13.2.1/../../../arm-none-eabi/lib/thumb/v7-m/nofp/libc_nano.a(libc_a-malloc.o) (_malloc_r)
/usr/lib/gcc/arm-none-eabi/13.2.1/../../../arm-none-eabi/lib/thumb/v7-m/nofp/libc_nano.a(libc_a-freer.o)
                              /usr/lib/gcc/arm-none-eabi/13.2.1/../../../arm-none-eabi/lib/thumb/v7-m/nofp/libc_nano.a(libc_a-malloc.o) (_free_r)
/usr/lib/gcc/arm-none-eabi/13.2.1/../../../arm-none-eabi/lib/thumb/v7-m/nofp/libc_nano.a(libc_a-memmove.o)
                              /usr/lib/gcc/arm-none-eabi/13.2.1/../../../arm-none-eabi/lib/thumb/v7-m/nofp/libc_nano.a(libc_a-fvwrite.o) (memmove)
/usr/lib/gcc/arm-none-eabi/13.2.1/../../../arm-none-eabi/lib/thumb/v7-m/nofp/libc_nano.a(libc_a-fwalk.o)
                              /usr/lib/gcc/arm-none-eabi/13.2.1/../../../arm-none-eabi/lib/thumb/v7-m/nofp/libc_nano.a(libc_a-findfp.o) (_fwalk_sglue)
/usr/lib/gcc/arm-none-eabi/13.2.1/../../../arm-none-eabi/lib/thumb/v7-m/nofp/libc_nano.a(libc_a-wsetup.o)
                              /usr/lib/gcc/arm-none-eabi/13.2.1/../../../arm-none-eabi/lib/thumb/v7-m/nofp/libc_nano.a(libc_a-nano-vfprintf.o) (__swsetup_r)
/usr/lib/gcc/arm-none-eabi/13.2.1/../../../arm-none-eabi/lib/thumb/v7-m/nofp/libc_nano.a(libc_a-reallocr.o)
[...]
Memory Configuration

Name             Origin             Length             Attributes
FLASH            0x00000000         0x00400000         xr
RAM              0x20000000         0x00400000         rw
*default*        0x00000000         0xffffffff

Linker script and memory map

LOAD ./Output/tasks.o
LOAD ./Output/list.o
LOAD ./Output/queue.o
LOAD ./Output/heap_4.o
LOAD ./Output/port.o
LOAD ./Output/main.o
LOAD ./Output/uart.o
LOAD ./Output/startup.o
START GROUP
LOAD /usr/lib/gcc/arm-none-eabi/13.2.1/thumb/v7-m/nofp/libgcc.a
LOAD /usr/lib/gcc/arm-none-eabi/13.2.1/../../../arm-none-eabi/lib/thumb/v7-m/nofp/libc_nano.a
END GROUP
START GROUP
LOAD /usr/lib/gcc/arm-none-eabi/13.2.1/thumb/v7-m/nofp/libgcc.a
LOAD /usr/lib/gcc/arm-none-eabi/13.2.1/../../../arm-none-eabi/lib/thumb/v7-m/nofp/libc_nano.a
LOAD /usr/lib/gcc/arm-none-eabi/13.2.1/../../../arm-none-eabi/lib/thumb/v7-m/nofp/libnosys.a
END GROUP
START GROUP
LOAD /usr/lib/gcc/arm-none-eabi/13.2.1/thumb/v7-m/nofp/libgcc.a
LOAD /usr/lib/gcc/arm-none-eabi/13.2.1/../../../arm-none-eabi/lib/thumb/v7-m/nofp/libc_nano.a
LOAD /usr/lib/gcc/arm-none-eabi/13.2.1/../../../arm-none-eabi/lib/thumb/v7-m/nofp/libnosys.a
END GROUP
                0x00000008                        _Min_Heap_Size = 0x8
                0x00000400                        _Min_Stack_Size = 0x400
                0x20400000                        _estack = (ORIGIN (RAM) + LENGTH (RAM))

.isr_vector     0x00000000       0x78
                0x00000000                        __vector_table = .
 *(.isr_vector)
 .isr_vector    0x00000000       0x78 ./Output/startup.o
                0x00000000                isr_vector
                0x00000078                        . = ALIGN (0x4)

.text           0x00000078     0x1eed
 *(.text)
 .text          0x00000078       0xf0 /usr/lib/gcc/arm-none-eabi/13.2.1/../../../arm-none-eabi/lib/thumb/v7-m/nofp/libc_nano.a(libc_a-rand.o)
                0x00000078                srand
                0x000000dc                rand
 .text          0x00000168       0x4c /usr/lib/gcc/arm-none-eabi/13.2.1/../../../arm-none-eabi/lib/thumb/v7-m/nofp/libc_nano.a(libc_a-assert.o)
                0x00000168                __assert_func
                0x000001a8                __assert
 .text          0x000001b4       0x10 /usr/lib/gcc/arm-none-eabi/13.2.1/../../../arm-none-eabi/lib/thumb/v7-m/nofp/libc_nano.a(libc_a-abort.o)
                0x000001b4                abort
 .text          0x000001c4       0xa0 /usr/lib/gcc/arm-none-eabi/13.2.1/../../../arm-none-eabi/lib/thumb/v7-m/nofp/libc_nano.a(libc_a-memset.o)
                0x000001c4                memset
 .text          0x00000264       0xec /usr/lib/gcc/arm-none-eabi/13.2.1/../../../arm-none-eabi/lib/thumb/v7-m/nofp/libc_nano.a(libc_a-memcpy.o)
                0x00000264                memcpy
 .text          0x00000350       0x20 /usr/lib/gcc/arm-none-eabi/13.2.1/../../../arm-none-eabi/lib/thumb/v7-m/nofp/libc_nano.a(libc_a-malloc.o)
                0x00000350                malloc
                0x00000360                free
 .text          0x00000370       0x44 /usr/lib/gcc/arm-none-eabi/13.2.1/../../../arm-none-eabi/lib/thumb/v7-m/nofp/libc_nano.a(libc_a-fprintf.o)
                0x00000370                _fprintf_r
                0x00000370                _fiprintf_r
                0x0000038c                fprintf
                0x0000038c                fiprintf
 .text          0x000003b4      0x2ec /usr/lib/gcc/arm-none-eabi/13.2.1/../../../arm-none-eabi/lib/thumb/v7-m/nofp/libc_nano.a(libc_a-nano-vfprintf.o)
                0x000003dc                __sfputs_r
                0x0000040c                __sprint_r
                0x0000042c                _vfiprintf_r
                0x0000042c                _vfprintf_r
                0x00000684                vfiprintf
                0x00000684                vfprintf
 .text          0x000006a0       0x9c /usr/lib/gcc/arm-none-eabi/13.2.1/../../../arm-none-eabi/lib/thumb/v7-m/nofp/libc_nano.a(libc_a-wbuf.o)
                0x000006a0                __swbuf_r
                0x00000728                __swbuf
 .text          0x0000073c      0x2ec /usr/lib/gcc/arm-none-eabi/13.2.1/../../../arm-none-eabi/lib/thumb/v7-m/nofp/libc_nano.a(libc_a-fvwrite.o)
                0x0000073c                __sfvwrite_r
 .text          0x00000a28      0x264 /usr/lib/gcc/arm-none-eabi/13.2.1/../../../arm-none-eabi/lib/thumb/v7-m/nofp/libc_nano.a(libc_a-signal.o)
                0x00000a28                _init_signal_r
                0x00000a54                _signal_r
                0x00000aa0                _raise_r
                0x00000af0                __sigtramp_r
                0x00000b54                raise
                0x00000ba8                signal
                0x00000bf4                _init_signal
                0x00000c28                __sigtramp
 .text          0x00000c8c      0x224 /usr/lib/gcc/arm-none-eabi/13.2.1/../../../arm-none-eabi/lib/thumb/v7-m/nofp/libc_nano.a(libc_a-findfp.o)
                0x00000dbc                __sfp
                0x00000e60                __sinit
                0x00000e80                __sfp_lock_acquire
                0x00000e84                __sfp_lock_release
                0x00000e88                __fp_lock_all
                0x00000e9c                __fp_unlock_all
 .text          0x00000eb0      0x198 /usr/lib/gcc/arm-none-eabi/13.2.1/../../../arm-none-eabi/lib/thumb/v7-m/nofp/libc_nano.a(libc_a-fflush.o)
                0x00000eb0                __sflush_r
                0x00000fc4                _fflush_r
                0x00000ffc                fflush
 .text          0x00001048      0x14c /usr/lib/gcc/arm-none-eabi/13.2.1/../../../arm-none-eabi/lib/thumb/v7-m/nofp/libc_nano.a(libc_a-mallocr.o)
                0x00001094                _malloc_r
 .text          0x00001194       0xbc /usr/lib/gcc/arm-none-eabi/13.2.1/../../../arm-none-eabi/lib/thumb/v7-m/nofp/libc_nano.a(libc_a-freer.o)
                0x00001194                _free_r
 .text          0x00001250       0xfc /usr/lib/gcc/arm-none-eabi/13.2.1/../../../arm-none-eabi/lib/thumb/v7-m/nofp/libc_nano.a(libc_a-memmove.o)
                0x00001250                memmove
 .text          0x0000134c       0x44 /usr/lib/gcc/arm-none-eabi/13.2.1/../../../arm-none-eabi/lib/thumb/v7-m/nofp/libc_nano.a(libc_a-fwalk.o)
                0x0000134c                _fwalk_sglue
 .text          0x00001390       0xc4 /usr/lib/gcc/arm-none-eabi/13.2.1/../../../arm-none-eabi/lib/thumb/v7-m/nofp/libc_nano.a(libc_a-wsetup.o)
                0x00001390                __swsetup_r
 .text          0x00001454       0x64 /usr/lib/gcc/arm-none-eabi/13.2.1/../../../arm-none-eabi/lib/thumb/v7-m/nofp/libc_nano.a(libc_a-reallocr.o)
                0x00001454                _realloc_r
 .text          0x000014b8      0x3a8 /usr/lib/gcc/arm-none-eabi/13.2.1/../../../arm-none-eabi/lib/thumb/v7-m/nofp/libc_nano.a(libc_a-nano-vfprintf_i.o)
                0x000014b8                _printf_common
                0x000015dc                _printf_i
 .text          0x00001860        0x8 /usr/lib/gcc/arm-none-eabi/13.2.1/../../../arm-none-eabi/lib/thumb/v7-m/nofp/libc_nano.a(libc_a-mlock.o)
                0x00001860                __malloc_lock
                0x00001864                __malloc_unlock
 .text          0x00001868      0x110 /usr/lib/gcc/arm-none-eabi/13.2.1/../../../arm-none-eabi/lib/thumb/v7-m/nofp/libc_nano.a(libc_a-makebuf.o)
                0x00001868                __smakebuf_r
                0x0000192c                __swhatbuf_r
 .text          0x00001978       0x98 /usr/lib/gcc/arm-none-eabi/13.2.1/../../../arm-none-eabi/lib/thumb/v7-m/nofp/libc_nano.a(libc_a-memchr-stub.o)
                0x00001978                memchr
 .text          0x00001a10       0x24 /usr/lib/gcc/arm-none-eabi/13.2.1/../../../arm-none-eabi/lib/thumb/v7-m/nofp/libc_nano.a(libc_a-isattyr.o)
                0x00001a10                _isatty_r
 .text          0x00001a34       0x24 /usr/lib/gcc/arm-none-eabi/13.2.1/../../../arm-none-eabi/lib/thumb/v7-m/nofp/libc_nano.a(libc_a-sbrkr.o)
                0x00001a34                _sbrk_r
 .text          0x00001a58       0x94 /usr/lib/gcc/arm-none-eabi/13.2.1/../../../arm-none-eabi/lib/thumb/v7-m/nofp/libc_nano.a(libc_a-stdio.o)
                0x00001a58                __sread
                0x00001a7c                __seofread
                0x00001a80                __swrite
                0x00001ac0                __sseek
                0x00001ae4                __sclose
 .text          0x00001aec       0x10 /usr/lib/gcc/arm-none-eabi/13.2.1/../../../arm-none-eabi/lib/thumb/v7-m/nofp/libc_nano.a(libc_a-msizer.o)
                0x00001aec                _malloc_usable_size_r
 .text          0x00001afc       0x2c /usr/lib/gcc/arm-none-eabi/13.2.1/../../../arm-none-eabi/lib/thumb/v7-m/nofp/libc_nano.a(libc_a-signalr.o)
                0x00001afc                _kill_r
                0x00001b24                _getpid_r
 .text          0x00001b28       0x24 /usr/lib/gcc/arm-none-eabi/13.2.1/../../../arm-none-eabi/lib/thumb/v7-m/nofp/libc_nano.a(libc_a-closer.o)
                0x00001b28                _close_r
 .text          0x00001b4c       0x2c /usr/lib/gcc/arm-none-eabi/13.2.1/../../../arm-none-eabi/lib/thumb/v7-m/nofp/libc_nano.a(libc_a-readr.o)
                0x00001b4c                _read_r
 .text          0x00001b78       0x28 /usr/lib/gcc/arm-none-eabi/13.2.1/../../../arm-none-eabi/lib/thumb/v7-m/nofp/libc_nano.a(libc_a-fstatr.o)
                0x00001b78                _fstat_r
 .text          0x00001ba0       0x2c /usr/lib/gcc/arm-none-eabi/13.2.1/../../../arm-none-eabi/lib/thumb/v7-m/nofp/libc_nano.a(libc_a-lseekr.o)
                0x00001ba0                _lseek_r
 .text          0x00001bcc       0x2c /usr/lib/gcc/arm-none-eabi/13.2.1/../../../arm-none-eabi/lib/thumb/v7-m/nofp/libc_nano.a(libc_a-writer.o)
                0x00001bcc                _write_r
 .text          0x00001bf8       0x10 /usr/lib/gcc/arm-none-eabi/13.2.1/../../../arm-none-eabi/lib/thumb/v7-m/nofp/libnosys.a(close.o)
                0x00001bf8                _close
 .text          0x00001c08       0x10 /usr/lib/gcc/arm-none-eabi/13.2.1/../../../arm-none-eabi/lib/thumb/v7-m/nofp/libnosys.a(fstat.o)
                0x00001c08                _fstat
 .text          0x00001c18       0x10 /usr/lib/gcc/arm-none-eabi/13.2.1/../../../arm-none-eabi/lib/thumb/v7-m/nofp/libnosys.a(getpid.o)
                0x00001c18                _getpid
 .text          0x00001c28       0x10 /usr/lib/gcc/arm-none-eabi/13.2.1/../../../arm-none-eabi/lib/thumb/v7-m/nofp/libnosys.a(isatty.o)
                0x00001c28                _isatty
 .text          0x00001c38       0x10 /usr/lib/gcc/arm-none-eabi/13.2.1/../../../arm-none-eabi/lib/thumb/v7-m/nofp/libnosys.a(kill.o)
                0x00001c38                _kill
 .text          0x00001c48       0x10 /usr/lib/gcc/arm-none-eabi/13.2.1/../../../arm-none-eabi/lib/thumb/v7-m/nofp/libnosys.a(lseek.o)
                0x00001c48                _lseek
 .text          0x00001c58       0x10 /usr/lib/gcc/arm-none-eabi/13.2.1/../../../arm-none-eabi/lib/thumb/v7-m/nofp/libnosys.a(read.o)
                0x00001c58                _read
 .text          0x00001c68       0x1c /usr/lib/gcc/arm-none-eabi/13.2.1/../../../arm-none-eabi/lib/thumb/v7-m/nofp/libnosys.a(sbrk.o)
                0x00001c68                _sbrk
 .text          0x00001c84       0x10 /usr/lib/gcc/arm-none-eabi/13.2.1/../../../arm-none-eabi/lib/thumb/v7-m/nofp/libnosys.a(write.o)
                0x00001c84                _write
 .text          0x00001c94        0x4 /usr/lib/gcc/arm-none-eabi/13.2.1/../../../arm-none-eabi/lib/thumb/v7-m/nofp/libnosys.a(_exit.o)
                0x00001c94                _exit
 *(.rodata*)
 .rodata.vTaskStartScheduler.str1.1
                0x00001c98      0x20b ./Output/tasks.o
                                  0x5 (size before relaxing)
 *fill*         0x00001ea3        0x1 
 .rodata.uxTopUsedPriority
                0x00001ea4        0x4 ./Output/tasks.o
 .rodata.TrafficLightControllerTask.str1.1
                0x00001ea8       0x90 ./Output/main.o
 .rodata.PedestrianCrossingTask.str1.1
                0x00001ea8       0x25 ./Output/main.o
 .rodata.CentralMonitorTask.str1.1
                0x00001ea8       0x2a ./Output/main.o
 .rodata.EmergencyVehicleTask.str1.1
                0x00001ea8       0x4a ./Output/main.o
 .rodata.SensorTask.str1.1
                0x00001ea8       0x2f ./Output/main.o
 .rodata.main.str1.1
                0x00001ea8       0x78 ./Output/main.o
 .rodata.prvGetRegistersFromStack.str1.1
                0x00001ea8       0x36 ./Output/startup.o
 .rodata.str1.4
                0x00001ea8       0xbd /usr/lib/gcc/arm-none-eabi/13.2.1/../../../arm-none-eabi/lib/thumb/v7-m/nofp/libc_nano.a(libc_a-rand.o)
                                 0x44 (size before relaxing)
 .rodata.str1.4
                0x00001f65       0x43 /usr/lib/gcc/arm-none-eabi/13.2.1/../../../arm-none-eabi/lib/thumb/v7-m/nofp/libc_nano.a(libc_a-assert.o)
 .rodata.str1.4
                0x00001f65       0x13 /usr/lib/gcc/arm-none-eabi/13.2.1/../../../arm-none-eabi/lib/thumb/v7-m/nofp/libc_nano.a(libc_a-nano-vfprintf.o)
 .rodata.str1.4
                0x00001f65       0x25 /usr/lib/gcc/arm-none-eabi/13.2.1/../../../arm-none-eabi/lib/thumb/v7-m/nofp/libc_nano.a(libc_a-nano-vfprintf_i.o)
 *(.constdata*)
                0x00001f65                        _etext = .
                0x00001f65                        _sidata = .

.glue_7         0x00001f68        0x0
 .glue_7        0x00001f68        0x0 linker stubs

.glue_7t        0x00001f68        0x0
 .glue_7t       0x00001f68        0x0 linker stubs

.vfp11_veneer   0x00001f68        0x0
 .vfp11_veneer  0x00001f68        0x0 linker stubs

.v4_bx          0x00001f68        0x0
 .v4_bx         0x00001f68        0x0 linker stubs

.text.prvAddCurrentTaskToDelayedList
                0x00001f68       0xb4
 .text.prvAddCurrentTaskToDelayedList
                0x00001f68       0xb4 ./Output/tasks.o

.text.prvResetNextTaskUnblockTime
                0x0000201c       0x24
 .text.prvResetNextTaskUnblockTime
                0x0000201c       0x24 ./Output/tasks.o

.text.prvCheckTasksWaitingTermination
                0x00002040       0x48
 .text.prvCheckTasksWaitingTermination
                0x00002040       0x48 ./Output/tasks.o

.text.prvIdleTask
                0x00002088        0x8
 .text.prvIdleTask
                0x00002088        0x8 ./Output/tasks.o

.text.xTaskCreate
                0x00002090      0x1c0
 .text.xTaskCreate
                0x00002090      0x1c0 ./Output/tasks.o
                0x00002090                xTaskCreate

.text.vTaskStartScheduler
                0x00002250       0x7c
 .text.vTaskStartScheduler
                0x00002250       0x7c ./Output/tasks.o
                0x00002250                vTaskStartScheduler

.text.vTaskSuspendAll
                0x000022cc       0x10
 .text.vTaskSuspendAll
                0x000022cc       0x10 ./Output/tasks.o
                0x000022cc                vTaskSuspendAll

.text.uxTaskGetNumberOfTasks
                0x000022dc        0xc
 .text.uxTaskGetNumberOfTasks
                0x000022dc        0xc ./Output/tasks.o
                0x000022dc                uxTaskGetNumberOfTasks

.text.xTaskIncrementTick
                0x000022e8      0x180
 .text.xTaskIncrementTick
                0x000022e8      0x180 ./Output/tasks.o
                0x000022e8                xTaskIncrementTick

.text.xTaskResumeAll
                0x00002468      0x150
 .text.xTaskResumeAll
                0x00002468      0x150 ./Output/tasks.o
                0x00002468                xTaskResumeAll

.text.vTaskDelay
                0x000025b8       0x3c
 .text.vTaskDelay
                0x000025b8       0x3c ./Output/tasks.o
                0x000025b8                vTaskDelay

.text.vTaskSwitchContext
                0x000025f4       0x68
 .text.vTaskSwitchContext
                0x000025f4       0x68 ./Output/tasks.o
                0x000025f4                vTaskSwitchContext

.text.vTaskPlaceOnEventList
                0x0000265c       0x24
 .text.vTaskPlaceOnEventList
                0x0000265c       0x24 ./Output/tasks.o
                0x0000265c                vTaskPlaceOnEventList

.text.xTaskRemoveFromEventList
                0x00002680       0xbc
 .text.xTaskRemoveFromEventList
                0x00002680       0xbc ./Output/tasks.o
                0x00002680                xTaskRemoveFromEventList

.text.vTaskInternalSetTimeOutState
                0x0000273c       0x18
 .text.vTaskInternalSetTimeOutState
                0x0000273c       0x18 ./Output/tasks.o
                0x0000273c                vTaskInternalSetTimeOutState

.text.xTaskCheckForTimeOut
                0x00002754       0x70
 .text.xTaskCheckForTimeOut
                0x00002754       0x70 ./Output/tasks.o
                0x00002754                xTaskCheckForTimeOut

.text.vTaskMissedYield
                0x000027c4        0xc
 .text.vTaskMissedYield
                0x000027c4        0xc ./Output/tasks.o
                0x000027c4                vTaskMissedYield

.text.xTaskGetSchedulerState
                0x000027d0       0x20
 .text.xTaskGetSchedulerState
                0x000027d0       0x20 ./Output/tasks.o
                0x000027d0                xTaskGetSchedulerState

.text.xTaskPriorityInherit
                0x000027f0       0xa0
 .text.xTaskPriorityInherit
                0x000027f0       0xa0 ./Output/tasks.o
                0x000027f0                xTaskPriorityInherit

.text.xTaskPriorityDisinherit
                0x00002890       0x84
 .text.xTaskPriorityDisinherit
                0x00002890       0x84 ./Output/tasks.o
                0x00002890                xTaskPriorityDisinherit

.text.vTaskPriorityDisinheritAfterTimeout
                0x00002914       0x94
 .text.vTaskPriorityDisinheritAfterTimeout
                0x00002914       0x94 ./Output/tasks.o
                0x00002914                vTaskPriorityDisinheritAfterTimeout

.text.pvTaskIncrementMutexHeldCount
                0x000029a8       0x14
 .text.pvTaskIncrementMutexHeldCount
                0x000029a8       0x14 ./Output/tasks.o
                0x000029a8                pvTaskIncrementMutexHeldCount

.iplt           0x000029bc        0x0
 .iplt          0x000029bc        0x0 ./Output/tasks.o

.text.vListInitialise
                0x000029bc       0x16
 .text.vListInitialise
                0x000029bc       0x16 ./Output/list.o
                0x000029bc                vListInitialise

.text.vListInitialiseItem
                0x000029d2        0x6
 .text.vListInitialiseItem
                0x000029d2        0x6 ./Output/list.o
                0x000029d2                vListInitialiseItem

.text.vListInsert
                0x000029d8       0x2e
 .text.vListInsert
                0x000029d8       0x2e ./Output/list.o
                0x000029d8                vListInsert

.text.uxListRemove
                0x00002a06       0x1e
 .text.uxListRemove
                0x00002a06       0x1e ./Output/list.o
                0x00002a06                uxListRemove

.text.prvIsQueueEmpty
                0x00002a24       0x16
 .text.prvIsQueueEmpty
                0x00002a24       0x16 ./Output/queue.o

.text.prvCopyDataToQueue
                0x00002a3a       0x66
 .text.prvCopyDataToQueue
                0x00002a3a       0x66 ./Output/queue.o

.text.prvCopyDataFromQueue
                0x00002aa0       0x28
 .text.prvCopyDataFromQueue
                0x00002aa0       0x28 ./Output/queue.o

.text.prvNotifyQueueSetContainer
                0x00002ac8       0x64
 .text.prvNotifyQueueSetContainer
                0x00002ac8       0x64 ./Output/queue.o

.text.prvUnlockQueue
                0x00002b2c       0x78
 .text.prvUnlockQueue
                0x00002b2c       0x78 ./Output/queue.o

.text.xQueueGenericReset
                0x00002ba4       0x7a
 .text.xQueueGenericReset
                0x00002ba4       0x7a ./Output/queue.o
                0x00002ba4                xQueueGenericReset

.text.xQueueGenericCreate
                0x00002c1e       0x42
 .text.xQueueGenericCreate
                0x00002c1e       0x42 ./Output/queue.o
                0x00002c1e                xQueueGenericCreate

.text.xQueueGenericSend
                0x00002c60      0x138
 .text.xQueueGenericSend
                0x00002c60      0x138 ./Output/queue.o
                0x00002c60                xQueueGenericSend

.text.xQueueCreateMutex
                0x00002d98       0x24
 .text.xQueueCreateMutex
                0x00002d98       0x24 ./Output/queue.o
                0x00002d98                xQueueCreateMutex

.text.xQueueReceive
                0x00002dbc      0x10c
 .text.xQueueReceive
                0x00002dbc      0x10c ./Output/queue.o
                0x00002dbc                xQueueReceive

.text.xQueueSemaphoreTake
                0x00002ec8      0x138
 .text.xQueueSemaphoreTake
                0x00002ec8      0x138 ./Output/queue.o
                0x00002ec8                xQueueSemaphoreTake

.text.pvPortMalloc
                0x00003000      0x130
 .text.pvPortMalloc
                0x00003000      0x130 ./Output/heap_4.o
                0x00003000                pvPortMalloc

.text.vPortFree
                0x00003130       0xbc
 .text.vPortFree
                0x00003130       0xbc ./Output/heap_4.o
                0x00003130                vPortFree

.text.prvTaskExitError
                0x000031ec       0x30
 .text.prvTaskExitError
                0x000031ec       0x30 ./Output/port.o

.text.vPortSVCHandler
                0x0000321c       0x24
 .text.vPortSVCHandler
                0x0000321c       0x24 ./Output/port.o
                0x0000321c                vPortSVCHandler

.text.prvPortStartFirstTask
                0x00003240       0x20
 .text.prvPortStartFirstTask
                0x00003240       0x20 ./Output/port.o

.text.xPortPendSVHandler
                0x00003260       0x44
 .text.xPortPendSVHandler
                0x00003260       0x44 ./Output/port.o
                0x00003260                xPortPendSVHandler

.text.pxPortInitialiseStack
                0x000032a4       0x24
 .text.pxPortInitialiseStack
                0x000032a4       0x24 ./Output/port.o
                0x000032a4                pxPortInitialiseStack

.text.vPortEnterCritical
                0x000032c8       0x30
 .text.vPortEnterCritical
                0x000032c8       0x30 ./Output/port.o
                0x000032c8                vPortEnterCritical

.text.vPortExitCritical
                0x000032f8       0x18
 .text.vPortExitCritical
                0x000032f8       0x18 ./Output/port.o
                0x000032f8                vPortExitCritical

.text.xPortSysTickHandler
                0x00003310       0x2c
 .text.xPortSysTickHandler
                0x00003310       0x2c ./Output/port.o
                0x00003310                xPortSysTickHandler

.text.vPortSetupTimerInterrupt
                0x0000333c       0x16
 .text.vPortSetupTimerInterrupt
                0x0000333c       0x16 ./Output/port.o
                0x0000333c                vPortSetupTimerInterrupt

.text.xPortStartScheduler
                0x00003354       0xe4
 .text.xPortStartScheduler
                0x00003354       0xe4 ./Output/port.o
                0x00003354                xPortStartScheduler

.text.TrafficLightControllerTask
                0x00003438       0x64
 .text.TrafficLightControllerTask
                0x00003438       0x64 ./Output/main.o
                0x00003438                TrafficLightControllerTask

.text.PedestrianCrossingTask
                0x0000349c       0x2c
 .text.PedestrianCrossingTask
                0x0000349c       0x2c ./Output/main.o
                0x0000349c                PedestrianCrossingTask

.text.CentralMonitorTask
                0x000034c8       0x38
 .text.CentralMonitorTask
                0x000034c8       0x38 ./Output/main.o
                0x000034c8                CentralMonitorTask

.text.EmergencyVehicleTask
                0x00003500       0x48
 .text.EmergencyVehicleTask
                0x00003500       0x48 ./Output/main.o
                0x00003500                EmergencyVehicleTask

.text.SensorTask
                0x00003548       0x54
 .text.SensorTask
                0x00003548       0x54 ./Output/main.o
                0x00003548                SensorTask

.text.startup.main
                0x0000359c       0xec
 .text.startup.main
                0x0000359c       0xec ./Output/main.o
                0x0000359c                main

.text.UART_init
                0x00003688        0xe
 .text.UART_init
                0x00003688        0xe ./Output/uart.o
                0x00003688                UART_init

.text.UART_print_int
                0x00003696       0x5c
 .text.UART_print_int
                0x00003696       0x5c ./Output/uart.o
                0x00003696                UART_print_int

.text.UART_printf
                0x000036f2       0x3e
 .text.UART_printf
                0x000036f2       0x3e ./Output/uart.o
                0x000036f2                UART_printf

.text.Default_Handler
                0x00003800        0xc
 .text.Default_Handler
                0x00003800        0xc ./Output/startup.o

.text.HardFault_Handler
                0x00003900       0x18
 .text.HardFault_Handler
                0x00003900       0x18 ./Output/startup.o

.text.Reset_Handler
                0x00003918        0x4
 .text.Reset_Handler
                0x00003918        0x4 ./Output/startup.o
                0x00003918                Reset_Handler

.text.prvGetRegistersFromStack
                0x0000391c       0x60
 .text.prvGetRegistersFromStack
                0x0000391c       0x60 ./Output/startup.o
                0x0000391c                prvGetRegistersFromStack

.rel.dyn        0x0000397c        0x0
 .rel.iplt      0x0000397c        0x0 ./Output/tasks.o

.ARM.exidx      0x0000397c        0x8
 .ARM.exidx     0x0000397c        0x8 /usr/lib/gcc/arm-none-eabi/13.2.1/../../../arm-none-eabi/lib/thumb/v7-m/nofp/libc_nano.a(libc_a-memcpy.o)

.data           0x20000000       0x5c
                0x20000000                        . = ALIGN (0x8)
                0x20000000                        _data = .
                0x20000000                        _sdata = .
 *(vtable)
 *(.data)
 .data          0x20000000       0x50 /usr/lib/gcc/arm-none-eabi/13.2.1/../../../arm-none-eabi/lib/thumb/v7-m/nofp/libc_nano.a(libc_a-impure.o)
                0x20000000                _impure_ptr
                0x20000004                _impure_data
 .data          0x20000050        0xc /usr/lib/gcc/arm-none-eabi/13.2.1/../../../arm-none-eabi/lib/thumb/v7-m/nofp/libc_nano.a(libc_a-findfp.o)
                0x20000050                __sglue
                0x2000005c                        _edata = .

.igot.plt       0x2000005c        0x0
 .igot.plt      0x2000005c        0x0 ./Output/tasks.o

.data.uxCriticalNesting
                0x2000005c        0x4
 .data.uxCriticalNesting
                0x2000005c        0x4 ./Output/port.o

.bss            0x20000060      0x14c
                0x20000060                        . = ALIGN (0x8)
                0x20000060                        _bss = .
                0x20000060                        _sbss = .
 *(.bss)
 .bss           0x20000060      0x13c /usr/lib/gcc/arm-none-eabi/13.2.1/../../../arm-none-eabi/lib/thumb/v7-m/nofp/libc_nano.a(libc_a-findfp.o)
                0x20000060                __sf
                0x20000198                __stdio_exit_handler
 .bss           0x2000019c        0x8 /usr/lib/gcc/arm-none-eabi/13.2.1/../../../arm-none-eabi/lib/thumb/v7-m/nofp/libc_nano.a(libc_a-mallocr.o)
                0x2000019c                __malloc_sbrk_start
                0x200001a0                __malloc_free_list
 .bss           0x200001a4        0x4 /usr/lib/gcc/arm-none-eabi/13.2.1/../../../arm-none-eabi/lib/thumb/v7-m/nofp/libc_nano.a(libc_a-reent.o)
                0x200001a4                errno
 .bss           0x200001a8        0x4 /usr/lib/gcc/arm-none-eabi/13.2.1/../../../arm-none-eabi/lib/thumb/v7-m/nofp/libnosys.a(sbrk.o)
                0x200001ac                        _ebss = .

.bss.uxSchedulerSuspended
                0x200001ac        0x4
 .bss.uxSchedulerSuspended
                0x200001ac        0x4 ./Output/tasks.o

.bss.xIdleTaskHandles
                0x200001b0        0x4
 .bss.xIdleTaskHandles
                0x200001b0        0x4 ./Output/tasks.o

.bss.xNextTaskUnblockTime
                0x200001b4        0x4
 .bss.xNextTaskUnblockTime
                0x200001b4        0x4 ./Output/tasks.o

.bss.uxTaskNumber
                0x200001b8        0x4
 .bss.uxTaskNumber
                0x200001b8        0x4 ./Output/tasks.o

.bss.xNumOfOverflows
                0x200001bc        0x4
 .bss.xNumOfOverflows
                0x200001bc        0x4 ./Output/tasks.o

.bss.xYieldPendings
                0x200001c0        0x4
 .bss.xYieldPendings
                0x200001c0        0x4 ./Output/tasks.o

.bss.xPendedTicks
                0x200001c4        0x4
 .bss.xPendedTicks
                0x200001c4        0x4 ./Output/tasks.o

.bss.xSchedulerRunning
                0x200001c8        0x4
 .bss.xSchedulerRunning
                0x200001c8        0x4 ./Output/tasks.o

.bss.uxTopReadyPriority
                0x200001cc        0x4
 .bss.uxTopReadyPriority
                0x200001cc        0x4 ./Output/tasks.o

.bss.xTickCount
                0x200001d0        0x4
 .bss.xTickCount
                0x200001d0        0x4 ./Output/tasks.o

.bss.uxCurrentNumberOfTasks
                0x200001d4        0x4
 .bss.uxCurrentNumberOfTasks
                0x200001d4        0x4 ./Output/tasks.o

.bss.xSuspendedTaskList
                0x200001d8       0x14
 .bss.xSuspendedTaskList
                0x200001d8       0x14 ./Output/tasks.o

.bss.uxDeletedTasksWaitingCleanUp
                0x200001ec        0x4
 .bss.uxDeletedTasksWaitingCleanUp
                0x200001ec        0x4 ./Output/tasks.o

.bss.xTasksWaitingTermination
                0x200001f0       0x14
 .bss.xTasksWaitingTermination
                0x200001f0       0x14 ./Output/tasks.o

.bss.xPendingReadyList
                0x20000204       0x14
 .bss.xPendingReadyList
                0x20000204       0x14 ./Output/tasks.o

.bss.pxOverflowDelayedTaskList
                0x20000218        0x4
 .bss.pxOverflowDelayedTaskList
                0x20000218        0x4 ./Output/tasks.o

.bss.pxDelayedTaskList
                0x2000021c        0x4
 .bss.pxDelayedTaskList
                0x2000021c        0x4 ./Output/tasks.o

.bss.xDelayedTaskList2
                0x20000220       0x14
 .bss.xDelayedTaskList2
                0x20000220       0x14 ./Output/tasks.o

.bss.xDelayedTaskList1
                0x20000234       0x14
 .bss.xDelayedTaskList1
                0x20000234       0x14 ./Output/tasks.o

.bss.pxReadyTasksLists
                0x20000248       0xb4
 .bss.pxReadyTasksLists
                0x20000248       0xb4 ./Output/tasks.o

.bss.pxCurrentTCB
                0x200002fc        0x4
 .bss.pxCurrentTCB
                0x200002fc        0x4 ./Output/tasks.o
                0x200002fc                pxCurrentTCB

.bss.xNumberOfSuccessfulFrees
                0x20000300        0x4
 .bss.xNumberOfSuccessfulFrees
                0x20000300        0x4 ./Output/heap_4.o

.bss.xNumberOfSuccessfulAllocations
                0x20000304        0x4
 .bss.xNumberOfSuccessfulAllocations
                0x20000304        0x4 ./Output/heap_4.o

.bss.xMinimumEverFreeBytesRemaining
                0x20000308        0x4
 .bss.xMinimumEverFreeBytesRemaining
                0x20000308        0x4 ./Output/heap_4.o

.bss.xFreeBytesRemaining
                0x2000030c        0x4
 .bss.xFreeBytesRemaining
                0x2000030c        0x4 ./Output/heap_4.o

.bss.pxEnd      0x20000310        0x4
 .bss.pxEnd     0x20000310        0x4 ./Output/heap_4.o

.bss.xStart     0x20000314        0x8
 .bss.xStart    0x20000314        0x8 ./Output/heap_4.o

.bss.ucHeap     0x2000031c     0xf000
 .bss.ucHeap    0x2000031c     0xf000 ./Output/heap_4.o

.bss.ulMaxPRIGROUPValue
                0x2000f31c        0x4
 .bss.ulMaxPRIGROUPValue
                0x2000f31c        0x4 ./Output/port.o

.bss.ucMaxSysCallPriority
                0x2000f320        0x1
 .bss.ucMaxSysCallPriority
                0x2000f320        0x1 ./Output/port.o

.bss.xMutexLog  0x2000f324        0x4
 .bss.xMutexLog
                0x2000f324        0x4 ./Output/main.o
                0x2000f324                xMutexLog

.bss.xPedestrianSemaphore
                0x2000f328        0x4
 .bss.xPedestrianSemaphore
                0x2000f328        0x4 ./Output/main.o
                0x2000f328                xPedestrianSemaphore

.bss.xSensorQueue
                0x2000f32c        0x4
 .bss.xSensorQueue
                0x2000f32c        0x4 ./Output/main.o
                0x2000f32c                xSensorQueue

.bss.psr        0x2000f330        0x4
 .bss.psr       0x2000f330        0x4 ./Output/startup.o
                0x2000f330                psr

.bss.pc         0x2000f334        0x4
 .bss.pc        0x2000f334        0x4 ./Output/startup.o
                0x2000f334                pc

.bss.lr         0x2000f338        0x4
 .bss.lr        0x2000f338        0x4 ./Output/startup.o
                0x2000f338                lr

.bss.r12        0x2000f33c        0x4
 .bss.r12       0x2000f33c        0x4 ./Output/startup.o
                0x2000f33c                r12

.bss.r3         0x2000f340        0x4
 .bss.r3        0x2000f340        0x4 ./Output/startup.o
                0x2000f340                r3

.bss.r2         0x2000f344        0x4
 .bss.r2        0x2000f344        0x4 ./Output/startup.o
                0x2000f344                r2

.bss.r1         0x2000f348        0x4
 .bss.r1        0x2000f348        0x4 ./Output/startup.o
                0x2000f348                r1

.bss.r0         0x2000f34c        0x4
 .bss.r0        0x2000f34c        0x4 ./Output/startup.o
                0x2000f34c                r0

.heap           0x2000f350      0x408
                0x2000f350                        . = ALIGN (0x8)
                0x2000f350                        PROVIDE (end = .)
                [!provide]                        PROVIDE (_end = .)
                0x2000f350                        _heap_bottom = .
                0x2000f358                        . = (. + _Min_Heap_Size)
 *fill*         0x2000f350        0x8 
                0x2000f358                        _heap_top = .
                0x2000f758                        . = (. + _Min_Stack_Size)
 *fill*         0x2000f358      0x400 
                0x2000f758                        . = ALIGN (0x8)
                0x20400000                        __StackTop = (ORIGIN (RAM) + LENGTH (RAM))
                0x203ffc00                        __StackLimit = (__StackTop - _Min_Stack_Size)
                [!provide]                        PROVIDE (__stack = __StackTop)
                0x00000001                        ASSERT ((__StackLimit >= _heap_top), region RAM overflowed with stack)
OUTPUT(./Output/demo.elf elf32-littlearm)
LOAD linker stubs

.debug_info     0x00000000    0x18fa5
 .debug_info    0x00000000     0x305c ./Output/tasks.o
 .debug_info    0x0000305c      0x2b2 ./Output/list.o
 .debug_info    0x0000330e     0x2278 ./Output/queue.o
 .debug_info    0x00005586      0x5d7 ./Output/heap_4.o
 .debug_info    0x00005b5d      0x465 ./Output/port.o
 .debug_info    0x00005fc2      0x7a7 ./Output/main.o
 .debug_info    0x00006769      0x1b9 ./Output/uart.o
 .debug_info    0x00006922      0x1fc ./Output/startup.o
 .debug_info    0x00006b1e      0x851 /usr/lib/gcc/arm-none-eabi/13.2.1/../../../arm-none-eabi/lib/thumb/v7-m/nofp/libc_nano.a(libc_a-rand.o)
 .debug_info    0x0000736f      0x825 /usr/lib/gcc/arm-none-eabi/13.2.1/../../../arm-none-eabi/lib/thumb/v7-m/nofp/libc_nano.a(libc_a-assert.o)
 .debug_info    0x00007b94      0x70b /usr/lib/gcc/arm-none-eabi/13.2.1/../../../arm-none-eabi/lib/thumb/v7-m/nofp/libc_nano.a(libc_a-impure.o)
 .debug_info    0x0000829f       0xd8 /usr/lib/gcc/arm-none-eabi/13.2.1/../../../arm-none-eabi/lib/thumb/v7-m/nofp/libc_nano.a(libc_a-abort.o)
 .debug_info    0x00008377      0x135 /usr/lib/gcc/arm-none-eabi/13.2.1/../../../arm-none-eabi/lib/thumb/v7-m/nofp/libc_nano.a(libc_a-memset.o)
 .debug_info    0x000084ac       0x33 /usr/lib/gcc/arm-none-eabi/13.2.1/../../../arm-none-eabi/lib/thumb/v7-m/nofp/libc_nano.a(libc_a-memcpy.o)
 .debug_info    0x000084df      0x796 /usr/lib/gcc/arm-none-eabi/13.2.1/../../../arm-none-eabi/lib/thumb/v7-m/nofp/libc_nano.a(libc_a-malloc.o)
 .debug_info    0x00008c75      0x85d /usr/lib/gcc/arm-none-eabi/13.2.1/../../../arm-none-eabi/lib/thumb/v7-m/nofp/libc_nano.a(libc_a-fprintf.o)
 .debug_info    0x000094d2     0x108a /usr/lib/gcc/arm-none-eabi/13.2.1/../../../arm-none-eabi/lib/thumb/v7-m/nofp/libc_nano.a(libc_a-nano-vfprintf.o)
 .debug_info    0x0000a55c      0x863 /usr/lib/gcc/arm-none-eabi/13.2.1/../../../arm-none-eabi/lib/thumb/v7-m/nofp/libc_nano.a(libc_a-wbuf.o)
 .debug_info    0x0000adbf      0xb1e /usr/lib/gcc/arm-none-eabi/13.2.1/../../../arm-none-eabi/lib/thumb/v7-m/nofp/libc_nano.a(libc_a-fvwrite.o)
 .debug_info    0x0000b8dd      0xc39 /usr/lib/gcc/arm-none-eabi/13.2.1/../../../arm-none-eabi/lib/thumb/v7-m/nofp/libc_nano.a(libc_a-signal.o)
 .debug_info    0x0000c516      0xe8c /usr/lib/gcc/arm-none-eabi/13.2.1/../../../arm-none-eabi/lib/thumb/v7-m/nofp/libc_nano.a(libc_a-findfp.o)
 .debug_info    0x0000d3a2      0xa30 /usr/lib/gcc/arm-none-eabi/13.2.1/../../../arm-none-eabi/lib/thumb/v7-m/nofp/libc_nano.a(libc_a-fflush.o)
 .debug_info    0x0000ddd2      0x9b6 /usr/lib/gcc/arm-none-eabi/13.2.1/../../../arm-none-eabi/lib/thumb/v7-m/nofp/libc_nano.a(libc_a-mallocr.o)
 .debug_info    0x0000e788      0x87f /usr/lib/gcc/arm-none-eabi/13.2.1/../../../arm-none-eabi/lib/thumb/v7-m/nofp/libc_nano.a(libc_a-freer.o)
 .debug_info    0x0000f007      0x148 /usr/lib/gcc/arm-none-eabi/13.2.1/../../../arm-none-eabi/lib/thumb/v7-m/nofp/libc_nano.a(libc_a-memmove.o)
 .debug_info    0x0000f14f      0x7c8 /usr/lib/gcc/arm-none-eabi/13.2.1/../../../arm-none-eabi/lib/thumb/v7-m/nofp/libc_nano.a(libc_a-fwalk.o)
 .debug_info    0x0000f917      0x7b1 /usr/lib/gcc/arm-none-eabi/13.2.1/../../../arm-none-eabi/lib/thumb/v7-m/nofp/libc_nano.a(libc_a-wsetup.o)
 .debug_info    0x000100c8      0x8cd /usr/lib/gcc/arm-none-eabi/13.2.1/../../../arm-none-eabi/lib/thumb/v7-m/nofp/libc_nano.a(libc_a-reallocr.o)
 .debug_info    0x00010995      0xdd7 /usr/lib/gcc/arm-none-eabi/13.2.1/../../../arm-none-eabi/lib/thumb/v7-m/nofp/libc_nano.a(libc_a-nano-vfprintf_i.o)
 .debug_info    0x0001176c      0x71c /usr/lib/gcc/arm-none-eabi/13.2.1/../../../arm-none-eabi/lib/thumb/v7-m/nofp/libc_nano.a(libc_a-mlock.o)
 .debug_info    0x00011e88      0xbe6 /usr/lib/gcc/arm-none-eabi/13.2.1/../../../arm-none-eabi/lib/thumb/v7-m/nofp/libc_nano.a(libc_a-makebuf.o)
 .debug_info    0x00012a6e      0x14a /usr/lib/gcc/arm-none-eabi/13.2.1/../../../arm-none-eabi/lib/thumb/v7-m/nofp/libc_nano.a(libc_a-memchr-stub.o)
 .debug_info    0x00012bb8      0x752 /usr/lib/gcc/arm-none-eabi/13.2.1/../../../arm-none-eabi/lib/thumb/v7-m/nofp/libc_nano.a(libc_a-isattyr.o)
 .debug_info    0x0001330a      0x778 /usr/lib/gcc/arm-none-eabi/13.2.1/../../../arm-none-eabi/lib/thumb/v7-m/nofp/libc_nano.a(libc_a-sbrkr.o)
 .debug_info    0x00013a82      0xa80 /usr/lib/gcc/arm-none-eabi/13.2.1/../../../arm-none-eabi/lib/thumb/v7-m/nofp/libc_nano.a(libc_a-stdio.o)
 .debug_info    0x00014502      0x78a /usr/lib/gcc/arm-none-eabi/13.2.1/../../../arm-none-eabi/lib/thumb/v7-m/nofp/libc_nano.a(libc_a-msizer.o)
 .debug_info    0x00014c8c      0x7df /usr/lib/gcc/arm-none-eabi/13.2.1/../../../arm-none-eabi/lib/thumb/v7-m/nofp/libc_nano.a(libc_a-signalr.o)
 .debug_info    0x0001546b      0x752 /usr/lib/gcc/arm-none-eabi/13.2.1/../../../arm-none-eabi/lib/thumb/v7-m/nofp/libc_nano.a(libc_a-closer.o)
 .debug_info    0x00015bbd      0x7b5 /usr/lib/gcc/arm-none-eabi/13.2.1/../../../arm-none-eabi/lib/thumb/v7-m/nofp/libc_nano.a(libc_a-readr.o)
 .debug_info    0x00016372      0x89f /usr/lib/gcc/arm-none-eabi/13.2.1/../../../arm-none-eabi/lib/thumb/v7-m/nofp/libc_nano.a(libc_a-reent.o)
 .debug_info    0x00016c11      0x977 /usr/lib/gcc/arm-none-eabi/13.2.1/../../../arm-none-eabi/lib/thumb/v7-m/nofp/libc_nano.a(libc_a-fstatr.o)
 .debug_info    0x00017588      0x79e /usr/lib/gcc/arm-none-eabi/13.2.1/../../../arm-none-eabi/lib/thumb/v7-m/nofp/libc_nano.a(libc_a-lseekr.o)
 .debug_info    0x00017d26      0x7bb /usr/lib/gcc/arm-none-eabi/13.2.1/../../../arm-none-eabi/lib/thumb/v7-m/nofp/libc_nano.a(libc_a-writer.o)
 .debug_info    0x000184e1       0xde /usr/lib/gcc/arm-none-eabi/13.2.1/../../../arm-none-eabi/lib/thumb/v7-m/nofp/libnosys.a(close.o)
 .debug_info    0x000185bf      0x2f7 /usr/lib/gcc/arm-none-eabi/13.2.1/../../../arm-none-eabi/lib/thumb/v7-m/nofp/libnosys.a(fstat.o)
 .debug_info    0x000188b6       0xc9 /usr/lib/gcc/arm-none-eabi/13.2.1/../../../arm-none-eabi/lib/thumb/v7-m/nofp/libnosys.a(getpid.o)
 .debug_info    0x0001897f       0xde /usr/lib/gcc/arm-none-eabi/13.2.1/../../../arm-none-eabi/lib/thumb/v7-m/nofp/libnosys.a(isatty.o)
 .debug_info    0x00018a5d       0xec /usr/lib/gcc/arm-none-eabi/13.2.1/../../../arm-none-eabi/lib/thumb/v7-m/nofp/libnosys.a(kill.o)
 .debug_info    0x00018b49      0x100 /usr/lib/gcc/arm-none-eabi/13.2.1/../../../arm-none-eabi/lib/thumb/v7-m/nofp/libnosys.a(lseek.o)
 .debug_info    0x00018c49      0x106 /usr/lib/gcc/arm-none-eabi/13.2.1/../../../arm-none-eabi/lib/thumb/v7-m/nofp/libnosys.a(read.o)
 .debug_info    0x00018d4f       0xac /usr/lib/gcc/arm-none-eabi/13.2.1/../../../arm-none-eabi/lib/thumb/v7-m/nofp/libnosys.a(sbrk.o)
 .debug_info    0x00018dfb      0x106 /usr/lib/gcc/arm-none-eabi/13.2.1/../../../arm-none-eabi/lib/thumb/v7-m/nofp/libnosys.a(write.o)
 .debug_info    0x00018f01       0xa4 /usr/lib/gcc/arm-none-eabi/13.2.1/../../../arm-none-eabi/lib/thumb/v7-m/nofp/libnosys.a(_exit.o)

.debug_abbrev   0x00000000     0x5d69
 .debug_abbrev  0x00000000      0x4ff ./Output/tasks.o
 .debug_abbrev  0x000004ff      0x105 ./Output/list.o
 .debug_abbrev  0x00000604      0x464 ./Output/queue.o
 .debug_abbrev  0x00000a68      0x2d2 ./Output/heap_4.o
 .debug_abbrev  0x00000d3a      0x2a7 ./Output/port.o
 .debug_abbrev  0x00000fe1      0x1ed ./Output/main.o
 .debug_abbrev  0x000011ce      0x148 ./Output/uart.o
 .debug_abbrev  0x00001316      0x16a ./Output/startup.o
 .debug_abbrev  0x00001480      0x220 /usr/lib/gcc/arm-none-eabi/13.2.1/../../../arm-none-eabi/lib/thumb/v7-m/nofp/libc_nano.a(libc_a-rand.o)
 .debug_abbrev  0x000016a0      0x1ea /usr/lib/gcc/arm-none-eabi/13.2.1/../../../arm-none-eabi/lib/thumb/v7-m/nofp/libc_nano.a(libc_a-assert.o)
 .debug_abbrev  0x0000188a      0x149 /usr/lib/gcc/arm-none-eabi/13.2.1/../../../arm-none-eabi/lib/thumb/v7-m/nofp/libc_nano.a(libc_a-impure.o)
 .debug_abbrev  0x000019d3       0x99 /usr/lib/gcc/arm-none-eabi/13.2.1/../../../arm-none-eabi/lib/thumb/v7-m/nofp/libc_nano.a(libc_a-abort.o)
 .debug_abbrev  0x00001a6c       0xb7 /usr/lib/gcc/arm-none-eabi/13.2.1/../../../arm-none-eabi/lib/thumb/v7-m/nofp/libc_nano.a(libc_a-memset.o)
 .debug_abbrev  0x00001b23       0x28 /usr/lib/gcc/arm-none-eabi/13.2.1/../../../arm-none-eabi/lib/thumb/v7-m/nofp/libc_nano.a(libc_a-memcpy.o)
 .debug_abbrev  0x00001b4b      0x1cf /usr/lib/gcc/arm-none-eabi/13.2.1/../../../arm-none-eabi/lib/thumb/v7-m/nofp/libc_nano.a(libc_a-malloc.o)
 .debug_abbrev  0x00001d1a      0x21d /usr/lib/gcc/arm-none-eabi/13.2.1/../../../arm-none-eabi/lib/thumb/v7-m/nofp/libc_nano.a(libc_a-fprintf.o)
 .debug_abbrev  0x00001f37      0x36e /usr/lib/gcc/arm-none-eabi/13.2.1/../../../arm-none-eabi/lib/thumb/v7-m/nofp/libc_nano.a(libc_a-nano-vfprintf.o)
 .debug_abbrev  0x000022a5      0x236 /usr/lib/gcc/arm-none-eabi/13.2.1/../../../arm-none-eabi/lib/thumb/v7-m/nofp/libc_nano.a(libc_a-wbuf.o)
 .debug_abbrev  0x000024db      0x224 /usr/lib/gcc/arm-none-eabi/13.2.1/../../../arm-none-eabi/lib/thumb/v7-m/nofp/libc_nano.a(libc_a-fvwrite.o)
 .debug_abbrev  0x000026ff      0x2d7 /usr/lib/gcc/arm-none-eabi/13.2.1/../../../arm-none-eabi/lib/thumb/v7-m/nofp/libc_nano.a(libc_a-signal.o)
 .debug_abbrev  0x000029d6      0x408 /usr/lib/gcc/arm-none-eabi/13.2.1/../../../arm-none-eabi/lib/thumb/v7-m/nofp/libc_nano.a(libc_a-findfp.o)
 .debug_abbrev  0x00002dde      0x2e1 /usr/lib/gcc/arm-none-eabi/13.2.1/../../../arm-none-eabi/lib/thumb/v7-m/nofp/libc_nano.a(libc_a-fflush.o)
 .debug_abbrev  0x000030bf      0x24a /usr/lib/gcc/arm-none-eabi/13.2.1/../../../arm-none-eabi/lib/thumb/v7-m/nofp/libc_nano.a(libc_a-mallocr.o)
 .debug_abbrev  0x00003309      0x249 /usr/lib/gcc/arm-none-eabi/13.2.1/../../../arm-none-eabi/lib/thumb/v7-m/nofp/libc_nano.a(libc_a-freer.o)
 .debug_abbrev  0x00003552       0xc3 /usr/lib/gcc/arm-none-eabi/13.2.1/../../../arm-none-eabi/lib/thumb/v7-m/nofp/libc_nano.a(libc_a-memmove.o)
 .debug_abbrev  0x00003615      0x19b /usr/lib/gcc/arm-none-eabi/13.2.1/../../../arm-none-eabi/lib/thumb/v7-m/nofp/libc_nano.a(libc_a-fwalk.o)
 .debug_abbrev  0x000037b0      0x1e2 /usr/lib/gcc/arm-none-eabi/13.2.1/../../../arm-none-eabi/lib/thumb/v7-m/nofp/libc_nano.a(libc_a-wsetup.o)
 .debug_abbrev  0x00003992      0x20c /usr/lib/gcc/arm-none-eabi/13.2.1/../../../arm-none-eabi/lib/thumb/v7-m/nofp/libc_nano.a(libc_a-reallocr.o)
 .debug_abbrev  0x00003b9e      0x284 /usr/lib/gcc/arm-none-eabi/13.2.1/../../../arm-none-eabi/lib/thumb/v7-m/nofp/libc_nano.a(libc_a-nano-vfprintf_i.o)
 .debug_abbrev  0x00003e22      0x192 /usr/lib/gcc/arm-none-eabi/13.2.1/../../../arm-none-eabi/lib/thumb/v7-m/nofp/libc_nano.a(libc_a-mlock.o)
 .debug_abbrev  0x00003fb4      0x29d /usr/lib/gcc/arm-none-eabi/13.2.1/../../../arm-none-eabi/lib/thumb/v7-m/nofp/libc_nano.a(libc_a-makebuf.o)
 .debug_abbrev  0x00004251       0xc7 /usr/lib/gcc/arm-none-eabi/13.2.1/../../../arm-none-eabi/lib/thumb/v7-m/nofp/libc_nano.a(libc_a-memchr-stub.o)
 .debug_abbrev  0x00004318      0x1b0 /usr/lib/gcc/arm-none-eabi/13.2.1/../../../arm-none-eabi/lib/thumb/v7-m/nofp/libc_nano.a(libc_a-isattyr.o)
 .debug_abbrev  0x000044c8      0x1da /usr/lib/gcc/arm-none-eabi/13.2.1/../../../arm-none-eabi/lib/thumb/v7-m/nofp/libc_nano.a(libc_a-sbrkr.o)
 .debug_abbrev  0x000046a2      0x224 /usr/lib/gcc/arm-none-eabi/13.2.1/../../../arm-none-eabi/lib/thumb/v7-m/nofp/libc_nano.a(libc_a-stdio.o)
 .debug_abbrev  0x000048c6      0x196 /usr/lib/gcc/arm-none-eabi/13.2.1/../../../arm-none-eabi/lib/thumb/v7-m/nofp/libc_nano.a(libc_a-msizer.o)
 .debug_abbrev  0x00004a5c      0x1fd /usr/lib/gcc/arm-none-eabi/13.2.1/../../../arm-none-eabi/lib/thumb/v7-m/nofp/libc_nano.a(libc_a-signalr.o)
 .debug_abbrev  0x00004c59      0x1b0 /usr/lib/gcc/arm-none-eabi/13.2.1/../../../arm-none-eabi/lib/thumb/v7-m/nofp/libc_nano.a(libc_a-closer.o)
 .debug_abbrev  0x00004e09      0x1b0 /usr/lib/gcc/arm-none-eabi/13.2.1/../../../arm-none-eabi/lib/thumb/v7-m/nofp/libc_nano.a(libc_a-readr.o)
 .debug_abbrev  0x00004fb9      0x1ee /usr/lib/gcc/arm-none-eabi/13.2.1/../../../arm-none-eabi/lib/thumb/v7-m/nofp/libc_nano.a(libc_a-reent.o)
 .debug_abbrev  0x000051a7      0x1c3 /usr/lib/gcc/arm-none-eabi/13.2.1/../../../arm-none-eabi/lib/thumb/v7-m/nofp/libc_nano.a(libc_a-fstatr.o)
 .debug_abbrev  0x0000536a      0x1c4 /usr/lib/gcc/arm-none-eabi/13.2.1/../../../arm-none-eabi/lib/thumb/v7-m/nofp/libc_nano.a(libc_a-lseekr.o)
 .debug_abbrev  0x0000552e      0x1b5 /usr/lib/gcc/arm-none-eabi/13.2.1/../../../arm-none-eabi/lib/thumb/v7-m/nofp/libc_nano.a(libc_a-writer.o)
 .debug_abbrev  0x000056e3       0x96 /usr/lib/gcc/arm-none-eabi/13.2.1/../../../arm-none-eabi/lib/thumb/v7-m/nofp/libnosys.a(close.o)
 .debug_abbrev  0x00005779       0xe4 /usr/lib/gcc/arm-none-eabi/13.2.1/../../../arm-none-eabi/lib/thumb/v7-m/nofp/libnosys.a(fstat.o)
 .debug_abbrev  0x0000585d       0x82 /usr/lib/gcc/arm-none-eabi/13.2.1/../../../arm-none-eabi/lib/thumb/v7-m/nofp/libnosys.a(getpid.o)
 .debug_abbrev  0x000058df       0x96 /usr/lib/gcc/arm-none-eabi/13.2.1/../../../arm-none-eabi/lib/thumb/v7-m/nofp/libnosys.a(isatty.o)
 .debug_abbrev  0x00005975       0xa7 /usr/lib/gcc/arm-none-eabi/13.2.1/../../../arm-none-eabi/lib/thumb/v7-m/nofp/libnosys.a(kill.o)
 .debug_abbrev  0x00005a1c       0xbb /usr/lib/gcc/arm-none-eabi/13.2.1/../../../arm-none-eabi/lib/thumb/v7-m/nofp/libnosys.a(lseek.o)
 .debug_abbrev  0x00005ad7       0xc4 /usr/lib/gcc/arm-none-eabi/13.2.1/../../../arm-none-eabi/lib/thumb/v7-m/nofp/libnosys.a(read.o)
 .debug_abbrev  0x00005b9b       0xa1 /usr/lib/gcc/arm-none-eabi/13.2.1/../../../arm-none-eabi/lib/thumb/v7-m/nofp/libnosys.a(sbrk.o)
 .debug_abbrev  0x00005c3c       0xc4 /usr/lib/gcc/arm-none-eabi/13.2.1/../../../arm-none-eabi/lib/thumb/v7-m/nofp/libnosys.a(write.o)
 .debug_abbrev  0x00005d00       0x69 /usr/lib/gcc/arm-none-eabi/13.2.1/../../../arm-none-eabi/lib/thumb/v7-m/nofp/libnosys.a(_exit.o)

.debug_loclists
                0x00000000     0x6161
 .debug_loclists
                0x00000000     0x1b01 ./Output/tasks.o
 .debug_loclists
                0x00001b01       0x77 ./Output/list.o
 .debug_loclists
                0x00001b78     0x1001 ./Output/queue.o
 .debug_loclists
                0x00002b79      0x36a ./Output/heap_4.o
 .debug_loclists
                0x00002ee3       0xb1 ./Output/port.o
 .debug_loclists
                0x00002f94       0x9d ./Output/main.o
 .debug_loclists
                0x00003031       0xba ./Output/uart.o
 .debug_loclists
                0x000030eb       0x29 ./Output/startup.o
 .debug_loclists
                0x00003114       0x7f /usr/lib/gcc/arm-none-eabi/13.2.1/../../../arm-none-eabi/lib/thumb/v7-m/nofp/libc_nano.a(libc_a-rand.o)
 .debug_loclists
                0x00003193       0xfa /usr/lib/gcc/arm-none-eabi/13.2.1/../../../arm-none-eabi/lib/thumb/v7-m/nofp/libc_nano.a(libc_a-assert.o)
 .debug_loclists
                0x0000328d      0x1d7 /usr/lib/gcc/arm-none-eabi/13.2.1/../../../arm-none-eabi/lib/thumb/v7-m/nofp/libc_nano.a(libc_a-memset.o)
 .debug_loclists
                0x00003464       0x4a /usr/lib/gcc/arm-none-eabi/13.2.1/../../../arm-none-eabi/lib/thumb/v7-m/nofp/libc_nano.a(libc_a-malloc.o)
 .debug_loclists
                0x000034ae       0x6b /usr/lib/gcc/arm-none-eabi/13.2.1/../../../arm-none-eabi/lib/thumb/v7-m/nofp/libc_nano.a(libc_a-fprintf.o)
 .debug_loclists
                0x00003519      0x58a /usr/lib/gcc/arm-none-eabi/13.2.1/../../../arm-none-eabi/lib/thumb/v7-m/nofp/libc_nano.a(libc_a-nano-vfprintf.o)
 .debug_loclists
                0x00003aa3      0x104 /usr/lib/gcc/arm-none-eabi/13.2.1/../../../arm-none-eabi/lib/thumb/v7-m/nofp/libc_nano.a(libc_a-wbuf.o)
 .debug_loclists
                0x00003ba7      0x3f8 /usr/lib/gcc/arm-none-eabi/13.2.1/../../../arm-none-eabi/lib/thumb/v7-m/nofp/libc_nano.a(libc_a-fvwrite.o)
 .debug_loclists
                0x00003f9f      0x59a /usr/lib/gcc/arm-none-eabi/13.2.1/../../../arm-none-eabi/lib/thumb/v7-m/nofp/libc_nano.a(libc_a-signal.o)
 .debug_loclists
                0x00004539      0x1d0 /usr/lib/gcc/arm-none-eabi/13.2.1/../../../arm-none-eabi/lib/thumb/v7-m/nofp/libc_nano.a(libc_a-findfp.o)
 .debug_loclists
                0x00004709      0x2f2 /usr/lib/gcc/arm-none-eabi/13.2.1/../../../arm-none-eabi/lib/thumb/v7-m/nofp/libc_nano.a(libc_a-fflush.o)
 .debug_loclists
                0x000049fb      0x273 /usr/lib/gcc/arm-none-eabi/13.2.1/../../../arm-none-eabi/lib/thumb/v7-m/nofp/libc_nano.a(libc_a-mallocr.o)
 .debug_loclists
                0x00004c6e      0x164 /usr/lib/gcc/arm-none-eabi/13.2.1/../../../arm-none-eabi/lib/thumb/v7-m/nofp/libc_nano.a(libc_a-freer.o)
 .debug_loclists
                0x00004dd2      0x21b /usr/lib/gcc/arm-none-eabi/13.2.1/../../../arm-none-eabi/lib/thumb/v7-m/nofp/libc_nano.a(libc_a-memmove.o)
 .debug_loclists
                0x00004fed       0x79 /usr/lib/gcc/arm-none-eabi/13.2.1/../../../arm-none-eabi/lib/thumb/v7-m/nofp/libc_nano.a(libc_a-fwalk.o)
 .debug_loclists
                0x00005066       0x61 /usr/lib/gcc/arm-none-eabi/13.2.1/../../../arm-none-eabi/lib/thumb/v7-m/nofp/libc_nano.a(libc_a-wsetup.o)
 .debug_loclists
                0x000050c7      0x102 /usr/lib/gcc/arm-none-eabi/13.2.1/../../../arm-none-eabi/lib/thumb/v7-m/nofp/libc_nano.a(libc_a-reallocr.o)
 .debug_loclists
                0x000051c9      0x444 /usr/lib/gcc/arm-none-eabi/13.2.1/../../../arm-none-eabi/lib/thumb/v7-m/nofp/libc_nano.a(libc_a-nano-vfprintf_i.o)
 .debug_loclists
                0x0000560d      0x1b4 /usr/lib/gcc/arm-none-eabi/13.2.1/../../../arm-none-eabi/lib/thumb/v7-m/nofp/libc_nano.a(libc_a-makebuf.o)
 .debug_loclists
                0x000057c1      0x172 /usr/lib/gcc/arm-none-eabi/13.2.1/../../../arm-none-eabi/lib/thumb/v7-m/nofp/libc_nano.a(libc_a-memchr-stub.o)
 .debug_loclists
                0x00005933       0x4b /usr/lib/gcc/arm-none-eabi/13.2.1/../../../arm-none-eabi/lib/thumb/v7-m/nofp/libc_nano.a(libc_a-isattyr.o)
 .debug_loclists
                0x0000597e       0x4b /usr/lib/gcc/arm-none-eabi/13.2.1/../../../arm-none-eabi/lib/thumb/v7-m/nofp/libc_nano.a(libc_a-sbrkr.o)
 .debug_loclists
                0x000059c9      0x23b /usr/lib/gcc/arm-none-eabi/13.2.1/../../../arm-none-eabi/lib/thumb/v7-m/nofp/libc_nano.a(libc_a-stdio.o)
 .debug_loclists
                0x00005c04       0x59 /usr/lib/gcc/arm-none-eabi/13.2.1/../../../arm-none-eabi/lib/thumb/v7-m/nofp/libc_nano.a(libc_a-msizer.o)
 .debug_loclists
                0x00005c5d       0x82 /usr/lib/gcc/arm-none-eabi/13.2.1/../../../arm-none-eabi/lib/thumb/v7-m/nofp/libc_nano.a(libc_a-signalr.o)
 .debug_loclists
                0x00005cdf       0x4b /usr/lib/gcc/arm-none-eabi/13.2.1/../../../arm-none-eabi/lib/thumb/v7-m/nofp/libc_nano.a(libc_a-closer.o)
 .debug_loclists
                0x00005d2a       0x97 /usr/lib/gcc/arm-none-eabi/13.2.1/../../../arm-none-eabi/lib/thumb/v7-m/nofp/libc_nano.a(libc_a-readr.o)
 .debug_loclists
                0x00005dc1       0x80 /usr/lib/gcc/arm-none-eabi/13.2.1/../../../arm-none-eabi/lib/thumb/v7-m/nofp/libc_nano.a(libc_a-reent.o)
 .debug_loclists
                0x00005e41       0x6a /usr/lib/gcc/arm-none-eabi/13.2.1/../../../arm-none-eabi/lib/thumb/v7-m/nofp/libc_nano.a(libc_a-fstatr.o)
 .debug_loclists
                0x00005eab       0x97 /usr/lib/gcc/arm-none-eabi/13.2.1/../../../arm-none-eabi/lib/thumb/v7-m/nofp/libc_nano.a(libc_a-lseekr.o)
 .debug_loclists
                0x00005f42       0x97 /usr/lib/gcc/arm-none-eabi/13.2.1/../../../arm-none-eabi/lib/thumb/v7-m/nofp/libc_nano.a(libc_a-writer.o)
 .debug_loclists
                0x00005fd9       0x24 /usr/lib/gcc/arm-none-eabi/13.2.1/../../../arm-none-eabi/lib/thumb/v7-m/nofp/libnosys.a(close.o)
 .debug_loclists
                0x00005ffd       0x24 /usr/lib/gcc/arm-none-eabi/13.2.1/../../../arm-none-eabi/lib/thumb/v7-m/nofp/libnosys.a(fstat.o)
 .debug_loclists
                0x00006021       0x24 /usr/lib/gcc/arm-none-eabi/13.2.1/../../../arm-none-eabi/lib/thumb/v7-m/nofp/libnosys.a(isatty.o)
 .debug_loclists
                0x00006045       0x24 /usr/lib/gcc/arm-none-eabi/13.2.1/../../../arm-none-eabi/lib/thumb/v7-m/nofp/libnosys.a(kill.o)
 .debug_loclists
                0x00006069       0x3c /usr/lib/gcc/arm-none-eabi/13.2.1/../../../arm-none-eabi/lib/thumb/v7-m/nofp/libnosys.a(lseek.o)
 .debug_loclists
                0x000060a5       0x3c /usr/lib/gcc/arm-none-eabi/13.2.1/../../../arm-none-eabi/lib/thumb/v7-m/nofp/libnosys.a(read.o)
 .debug_loclists
                0x000060e1       0x30 /usr/lib/gcc/arm-none-eabi/13.2.1/../../../arm-none-eabi/lib/thumb/v7-m/nofp/libnosys.a(sbrk.o)
 .debug_loclists
                0x00006111       0x3c /usr/lib/gcc/arm-none-eabi/13.2.1/../../../arm-none-eabi/lib/thumb/v7-m/nofp/libnosys.a(write.o)
 .debug_loclists
                0x0000614d       0x14 /usr/lib/gcc/arm-none-eabi/13.2.1/../../../arm-none-eabi/lib/thumb/v7-m/nofp/libnosys.a(_exit.o)

.debug_aranges  0x00000000      0xa88
 .debug_aranges
                0x00000000      0x1f0 ./Output/tasks.o
 .debug_aranges
                0x000001f0       0x40 ./Output/list.o
 .debug_aranges
                0x00000230      0x140 ./Output/queue.o
 .debug_aranges
                0x00000370       0x58 ./Output/heap_4.o
 .debug_aranges
                0x000003c8       0x78 ./Output/port.o
 .debug_aranges
                0x00000440       0x48 ./Output/main.o
 .debug_aranges
                0x00000488       0x30 ./Output/uart.o
 .debug_aranges
                0x000004b8       0x38 ./Output/startup.o
 .debug_aranges
                0x000004f0       0x20 /usr/lib/gcc/arm-none-eabi/13.2.1/../../../arm-none-eabi/lib/thumb/v7-m/nofp/libc_nano.a(libc_a-rand.o)
 .debug_aranges
                0x00000510       0x20 /usr/lib/gcc/arm-none-eabi/13.2.1/../../../arm-none-eabi/lib/thumb/v7-m/nofp/libc_nano.a(libc_a-assert.o)
 .debug_aranges
                0x00000530       0x18 /usr/lib/gcc/arm-none-eabi/13.2.1/../../../arm-none-eabi/lib/thumb/v7-m/nofp/libc_nano.a(libc_a-impure.o)
 .debug_aranges
                0x00000548       0x20 /usr/lib/gcc/arm-none-eabi/13.2.1/../../../arm-none-eabi/lib/thumb/v7-m/nofp/libc_nano.a(libc_a-abort.o)
 .debug_aranges
                0x00000568       0x20 /usr/lib/gcc/arm-none-eabi/13.2.1/../../../arm-none-eabi/lib/thumb/v7-m/nofp/libc_nano.a(libc_a-memset.o)
 .debug_aranges
                0x00000588       0x20 /usr/lib/gcc/arm-none-eabi/13.2.1/../../../arm-none-eabi/lib/thumb/v7-m/nofp/libc_nano.a(libc_a-memcpy.o)
 .debug_aranges
                0x000005a8       0x20 /usr/lib/gcc/arm-none-eabi/13.2.1/../../../arm-none-eabi/lib/thumb/v7-m/nofp/libc_nano.a(libc_a-malloc.o)
 .debug_aranges
                0x000005c8       0x20 /usr/lib/gcc/arm-none-eabi/13.2.1/../../../arm-none-eabi/lib/thumb/v7-m/nofp/libc_nano.a(libc_a-fprintf.o)
 .debug_aranges
                0x000005e8       0x20 /usr/lib/gcc/arm-none-eabi/13.2.1/../../../arm-none-eabi/lib/thumb/v7-m/nofp/libc_nano.a(libc_a-nano-vfprintf.o)
 .debug_aranges
                0x00000608       0x20 /usr/lib/gcc/arm-none-eabi/13.2.1/../../../arm-none-eabi/lib/thumb/v7-m/nofp/libc_nano.a(libc_a-wbuf.o)
 .debug_aranges
                0x00000628       0x20 /usr/lib/gcc/arm-none-eabi/13.2.1/../../../arm-none-eabi/lib/thumb/v7-m/nofp/libc_nano.a(libc_a-fvwrite.o)
 .debug_aranges
                0x00000648       0x20 /usr/lib/gcc/arm-none-eabi/13.2.1/../../../arm-none-eabi/lib/thumb/v7-m/nofp/libc_nano.a(libc_a-signal.o)
 .debug_aranges
                0x00000668       0x20 /usr/lib/gcc/arm-none-eabi/13.2.1/../../../arm-none-eabi/lib/thumb/v7-m/nofp/libc_nano.a(libc_a-findfp.o)
 .debug_aranges
                0x00000688       0x20 /usr/lib/gcc/arm-none-eabi/13.2.1/../../../arm-none-eabi/lib/thumb/v7-m/nofp/libc_nano.a(libc_a-fflush.o)
 .debug_aranges
                0x000006a8       0x20 /usr/lib/gcc/arm-none-eabi/13.2.1/../../../arm-none-eabi/lib/thumb/v7-m/nofp/libc_nano.a(libc_a-mallocr.o)
 .debug_aranges
                0x000006c8       0x20 /usr/lib/gcc/arm-none-eabi/13.2.1/../../../arm-none-eabi/lib/thumb/v7-m/nofp/libc_nano.a(libc_a-freer.o)
 .debug_aranges
                0x000006e8       0x20 /usr/lib/gcc/arm-none-eabi/13.2.1/../../../arm-none-eabi/lib/thumb/v7-m/nofp/libc_nano.a(libc_a-memmove.o)
 .debug_aranges
                0x00000708       0x20 /usr/lib/gcc/arm-none-eabi/13.2.1/../../../arm-none-eabi/lib/thumb/v7-m/nofp/libc_nano.a(libc_a-fwalk.o)
 .debug_aranges
                0x00000728       0x20 /usr/lib/gcc/arm-none-eabi/13.2.1/../../../arm-none-eabi/lib/thumb/v7-m/nofp/libc_nano.a(libc_a-wsetup.o)
 .debug_aranges
                0x00000748       0x20 /usr/lib/gcc/arm-none-eabi/13.2.1/../../../arm-none-eabi/lib/thumb/v7-m/nofp/libc_nano.a(libc_a-reallocr.o)
 .debug_aranges
                0x00000768       0x20 /usr/lib/gcc/arm-none-eabi/13.2.1/../../../arm-none-eabi/lib/thumb/v7-m/nofp/libc_nano.a(libc_a-nano-vfprintf_i.o)
 .debug_aranges
                0x00000788       0x20 /usr/lib/gcc/arm-none-eabi/13.2.1/../../../arm-none-eabi/lib/thumb/v7-m/nofp/libc_nano.a(libc_a-mlock.o)
 .debug_aranges
                0x000007a8       0x20 /usr/lib/gcc/arm-none-eabi/13.2.1/../../../arm-none-eabi/lib/thumb/v7-m/nofp/libc_nano.a(libc_a-makebuf.o)
 .debug_aranges
                0x000007c8       0x20 /usr/lib/gcc/arm-none-eabi/13.2.1/../../../arm-none-eabi/lib/thumb/v7-m/nofp/libc_nano.a(libc_a-memchr-stub.o)
 .debug_aranges
                0x000007e8       0x20 /usr/lib/gcc/arm-none-eabi/13.2.1/../../../arm-none-eabi/lib/thumb/v7-m/nofp/libc_nano.a(libc_a-isattyr.o)
 .debug_aranges
                0x00000808       0x20 /usr/lib/gcc/arm-none-eabi/13.2.1/../../../arm-none-eabi/lib/thumb/v7-m/nofp/libc_nano.a(libc_a-sbrkr.o)
 .debug_aranges
                0x00000828       0x20 /usr/lib/gcc/arm-none-eabi/13.2.1/../../../arm-none-eabi/lib/thumb/v7-m/nofp/libc_nano.a(libc_a-stdio.o)
 .debug_aranges
                0x00000848       0x20 /usr/lib/gcc/arm-none-eabi/13.2.1/../../../arm-none-eabi/lib/thumb/v7-m/nofp/libc_nano.a(libc_a-msizer.o)
 .debug_aranges
                0x00000868       0x20 /usr/lib/gcc/arm-none-eabi/13.2.1/../../../arm-none-eabi/lib/thumb/v7-m/nofp/libc_nano.a(libc_a-signalr.o)
 .debug_aranges
                0x00000888       0x20 /usr/lib/gcc/arm-none-eabi/13.2.1/../../../arm-none-eabi/lib/thumb/v7-m/nofp/libc_nano.a(libc_a-closer.o)
 .debug_aranges
                0x000008a8       0x20 /usr/lib/gcc/arm-none-eabi/13.2.1/../../../arm-none-eabi/lib/thumb/v7-m/nofp/libc_nano.a(libc_a-readr.o)
 .debug_aranges
                0x000008c8       0x20 /usr/lib/gcc/arm-none-eabi/13.2.1/../../../arm-none-eabi/lib/thumb/v7-m/nofp/libc_nano.a(libc_a-reent.o)
 .debug_aranges
                0x000008e8       0x20 /usr/lib/gcc/arm-none-eabi/13.2.1/../../../arm-none-eabi/lib/thumb/v7-m/nofp/libc_nano.a(libc_a-fstatr.o)
 .debug_aranges
                0x00000908       0x20 /usr/lib/gcc/arm-none-eabi/13.2.1/../../../arm-none-eabi/lib/thumb/v7-m/nofp/libc_nano.a(libc_a-lseekr.o)
 .debug_aranges
                0x00000928       0x20 /usr/lib/gcc/arm-none-eabi/13.2.1/../../../arm-none-eabi/lib/thumb/v7-m/nofp/libc_nano.a(libc_a-writer.o)
 .debug_aranges
                0x00000948       0x20 /usr/lib/gcc/arm-none-eabi/13.2.1/../../../arm-none-eabi/lib/thumb/v7-m/nofp/libnosys.a(close.o)
 .debug_aranges
                0x00000968       0x20 /usr/lib/gcc/arm-none-eabi/13.2.1/../../../arm-none-eabi/lib/thumb/v7-m/nofp/libnosys.a(fstat.o)
 .debug_aranges
                0x00000988       0x20 /usr/lib/gcc/arm-none-eabi/13.2.1/../../../arm-none-eabi/lib/thumb/v7-m/nofp/libnosys.a(getpid.o)
 .debug_aranges
                0x000009a8       0x20 /usr/lib/gcc/arm-none-eabi/13.2.1/../../../arm-none-eabi/lib/thumb/v7-m/nofp/libnosys.a(isatty.o)
 .debug_aranges
                0x000009c8       0x20 /usr/lib/gcc/arm-none-eabi/13.2.1/../../../arm-none-eabi/lib/thumb/v7-m/nofp/libnosys.a(kill.o)
 .debug_aranges
                0x000009e8       0x20 /usr/lib/gcc/arm-none-eabi/13.2.1/../../../arm-none-eabi/lib/thumb/v7-m/nofp/libnosys.a(lseek.o)
 .debug_aranges
                0x00000a08       0x20 /usr/lib/gcc/arm-none-eabi/13.2.1/../../../arm-none-eabi/lib/thumb/v7-m/nofp/libnosys.a(read.o)
 .debug_aranges
                0x00000a28       0x20 /usr/lib/gcc/arm-none-eabi/13.2.1/../../../arm-none-eabi/lib/thumb/v7-m/nofp/libnosys.a(sbrk.o)
 .debug_aranges
                0x00000a48       0x20 /usr/lib/gcc/arm-none-eabi/13.2.1/../../../arm-none-eabi/lib/thumb/v7-m/nofp/libnosys.a(write.o)
 .debug_aranges
                0x00000a68       0x20 /usr/lib/gcc/arm-none-eabi/13.2.1/../../../arm-none-eabi/lib/thumb/v7-m/nofp/libnosys.a(_exit.o)

.debug_rnglists
                0x00000000      0x8d0
 .debug_rnglists
                0x00000000      0x303 ./Output/tasks.o
 .debug_rnglists
                0x00000303       0x2b ./Output/list.o
 .debug_rnglists
                0x0000032e      0x1c4 ./Output/queue.o
 .debug_rnglists
                0x000004f2       0x4c ./Output/heap_4.o
 .debug_rnglists
                0x0000053e       0x6e ./Output/port.o
 .debug_rnglists
                0x000005ac       0x3e ./Output/main.o
 .debug_rnglists
                0x000005ea       0x1f ./Output/uart.o
 .debug_rnglists
                0x00000609       0x25 ./Output/startup.o
 .debug_rnglists
                0x0000062e       0x33 /usr/lib/gcc/arm-none-eabi/13.2.1/../../../arm-none-eabi/lib/thumb/v7-m/nofp/libc_nano.a(libc_a-rand.o)
 .debug_rnglists
                0x00000661       0x1a /usr/lib/gcc/arm-none-eabi/13.2.1/../../../arm-none-eabi/lib/thumb/v7-m/nofp/libc_nano.a(libc_a-nano-vfprintf.o)
 .debug_rnglists
                0x0000067b       0x1b /usr/lib/gcc/arm-none-eabi/13.2.1/../../../arm-none-eabi/lib/thumb/v7-m/nofp/libc_nano.a(libc_a-wbuf.o)
 .debug_rnglists
                0x00000696       0x30 /usr/lib/gcc/arm-none-eabi/13.2.1/../../../arm-none-eabi/lib/thumb/v7-m/nofp/libc_nano.a(libc_a-fvwrite.o)
 .debug_rnglists
                0x000006c6       0x65 /usr/lib/gcc/arm-none-eabi/13.2.1/../../../arm-none-eabi/lib/thumb/v7-m/nofp/libc_nano.a(libc_a-signal.o)
 .debug_rnglists
                0x0000072b       0x7a /usr/lib/gcc/arm-none-eabi/13.2.1/../../../arm-none-eabi/lib/thumb/v7-m/nofp/libc_nano.a(libc_a-findfp.o)
 .debug_rnglists
                0x000007a5       0x58 /usr/lib/gcc/arm-none-eabi/13.2.1/../../../arm-none-eabi/lib/thumb/v7-m/nofp/libc_nano.a(libc_a-fflush.o)
 .debug_rnglists
                0x000007fd       0x1f /usr/lib/gcc/arm-none-eabi/13.2.1/../../../arm-none-eabi/lib/thumb/v7-m/nofp/libc_nano.a(libc_a-mallocr.o)
 .debug_rnglists
                0x0000081c       0x13 /usr/lib/gcc/arm-none-eabi/13.2.1/../../../arm-none-eabi/lib/thumb/v7-m/nofp/libc_nano.a(libc_a-freer.o)
 .debug_rnglists
                0x0000082f       0x1e /usr/lib/gcc/arm-none-eabi/13.2.1/../../../arm-none-eabi/lib/thumb/v7-m/nofp/libc_nano.a(libc_a-wsetup.o)
 .debug_rnglists
                0x0000084d       0x66 /usr/lib/gcc/arm-none-eabi/13.2.1/../../../arm-none-eabi/lib/thumb/v7-m/nofp/libc_nano.a(libc_a-nano-vfprintf_i.o)
 .debug_rnglists
                0x000008b3       0x1d /usr/lib/gcc/arm-none-eabi/13.2.1/../../../arm-none-eabi/lib/thumb/v7-m/nofp/libc_nano.a(libc_a-makebuf.o)

.debug_macro    0x00000000     0x4157
 .debug_macro   0x00000000      0x289 ./Output/tasks.o
 .debug_macro   0x00000289      0xac0 ./Output/tasks.o
 .debug_macro   0x00000d49       0x24 ./Output/tasks.o
 .debug_macro   0x00000d6d       0x22 ./Output/tasks.o
 .debug_macro   0x00000d8f       0x60 ./Output/tasks.o
 .debug_macro   0x00000def       0x94 ./Output/tasks.o
 .debug_macro   0x00000e83       0x3c ./Output/tasks.o
 .debug_macro   0x00000ebf       0x34 ./Output/tasks.o
 .debug_macro   0x00000ef3       0x16 ./Output/tasks.o
 .debug_macro   0x00000f09      0x11c ./Output/tasks.o
 .debug_macro   0x00001025       0x9b ./Output/tasks.o
 .debug_macro   0x000010c0       0x57 ./Output/tasks.o
 .debug_macro   0x00001117      0x370 ./Output/tasks.o
 .debug_macro   0x00001487       0x16 ./Output/tasks.o
 .debug_macro   0x0000149d       0x4a ./Output/tasks.o
 .debug_macro   0x000014e7       0x34 ./Output/tasks.o
 .debug_macro   0x0000151b       0x10 ./Output/tasks.o
 .debug_macro   0x0000152b       0x52 ./Output/tasks.o
 .debug_macro   0x0000157d      0x1de ./Output/tasks.o
 .debug_macro   0x0000175b       0x16 ./Output/tasks.o
 .debug_macro   0x00001771       0x29 ./Output/tasks.o
 .debug_macro   0x0000179a       0x16 ./Output/tasks.o
 .debug_macro   0x000017b0       0x3c ./Output/tasks.o
 .debug_macro   0x000017ec      0x34e ./Output/tasks.o
 .debug_macro   0x00001b3a       0x16 ./Output/tasks.o
 .debug_macro   0x00001b50      0x164 ./Output/tasks.o
 .debug_macro   0x00001cb4       0x1c ./Output/tasks.o
 .debug_macro   0x00001cd0      0x182 ./Output/tasks.o
 .debug_macro   0x00001e52       0xe7 ./Output/tasks.o
 .debug_macro   0x00001f39       0x3a ./Output/tasks.o
 .debug_macro   0x00001f73       0x1f ./Output/tasks.o
 .debug_macro   0x00001f92       0x12 ./Output/tasks.o
 .debug_macro   0x00001fa4      0xfd7 ./Output/tasks.o
 .debug_macro   0x00002f7b       0xc3 ./Output/tasks.o
 .debug_macro   0x0000303e      0x14f ./Output/tasks.o
 .debug_macro   0x0000318d       0x98 ./Output/tasks.o
 .debug_macro   0x00003225       0x17 ./Output/tasks.o
 .debug_macro   0x0000323c      0x171 ./Output/list.o
 .debug_macro   0x000033ad      0x203 ./Output/queue.o
 .debug_macro   0x000035b0       0x80 ./Output/queue.o
 .debug_macro   0x00003630      0x201 ./Output/heap_4.o
 .debug_macro   0x00003831      0x162 ./Output/port.o
 .debug_macro   0x00003993      0x190 ./Output/port.o
 .debug_macro   0x00003b23      0x1c7 ./Output/main.o
 .debug_macro   0x00003cea       0x85 ./Output/main.o
 .debug_macro   0x00003d6f       0x16 ./Output/main.o
 .debug_macro   0x00003d85       0x10 ./Output/main.o
 .debug_macro   0x00003d95       0x16 ./Output/main.o
 .debug_macro   0x00003dab       0x16 ./Output/main.o
 .debug_macro   0x00003dc1      0x170 ./Output/main.o
 .debug_macro   0x00003f31       0x22 ./Output/main.o
 .debug_macro   0x00003f53       0x4c ./Output/main.o
 .debug_macro   0x00003f9f       0x22 ./Output/main.o
 .debug_macro   0x00003fc1       0x9f ./Output/uart.o
 .debug_macro   0x00004060       0x58 ./Output/uart.o
 .debug_macro   0x000040b8       0x9f ./Output/startup.o

.debug_line     0x00000000     0xc115
 .debug_line    0x00000000     0x2a1f ./Output/tasks.o
 .debug_line    0x00002a1f      0x457 ./Output/list.o
 .debug_line    0x00002e76     0x1a98 ./Output/queue.o
 .debug_line    0x0000490e      0x830 ./Output/heap_4.o
 .debug_line    0x0000513e      0x531 ./Output/port.o
 .debug_line    0x0000566f      0x458 ./Output/main.o
 .debug_line    0x00005ac7      0x29b ./Output/uart.o
 .debug_line    0x00005d62      0x217 ./Output/startup.o
 .debug_line    0x00005f79      0x287 /usr/lib/gcc/arm-none-eabi/13.2.1/../../../arm-none-eabi/lib/thumb/v7-m/nofp/libc_nano.a(libc_a-rand.o)
 .debug_line    0x00006200      0x1b0 /usr/lib/gcc/arm-none-eabi/13.2.1/../../../arm-none-eabi/lib/thumb/v7-m/nofp/libc_nano.a(libc_a-assert.o)
 .debug_line    0x000063b0       0xe7 /usr/lib/gcc/arm-none-eabi/13.2.1/../../../arm-none-eabi/lib/thumb/v7-m/nofp/libc_nano.a(libc_a-impure.o)
 .debug_line    0x00006497      0x115 /usr/lib/gcc/arm-none-eabi/13.2.1/../../../arm-none-eabi/lib/thumb/v7-m/nofp/libc_nano.a(libc_a-abort.o)
 .debug_line    0x000065ac      0x1b1 /usr/lib/gcc/arm-none-eabi/13.2.1/../../../arm-none-eabi/lib/thumb/v7-m/nofp/libc_nano.a(libc_a-memset.o)
 .debug_line    0x0000675d       0xbd /usr/lib/gcc/arm-none-eabi/13.2.1/../../../arm-none-eabi/lib/thumb/v7-m/nofp/libc_nano.a(libc_a-memcpy.o)
 .debug_line    0x0000681a      0x16b /usr/lib/gcc/arm-none-eabi/13.2.1/../../../arm-none-eabi/lib/thumb/v7-m/nofp/libc_nano.a(libc_a-malloc.o)
 .debug_line    0x00006985      0x1ac /usr/lib/gcc/arm-none-eabi/13.2.1/../../../arm-none-eabi/lib/thumb/v7-m/nofp/libc_nano.a(libc_a-fprintf.o)
 .debug_line    0x00006b31      0x6b7 /usr/lib/gcc/arm-none-eabi/13.2.1/../../../arm-none-eabi/lib/thumb/v7-m/nofp/libc_nano.a(libc_a-nano-vfprintf.o)
 .debug_line    0x000071e8      0x253 /usr/lib/gcc/arm-none-eabi/13.2.1/../../../arm-none-eabi/lib/thumb/v7-m/nofp/libc_nano.a(libc_a-wbuf.o)
 .debug_line    0x0000743b      0x5f5 /usr/lib/gcc/arm-none-eabi/13.2.1/../../../arm-none-eabi/lib/thumb/v7-m/nofp/libc_nano.a(libc_a-fvwrite.o)
 .debug_line    0x00007a30      0x67e /usr/lib/gcc/arm-none-eabi/13.2.1/../../../arm-none-eabi/lib/thumb/v7-m/nofp/libc_nano.a(libc_a-signal.o)
 .debug_line    0x000080ae      0x51f /usr/lib/gcc/arm-none-eabi/13.2.1/../../../arm-none-eabi/lib/thumb/v7-m/nofp/libc_nano.a(libc_a-findfp.o)
 .debug_line    0x000085cd      0x456 /usr/lib/gcc/arm-none-eabi/13.2.1/../../../arm-none-eabi/lib/thumb/v7-m/nofp/libc_nano.a(libc_a-fflush.o)
 .debug_line    0x00008a23      0x45c /usr/lib/gcc/arm-none-eabi/13.2.1/../../../arm-none-eabi/lib/thumb/v7-m/nofp/libc_nano.a(libc_a-mallocr.o)
 .debug_line    0x00008e7f      0x2c8 /usr/lib/gcc/arm-none-eabi/13.2.1/../../../arm-none-eabi/lib/thumb/v7-m/nofp/libc_nano.a(libc_a-freer.o)
 .debug_line    0x00009147      0x20d /usr/lib/gcc/arm-none-eabi/13.2.1/../../../arm-none-eabi/lib/thumb/v7-m/nofp/libc_nano.a(libc_a-memmove.o)
 .debug_line    0x00009354      0x1c9 /usr/lib/gcc/arm-none-eabi/13.2.1/../../../arm-none-eabi/lib/thumb/v7-m/nofp/libc_nano.a(libc_a-fwalk.o)
 .debug_line    0x0000951d      0x2bd /usr/lib/gcc/arm-none-eabi/13.2.1/../../../arm-none-eabi/lib/thumb/v7-m/nofp/libc_nano.a(libc_a-wsetup.o)
 .debug_line    0x000097da      0x1fa /usr/lib/gcc/arm-none-eabi/13.2.1/../../../arm-none-eabi/lib/thumb/v7-m/nofp/libc_nano.a(libc_a-reallocr.o)
 .debug_line    0x000099d4      0x770 /usr/lib/gcc/arm-none-eabi/13.2.1/../../../arm-none-eabi/lib/thumb/v7-m/nofp/libc_nano.a(libc_a-nano-vfprintf_i.o)
 .debug_line    0x0000a144      0x153 /usr/lib/gcc/arm-none-eabi/13.2.1/../../../arm-none-eabi/lib/thumb/v7-m/nofp/libc_nano.a(libc_a-mlock.o)
 .debug_line    0x0000a297      0x3b0 /usr/lib/gcc/arm-none-eabi/13.2.1/../../../arm-none-eabi/lib/thumb/v7-m/nofp/libc_nano.a(libc_a-makebuf.o)
 .debug_line    0x0000a647      0x200 /usr/lib/gcc/arm-none-eabi/13.2.1/../../../arm-none-eabi/lib/thumb/v7-m/nofp/libc_nano.a(libc_a-memchr-stub.o)
 .debug_line    0x0000a847      0x197 /usr/lib/gcc/arm-none-eabi/13.2.1/../../../arm-none-eabi/lib/thumb/v7-m/nofp/libc_nano.a(libc_a-isattyr.o)
 .debug_line    0x0000a9de      0x196 /usr/lib/gcc/arm-none-eabi/13.2.1/../../../arm-none-eabi/lib/thumb/v7-m/nofp/libc_nano.a(libc_a-sbrkr.o)
 .debug_line    0x0000ab74      0x22b /usr/lib/gcc/arm-none-eabi/13.2.1/../../../arm-none-eabi/lib/thumb/v7-m/nofp/libc_nano.a(libc_a-stdio.o)
 .debug_line    0x0000ad9f      0x176 /usr/lib/gcc/arm-none-eabi/13.2.1/../../../arm-none-eabi/lib/thumb/v7-m/nofp/libc_nano.a(libc_a-msizer.o)
 .debug_line    0x0000af15      0x1be /usr/lib/gcc/arm-none-eabi/13.2.1/../../../arm-none-eabi/lib/thumb/v7-m/nofp/libc_nano.a(libc_a-signalr.o)
 .debug_line    0x0000b0d3      0x196 /usr/lib/gcc/arm-none-eabi/13.2.1/../../../arm-none-eabi/lib/thumb/v7-m/nofp/libc_nano.a(libc_a-closer.o)
 .debug_line    0x0000b269      0x19c /usr/lib/gcc/arm-none-eabi/13.2.1/../../../arm-none-eabi/lib/thumb/v7-m/nofp/libc_nano.a(libc_a-readr.o)
 .debug_line    0x0000b405      0x27b /usr/lib/gcc/arm-none-eabi/13.2.1/../../../arm-none-eabi/lib/thumb/v7-m/nofp/libc_nano.a(libc_a-reent.o)
 .debug_line    0x0000b680      0x215 /usr/lib/gcc/arm-none-eabi/13.2.1/../../../arm-none-eabi/lib/thumb/v7-m/nofp/libc_nano.a(libc_a-fstatr.o)
 .debug_line    0x0000b895      0x19d /usr/lib/gcc/arm-none-eabi/13.2.1/../../../arm-none-eabi/lib/thumb/v7-m/nofp/libc_nano.a(libc_a-lseekr.o)
 .debug_line    0x0000ba32      0x19d /usr/lib/gcc/arm-none-eabi/13.2.1/../../../arm-none-eabi/lib/thumb/v7-m/nofp/libc_nano.a(libc_a-writer.o)
 .debug_line    0x0000bbcf       0x72 /usr/lib/gcc/arm-none-eabi/13.2.1/../../../arm-none-eabi/lib/thumb/v7-m/nofp/libnosys.a(close.o)
 .debug_line    0x0000bc41      0x14e /usr/lib/gcc/arm-none-eabi/13.2.1/../../../arm-none-eabi/lib/thumb/v7-m/nofp/libnosys.a(fstat.o)
 .debug_line    0x0000bd8f       0x73 /usr/lib/gcc/arm-none-eabi/13.2.1/../../../arm-none-eabi/lib/thumb/v7-m/nofp/libnosys.a(getpid.o)
 .debug_line    0x0000be02       0x73 /usr/lib/gcc/arm-none-eabi/13.2.1/../../../arm-none-eabi/lib/thumb/v7-m/nofp/libnosys.a(isatty.o)
 .debug_line    0x0000be75       0x71 /usr/lib/gcc/arm-none-eabi/13.2.1/../../../arm-none-eabi/lib/thumb/v7-m/nofp/libnosys.a(kill.o)
 .debug_line    0x0000bee6       0x73 /usr/lib/gcc/arm-none-eabi/13.2.1/../../../arm-none-eabi/lib/thumb/v7-m/nofp/libnosys.a(lseek.o)
 .debug_line    0x0000bf59       0x72 /usr/lib/gcc/arm-none-eabi/13.2.1/../../../arm-none-eabi/lib/thumb/v7-m/nofp/libnosys.a(read.o)
 .debug_line    0x0000bfcb       0x76 /usr/lib/gcc/arm-none-eabi/13.2.1/../../../arm-none-eabi/lib/thumb/v7-m/nofp/libnosys.a(sbrk.o)
 .debug_line    0x0000c041       0x73 /usr/lib/gcc/arm-none-eabi/13.2.1/../../../arm-none-eabi/lib/thumb/v7-m/nofp/libnosys.a(write.o)
 .debug_line    0x0000c0b4       0x61 /usr/lib/gcc/arm-none-eabi/13.2.1/../../../arm-none-eabi/lib/thumb/v7-m/nofp/libnosys.a(_exit.o)

.debug_str      0x00000000    0x17e3e
 .debug_str     0x00000000    0x17e3e ./Output/tasks.o
                              0x13619 (size before relaxing)
 .debug_str     0x00017e3e     0xfee4 ./Output/list.o
 .debug_str     0x00017e3e    0x12861 ./Output/queue.o
 .debug_str     0x00017e3e    0x119d7 ./Output/heap_4.o
 .debug_str     0x00017e3e     0xed08 ./Output/port.o
 .debug_str     0x00017e3e    0x12af1 ./Output/main.o
 .debug_str     0x00017e3e     0xc70a ./Output/uart.o
 .debug_str     0x00017e3e     0xc757 ./Output/startup.o
 .debug_str     0x00017e3e      0x4d8 /usr/lib/gcc/arm-none-eabi/13.2.1/../../../arm-none-eabi/lib/thumb/v7-m/nofp/libc_nano.a(libc_a-rand.o)
 .debug_str     0x00017e3e      0x4ed /usr/lib/gcc/arm-none-eabi/13.2.1/../../../arm-none-eabi/lib/thumb/v7-m/nofp/libc_nano.a(libc_a-assert.o)
 .debug_str     0x00017e3e      0x4b4 /usr/lib/gcc/arm-none-eabi/13.2.1/../../../arm-none-eabi/lib/thumb/v7-m/nofp/libc_nano.a(libc_a-impure.o)
 .debug_str     0x00017e3e      0x194 /usr/lib/gcc/arm-none-eabi/13.2.1/../../../arm-none-eabi/lib/thumb/v7-m/nofp/libc_nano.a(libc_a-abort.o)
 .debug_str     0x00017e3e      0x1a5 /usr/lib/gcc/arm-none-eabi/13.2.1/../../../arm-none-eabi/lib/thumb/v7-m/nofp/libc_nano.a(libc_a-memset.o)
 .debug_str     0x00017e3e       0xa8 /usr/lib/gcc/arm-none-eabi/13.2.1/../../../arm-none-eabi/lib/thumb/v7-m/nofp/libc_nano.a(libc_a-memcpy.o)
 .debug_str     0x00017e3e      0x4d9 /usr/lib/gcc/arm-none-eabi/13.2.1/../../../arm-none-eabi/lib/thumb/v7-m/nofp/libc_nano.a(libc_a-malloc.o)
 .debug_str     0x00017e3e      0x4f2 /usr/lib/gcc/arm-none-eabi/13.2.1/../../../arm-none-eabi/lib/thumb/v7-m/nofp/libc_nano.a(libc_a-fprintf.o)
 .debug_str     0x00017e3e      0x821 /usr/lib/gcc/arm-none-eabi/13.2.1/../../../arm-none-eabi/lib/thumb/v7-m/nofp/libc_nano.a(libc_a-nano-vfprintf.o)
 .debug_str     0x00017e3e      0x4ea /usr/lib/gcc/arm-none-eabi/13.2.1/../../../arm-none-eabi/lib/thumb/v7-m/nofp/libc_nano.a(libc_a-wbuf.o)
 .debug_str     0x00017e3e      0x558 /usr/lib/gcc/arm-none-eabi/13.2.1/../../../arm-none-eabi/lib/thumb/v7-m/nofp/libc_nano.a(libc_a-fvwrite.o)
 .debug_str     0x00017e3e      0x53b /usr/lib/gcc/arm-none-eabi/13.2.1/../../../arm-none-eabi/lib/thumb/v7-m/nofp/libc_nano.a(libc_a-signal.o)
 .debug_str     0x00017e3e      0x6b7 /usr/lib/gcc/arm-none-eabi/13.2.1/../../../arm-none-eabi/lib/thumb/v7-m/nofp/libc_nano.a(libc_a-findfp.o)
 .debug_str     0x00017e3e      0x53b /usr/lib/gcc/arm-none-eabi/13.2.1/../../../arm-none-eabi/lib/thumb/v7-m/nofp/libc_nano.a(libc_a-fflush.o)
 .debug_str     0x00017e3e      0x595 /usr/lib/gcc/arm-none-eabi/13.2.1/../../../arm-none-eabi/lib/thumb/v7-m/nofp/libc_nano.a(libc_a-mallocr.o)
 .debug_str     0x00017e3e      0x534 /usr/lib/gcc/arm-none-eabi/13.2.1/../../../arm-none-eabi/lib/thumb/v7-m/nofp/libc_nano.a(libc_a-freer.o)
 .debug_str     0x00017e3e      0x1c4 /usr/lib/gcc/arm-none-eabi/13.2.1/../../../arm-none-eabi/lib/thumb/v7-m/nofp/libc_nano.a(libc_a-memmove.o)
 .debug_str     0x00017e3e      0x4c4 /usr/lib/gcc/arm-none-eabi/13.2.1/../../../arm-none-eabi/lib/thumb/v7-m/nofp/libc_nano.a(libc_a-fwalk.o)
 .debug_str     0x00017e3e      0x4e5 /usr/lib/gcc/arm-none-eabi/13.2.1/../../../arm-none-eabi/lib/thumb/v7-m/nofp/libc_nano.a(libc_a-wsetup.o)
 .debug_str     0x00017e3e      0x52a /usr/lib/gcc/arm-none-eabi/13.2.1/../../../arm-none-eabi/lib/thumb/v7-m/nofp/libc_nano.a(libc_a-reallocr.o)
 .debug_str     0x00017e3e      0x793 /usr/lib/gcc/arm-none-eabi/13.2.1/../../../arm-none-eabi/lib/thumb/v7-m/nofp/libc_nano.a(libc_a-nano-vfprintf_i.o)
 .debug_str     0x00017e3e      0x4d2 /usr/lib/gcc/arm-none-eabi/13.2.1/../../../arm-none-eabi/lib/thumb/v7-m/nofp/libc_nano.a(libc_a-mlock.o)
 .debug_str     0x00017e3e      0x647 /usr/lib/gcc/arm-none-eabi/13.2.1/../../../arm-none-eabi/lib/thumb/v7-m/nofp/libc_nano.a(libc_a-makebuf.o)
 .debug_str     0x00017e3e      0x1b5 /usr/lib/gcc/arm-none-eabi/13.2.1/../../../arm-none-eabi/lib/thumb/v7-m/nofp/libc_nano.a(libc_a-memchr-stub.o)
 .debug_str     0x00017e3e      0x4b4 /usr/lib/gcc/arm-none-eabi/13.2.1/../../../arm-none-eabi/lib/thumb/v7-m/nofp/libc_nano.a(libc_a-isattyr.o)
 .debug_str     0x00017e3e      0x4bd /usr/lib/gcc/arm-none-eabi/13.2.1/../../../arm-none-eabi/lib/thumb/v7-m/nofp/libc_nano.a(libc_a-sbrkr.o)
 .debug_str     0x00017e3e      0x521 /usr/lib/gcc/arm-none-eabi/13.2.1/../../../arm-none-eabi/lib/thumb/v7-m/nofp/libc_nano.a(libc_a-stdio.o)
 .debug_str     0x00017e3e      0x4fd /usr/lib/gcc/arm-none-eabi/13.2.1/../../../arm-none-eabi/lib/thumb/v7-m/nofp/libc_nano.a(libc_a-msizer.o)
 .debug_str     0x00017e3e      0x4d0 /usr/lib/gcc/arm-none-eabi/13.2.1/../../../arm-none-eabi/lib/thumb/v7-m/nofp/libc_nano.a(libc_a-signalr.o)
 .debug_str     0x00017e3e      0x4aa /usr/lib/gcc/arm-none-eabi/13.2.1/../../../arm-none-eabi/lib/thumb/v7-m/nofp/libc_nano.a(libc_a-closer.o)
 .debug_str     0x00017e3e      0x4b8 /usr/lib/gcc/arm-none-eabi/13.2.1/../../../arm-none-eabi/lib/thumb/v7-m/nofp/libc_nano.a(libc_a-readr.o)
 .debug_str     0x00017e3e      0x4d3 /usr/lib/gcc/arm-none-eabi/13.2.1/../../../arm-none-eabi/lib/thumb/v7-m/nofp/libc_nano.a(libc_a-reent.o)
 .debug_str     0x00017e3e      0x5fc /usr/lib/gcc/arm-none-eabi/13.2.1/../../../arm-none-eabi/lib/thumb/v7-m/nofp/libc_nano.a(libc_a-fstatr.o)
 .debug_str     0x00017e3e      0x4b8 /usr/lib/gcc/arm-none-eabi/13.2.1/../../../arm-none-eabi/lib/thumb/v7-m/nofp/libc_nano.a(libc_a-lseekr.o)
 .debug_str     0x00017e3e      0x4ba /usr/lib/gcc/arm-none-eabi/13.2.1/../../../arm-none-eabi/lib/thumb/v7-m/nofp/libc_nano.a(libc_a-writer.o)
 .debug_str     0x00017e3e      0x190 /usr/lib/gcc/arm-none-eabi/13.2.1/../../../arm-none-eabi/lib/thumb/v7-m/nofp/libnosys.a(close.o)
 .debug_str     0x00017e3e      0x2dc /usr/lib/gcc/arm-none-eabi/13.2.1/../../../arm-none-eabi/lib/thumb/v7-m/nofp/libnosys.a(fstat.o)
 .debug_str     0x00017e3e      0x18c /usr/lib/gcc/arm-none-eabi/13.2.1/../../../arm-none-eabi/lib/thumb/v7-m/nofp/libnosys.a(getpid.o)
 .debug_str     0x00017e3e      0x191 /usr/lib/gcc/arm-none-eabi/13.2.1/../../../arm-none-eabi/lib/thumb/v7-m/nofp/libnosys.a(isatty.o)
 .debug_str     0x00017e3e      0x186 /usr/lib/gcc/arm-none-eabi/13.2.1/../../../arm-none-eabi/lib/thumb/v7-m/nofp/libnosys.a(kill.o)
 .debug_str     0x00017e3e      0x18e /usr/lib/gcc/arm-none-eabi/13.2.1/../../../arm-none-eabi/lib/thumb/v7-m/nofp/libnosys.a(lseek.o)
 .debug_str     0x00017e3e      0x18b /usr/lib/gcc/arm-none-eabi/13.2.1/../../../arm-none-eabi/lib/thumb/v7-m/nofp/libnosys.a(read.o)
 .debug_str     0x00017e3e      0x115 /usr/lib/gcc/arm-none-eabi/13.2.1/../../../arm-none-eabi/lib/thumb/v7-m/nofp/libnosys.a(sbrk.o)
 .debug_str     0x00017e3e      0x18e /usr/lib/gcc/arm-none-eabi/13.2.1/../../../arm-none-eabi/lib/thumb/v7-m/nofp/libnosys.a(write.o)
 .debug_str     0x00017e3e      0x161 /usr/lib/gcc/arm-none-eabi/13.2.1/../../../arm-none-eabi/lib/thumb/v7-m/nofp/libnosys.a(_exit.o)

.comment        0x00000000       0x26
 .comment       0x00000000       0x26 ./Output/tasks.o
                                 0x27 (size before relaxing)
 .comment       0x00000026       0x27 ./Output/list.o
 .comment       0x00000026       0x27 ./Output/queue.o
 .comment       0x00000026       0x27 ./Output/heap_4.o
 .comment       0x00000026       0x27 ./Output/port.o
 .comment       0x00000026       0x27 ./Output/main.o
 .comment       0x00000026       0x27 ./Output/uart.o
 .comment       0x00000026       0x27 ./Output/startup.o
 .comment       0x00000026       0x27 /usr/lib/gcc/arm-none-eabi/13.2.1/../../../arm-none-eabi/lib/thumb/v7-m/nofp/libc_nano.a(libc_a-rand.o)
 .comment       0x00000026       0x27 /usr/lib/gcc/arm-none-eabi/13.2.1/../../../arm-none-eabi/lib/thumb/v7-m/nofp/libc_nano.a(libc_a-assert.o)
 .comment       0x00000026       0x27 /usr/lib/gcc/arm-none-eabi/13.2.1/../../../arm-none-eabi/lib/thumb/v7-m/nofp/libc_nano.a(libc_a-impure.o)
 .comment       0x00000026       0x27 /usr/lib/gcc/arm-none-eabi/13.2.1/../../../arm-none-eabi/lib/thumb/v7-m/nofp/libc_nano.a(libc_a-abort.o)
 .comment       0x00000026       0x27 /usr/lib/gcc/arm-none-eabi/13.2.1/../../../arm-none-eabi/lib/thumb/v7-m/nofp/libc_nano.a(libc_a-memset.o)
 .comment       0x00000026       0x27 /usr/lib/gcc/arm-none-eabi/13.2.1/../../../arm-none-eabi/lib/thumb/v7-m/nofp/libc_nano.a(libc_a-malloc.o)
 .comment       0x00000026       0x27 /usr/lib/gcc/arm-none-eabi/13.2.1/../../../arm-none-eabi/lib/thumb/v7-m/nofp/libc_nano.a(libc_a-fprintf.o)
 .comment       0x00000026       0x27 /usr/lib/gcc/arm-none-eabi/13.2.1/../../../arm-none-eabi/lib/thumb/v7-m/nofp/libc_nano.a(libc_a-nano-vfprintf.o)
 .comment       0x00000026       0x27 /usr/lib/gcc/arm-none-eabi/13.2.1/../../../arm-none-eabi/lib/thumb/v7-m/nofp/libc_nano.a(libc_a-wbuf.o)
 .comment       0x00000026       0x27 /usr/lib/gcc/arm-none-eabi/13.2.1/../../../arm-none-eabi/lib/thumb/v7-m/nofp/libc_nano.a(libc_a-fvwrite.o)
 .comment       0x00000026       0x27 /usr/lib/gcc/arm-none-eabi/13.2.1/../../../arm-none-eabi/lib/thumb/v7-m/nofp/libc_nano.a(libc_a-signal.o)
 .comment       0x00000026       0x27 /usr/lib/gcc/arm-none-eabi/13.2.1/../../../arm-none-eabi/lib/thumb/v7-m/nofp/libc_nano.a(libc_a-findfp.o)
 .comment       0x00000026       0x27 /usr/lib/gcc/arm-none-eabi/13.2.1/../../../arm-none-eabi/lib/thumb/v7-m/nofp/libc_nano.a(libc_a-fflush.o)
 .comment       0x00000026       0x27 /usr/lib/gcc/arm-none-eabi/13.2.1/../../../arm-none-eabi/lib/thumb/v7-m/nofp/libc_nano.a(libc_a-mallocr.o)
 .comment       0x00000026       0x27 /usr/lib/gcc/arm-none-eabi/13.2.1/../../../arm-none-eabi/lib/thumb/v7-m/nofp/libc_nano.a(libc_a-freer.o)
 .comment       0x00000026       0x27 /usr/lib/gcc/arm-none-eabi/13.2.1/../../../arm-none-eabi/lib/thumb/v7-m/nofp/libc_nano.a(libc_a-memmove.o)
 .comment       0x00000026       0x27 /usr/lib/gcc/arm-none-eabi/13.2.1/../../../arm-none-eabi/lib/thumb/v7-m/nofp/libc_nano.a(libc_a-fwalk.o)
 .comment       0x00000026       0x27 /usr/lib/gcc/arm-none-eabi/13.2.1/../../../arm-none-eabi/lib/thumb/v7-m/nofp/libc_nano.a(libc_a-wsetup.o)
 .comment       0x00000026       0x27 /usr/lib/gcc/arm-none-eabi/13.2.1/../../../arm-none-eabi/lib/thumb/v7-m/nofp/libc_nano.a(libc_a-reallocr.o)
 .comment       0x00000026       0x27 /usr/lib/gcc/arm-none-eabi/13.2.1/../../../arm-none-eabi/lib/thumb/v7-m/nofp/libc_nano.a(libc_a-nano-vfprintf_i.o)
 .comment       0x00000026       0x27 /usr/lib/gcc/arm-none-eabi/13.2.1/../../../arm-none-eabi/lib/thumb/v7-m/nofp/libc_nano.a(libc_a-mlock.o)
 .comment       0x00000026       0x27 /usr/lib/gcc/arm-none-eabi/13.2.1/../../../arm-none-eabi/lib/thumb/v7-m/nofp/libc_nano.a(libc_a-makebuf.o)
 .comment       0x00000026       0x27 /usr/lib/gcc/arm-none-eabi/13.2.1/../../../arm-none-eabi/lib/thumb/v7-m/nofp/libc_nano.a(libc_a-memchr-stub.o)
 .comment       0x00000026       0x27 /usr/lib/gcc/arm-none-eabi/13.2.1/../../../arm-none-eabi/lib/thumb/v7-m/nofp/libc_nano.a(libc_a-isattyr.o)
 .comment       0x00000026       0x27 /usr/lib/gcc/arm-none-eabi/13.2.1/../../../arm-none-eabi/lib/thumb/v7-m/nofp/libc_nano.a(libc_a-sbrkr.o)
 .comment       0x00000026       0x27 /usr/lib/gcc/arm-none-eabi/13.2.1/../../../arm-none-eabi/lib/thumb/v7-m/nofp/libc_nano.a(libc_a-stdio.o)
 .comment       0x00000026       0x27 /usr/lib/gcc/arm-none-eabi/13.2.1/../../../arm-none-eabi/lib/thumb/v7-m/nofp/libc_nano.a(libc_a-msizer.o)
 .comment       0x00000026       0x27 /usr/lib/gcc/arm-none-eabi/13.2.1/../../../arm-none-eabi/lib/thumb/v7-m/nofp/libc_nano.a(libc_a-signalr.o)
 .comment       0x00000026       0x27 /usr/lib/gcc/arm-none-eabi/13.2.1/../../../arm-none-eabi/lib/thumb/v7-m/nofp/libc_nano.a(libc_a-closer.o)
 .comment       0x00000026       0x27 /usr/lib/gcc/arm-none-eabi/13.2.1/../../../arm-none-eabi/lib/thumb/v7-m/nofp/libc_nano.a(libc_a-readr.o)
 .comment       0x00000026       0x27 /usr/lib/gcc/arm-none-eabi/13.2.1/../../../arm-none-eabi/lib/thumb/v7-m/nofp/libc_nano.a(libc_a-reent.o)
 .comment       0x00000026       0x27 /usr/lib/gcc/arm-none-eabi/13.2.1/../../../arm-none-eabi/lib/thumb/v7-m/nofp/libc_nano.a(libc_a-fstatr.o)
 .comment       0x00000026       0x27 /usr/lib/gcc/arm-none-eabi/13.2.1/../../../arm-none-eabi/lib/thumb/v7-m/nofp/libc_nano.a(libc_a-lseekr.o)
 .comment       0x00000026       0x27 /usr/lib/gcc/arm-none-eabi/13.2.1/../../../arm-none-eabi/lib/thumb/v7-m/nofp/libc_nano.a(libc_a-writer.o)
 .comment       0x00000026       0x27 /usr/lib/gcc/arm-none-eabi/13.2.1/../../../arm-none-eabi/lib/thumb/v7-m/nofp/libnosys.a(close.o)
 .comment       0x00000026       0x27 /usr/lib/gcc/arm-none-eabi/13.2.1/../../../arm-none-eabi/lib/thumb/v7-m/nofp/libnosys.a(fstat.o)
 .comment       0x00000026       0x27 /usr/lib/gcc/arm-none-eabi/13.2.1/../../../arm-none-eabi/lib/thumb/v7-m/nofp/libnosys.a(getpid.o)
 .comment       0x00000026       0x27 /usr/lib/gcc/arm-none-eabi/13.2.1/../../../arm-none-eabi/lib/thumb/v7-m/nofp/libnosys.a(isatty.o)
 .comment       0x00000026       0x27 /usr/lib/gcc/arm-none-eabi/13.2.1/../../../arm-none-eabi/lib/thumb/v7-m/nofp/libnosys.a(kill.o)
 .comment       0x00000026       0x27 /usr/lib/gcc/arm-none-eabi/13.2.1/../../../arm-none-eabi/lib/thumb/v7-m/nofp/libnosys.a(lseek.o)
 .comment       0x00000026       0x27 /usr/lib/gcc/arm-none-eabi/13.2.1/../../../arm-none-eabi/lib/thumb/v7-m/nofp/libnosys.a(read.o)
 .comment       0x00000026       0x27 /usr/lib/gcc/arm-none-eabi/13.2.1/../../../arm-none-eabi/lib/thumb/v7-m/nofp/libnosys.a(sbrk.o)
 .comment       0x00000026       0x27 /usr/lib/gcc/arm-none-eabi/13.2.1/../../../arm-none-eabi/lib/thumb/v7-m/nofp/libnosys.a(write.o)
 .comment       0x00000026       0x27 /usr/lib/gcc/arm-none-eabi/13.2.1/../../../arm-none-eabi/lib/thumb/v7-m/nofp/libnosys.a(_exit.o)

.ARM.attributes
                0x00000000       0x2b
 .ARM.attributes
                0x00000000       0x2d ./Output/tasks.o
 .ARM.attributes
                0x0000002d       0x2d ./Output/list.o
 .ARM.attributes
                0x0000005a       0x2d ./Output/queue.o
 .ARM.attributes
                0x00000087       0x2d ./Output/heap_4.o
 .ARM.attributes
                0x000000b4       0x2d ./Output/port.o
 .ARM.attributes
                0x000000e1       0x2d ./Output/main.o
 .ARM.attributes
                0x0000010e       0x2d ./Output/uart.o
 .ARM.attributes
                0x0000013b       0x2d ./Output/startup.o
 .ARM.attributes
                0x00000168       0x2d /usr/lib/gcc/arm-none-eabi/13.2.1/../../../arm-none-eabi/lib/thumb/v7-m/nofp/libc_nano.a(libc_a-rand.o)
 .ARM.attributes
                0x00000195       0x2d /usr/lib/gcc/arm-none-eabi/13.2.1/../../../arm-none-eabi/lib/thumb/v7-m/nofp/libc_nano.a(libc_a-assert.o)
 .ARM.attributes
                0x000001c2       0x2d /usr/lib/gcc/arm-none-eabi/13.2.1/../../../arm-none-eabi/lib/thumb/v7-m/nofp/libc_nano.a(libc_a-impure.o)
 .ARM.attributes
                0x000001ef       0x2d /usr/lib/gcc/arm-none-eabi/13.2.1/../../../arm-none-eabi/lib/thumb/v7-m/nofp/libc_nano.a(libc_a-abort.o)
 .ARM.attributes
                0x0000021c       0x2d /usr/lib/gcc/arm-none-eabi/13.2.1/../../../arm-none-eabi/lib/thumb/v7-m/nofp/libc_nano.a(libc_a-memset.o)
 .ARM.attributes
                0x00000249       0x1b /usr/lib/gcc/arm-none-eabi/13.2.1/../../../arm-none-eabi/lib/thumb/v7-m/nofp/libc_nano.a(libc_a-memcpy.o)
 .ARM.attributes
                0x00000264       0x2d /usr/lib/gcc/arm-none-eabi/13.2.1/../../../arm-none-eabi/lib/thumb/v7-m/nofp/libc_nano.a(libc_a-malloc.o)
 .ARM.attributes
                0x00000291       0x2d /usr/lib/gcc/arm-none-eabi/13.2.1/../../../arm-none-eabi/lib/thumb/v7-m/nofp/libc_nano.a(libc_a-fprintf.o)
 .ARM.attributes
                0x000002be       0x2d /usr/lib/gcc/arm-none-eabi/13.2.1/../../../arm-none-eabi/lib/thumb/v7-m/nofp/libc_nano.a(libc_a-nano-vfprintf.o)
 .ARM.attributes
                0x000002eb       0x2d /usr/lib/gcc/arm-none-eabi/13.2.1/../../../arm-none-eabi/lib/thumb/v7-m/nofp/libc_nano.a(libc_a-wbuf.o)
 .ARM.attributes
                0x00000318       0x2d /usr/lib/gcc/arm-none-eabi/13.2.1/../../../arm-none-eabi/lib/thumb/v7-m/nofp/libc_nano.a(libc_a-fvwrite.o)
 .ARM.attributes
                0x00000345       0x2d /usr/lib/gcc/arm-none-eabi/13.2.1/../../../arm-none-eabi/lib/thumb/v7-m/nofp/libc_nano.a(libc_a-signal.o)
 .ARM.attributes
                0x00000372       0x2d /usr/lib/gcc/arm-none-eabi/13.2.1/../../../arm-none-eabi/lib/thumb/v7-m/nofp/libc_nano.a(libc_a-findfp.o)
 .ARM.attributes
                0x0000039f       0x2d /usr/lib/gcc/arm-none-eabi/13.2.1/../../../arm-none-eabi/lib/thumb/v7-m/nofp/libc_nano.a(libc_a-fflush.o)
 .ARM.attributes
                0x000003cc       0x2d /usr/lib/gcc/arm-none-eabi/13.2.1/../../../arm-none-eabi/lib/thumb/v7-m/nofp/libc_nano.a(libc_a-mallocr.o)
 .ARM.attributes
                0x000003f9       0x2d /usr/lib/gcc/arm-none-eabi/13.2.1/../../../arm-none-eabi/lib/thumb/v7-m/nofp/libc_nano.a(libc_a-freer.o)
 .ARM.attributes
                0x00000426       0x2d /usr/lib/gcc/arm-none-eabi/13.2.1/../../../arm-none-eabi/lib/thumb/v7-m/nofp/libc_nano.a(libc_a-memmove.o)
 .ARM.attributes
                0x00000453       0x2d /usr/lib/gcc/arm-none-eabi/13.2.1/../../../arm-none-eabi/lib/thumb/v7-m/nofp/libc_nano.a(libc_a-fwalk.o)
 .ARM.attributes
                0x00000480       0x2d /usr/lib/gcc/arm-none-eabi/13.2.1/../../../arm-none-eabi/lib/thumb/v7-m/nofp/libc_nano.a(libc_a-wsetup.o)
 .ARM.attributes
                0x000004ad       0x2d /usr/lib/gcc/arm-none-eabi/13.2.1/../../../arm-none-eabi/lib/thumb/v7-m/nofp/libc_nano.a(libc_a-reallocr.o)
 .ARM.attributes
                0x000004da       0x2d /usr/lib/gcc/arm-none-eabi/13.2.1/../../../arm-none-eabi/lib/thumb/v7-m/nofp/libc_nano.a(libc_a-nano-vfprintf_i.o)
 .ARM.attributes
                0x00000507       0x2d /usr/lib/gcc/arm-none-eabi/13.2.1/../../../arm-none-eabi/lib/thumb/v7-m/nofp/libc_nano.a(libc_a-mlock.o)
 .ARM.attributes
                0x00000534       0x2d /usr/lib/gcc/arm-none-eabi/13.2.1/../../../arm-none-eabi/lib/thumb/v7-m/nofp/libc_nano.a(libc_a-makebuf.o)
 .ARM.attributes
                0x00000561       0x2d /usr/lib/gcc/arm-none-eabi/13.2.1/../../../arm-none-eabi/lib/thumb/v7-m/nofp/libc_nano.a(libc_a-memchr-stub.o)
 .ARM.attributes